Archive member included to satisfy reference by file (symbol)

/usr/lib/gcc/arm-none-eabi/16.1.0/../../../../arm-none-eabi/lib/thumb/v7e-m+fp/hard/libm.a(libm_a-wf_atan2.o)
                              CMakeFiles/cube.dir/app/Src/app.c.obj (atan2f)
/usr/lib/gcc/arm-none-eabi/16.1.0/../../../../arm-none-eabi/lib/thumb/v7e-m+fp/hard/libm.a(libm_a-wf_pow.o)
                              CMakeFiles/cube.dir/app/Src/app.c.obj (powf)
/usr/lib/gcc/arm-none-eabi/16.1.0/../../../../arm-none-eabi/lib/thumb/v7e-m+fp/hard/libm.a(libm_a-wf_sqrt.o)
                              CMakeFiles/cube.dir/app/Src/app.c.obj (sqrtf)
/usr/lib/gcc/arm-none-eabi/16.1.0/../../../../arm-none-eabi/lib/thumb/v7e-m+fp/hard/libm.a(libm_a-sf_finite.o)
                              /usr/lib/gcc/arm-none-eabi/16.1.0/../../../../arm-none-eabi/lib/thumb/v7e-m+fp/hard/libm.a(libm_a-wf_pow.o) (finitef)
/usr/lib/gcc/arm-none-eabi/16.1.0/../../../../arm-none-eabi/lib/thumb/v7e-m+fp/hard/libm.a(libm_a-ef_sqrt.o)
                              /usr/lib/gcc/arm-none-eabi/16.1.0/../../../../arm-none-eabi/lib/thumb/v7e-m+fp/hard/libm.a(libm_a-wf_sqrt.o) (__ieee754_sqrtf)
/usr/lib/gcc/arm-none-eabi/16.1.0/../../../../arm-none-eabi/lib/thumb/v7e-m+fp/hard/libm.a(libm_a-sf_trunc.o)
                              CMakeFiles/cube.dir/drivers/Src/neo_m8n.c.obj (truncf)
/usr/lib/gcc/arm-none-eabi/16.1.0/../../../../arm-none-eabi/lib/thumb/v7e-m+fp/hard/libm.a(libm_a-ef_atan2.o)
                              /usr/lib/gcc/arm-none-eabi/16.1.0/../../../../arm-none-eabi/lib/thumb/v7e-m+fp/hard/libm.a(libm_a-wf_atan2.o) (__ieee754_atan2f)
/usr/lib/gcc/arm-none-eabi/16.1.0/../../../../arm-none-eabi/lib/thumb/v7e-m+fp/hard/libm.a(libm_a-ef_pow.o)
                              /usr/lib/gcc/arm-none-eabi/16.1.0/../../../../arm-none-eabi/lib/thumb/v7e-m+fp/hard/libm.a(libm_a-wf_pow.o) (__ieee754_powf)
/usr/lib/gcc/arm-none-eabi/16.1.0/../../../../arm-none-eabi/lib/thumb/v7e-m+fp/hard/libm.a(libm_a-sf_atan.o)
                              /usr/lib/gcc/arm-none-eabi/16.1.0/../../../../arm-none-eabi/lib/thumb/v7e-m+fp/hard/libm.a(libm_a-ef_atan2.o) (atanf)
/usr/lib/gcc/arm-none-eabi/16.1.0/../../../../arm-none-eabi/lib/thumb/v7e-m+fp/hard/libm.a(libm_a-sf_fabs.o)
                              /usr/lib/gcc/arm-none-eabi/16.1.0/../../../../arm-none-eabi/lib/thumb/v7e-m+fp/hard/libm.a(libm_a-ef_atan2.o) (fabsf)
/usr/lib/gcc/arm-none-eabi/16.1.0/../../../../arm-none-eabi/lib/thumb/v7e-m+fp/hard/libm.a(libm_a-sf_scalbn.o)
                              /usr/lib/gcc/arm-none-eabi/16.1.0/../../../../arm-none-eabi/lib/thumb/v7e-m+fp/hard/libm.a(libm_a-ef_pow.o) (scalbnf)
/usr/lib/gcc/arm-none-eabi/16.1.0/../../../../arm-none-eabi/lib/thumb/v7e-m+fp/hard/libm.a(libm_a-math_errf.o)
                              /usr/lib/gcc/arm-none-eabi/16.1.0/../../../../arm-none-eabi/lib/thumb/v7e-m+fp/hard/libm.a(libm_a-ef_pow.o) (__math_uflowf)
/usr/lib/gcc/arm-none-eabi/16.1.0/thumb/v7e-m+fp/hard/libgcc.a(_arm_addsubdf3.o)
                              CMakeFiles/cube.dir/app/Src/app.c.obj (__aeabi_f2d)
/usr/lib/gcc/arm-none-eabi/16.1.0/thumb/v7e-m+fp/hard/libgcc.a(_arm_addsubsf3.o)
                              CMakeFiles/cube.dir/drivers/Src/bme280.c.obj (__aeabi_l2f)
/usr/lib/gcc/arm-none-eabi/16.1.0/thumb/v7e-m+fp/hard/libgcc.a(_aeabi_ldivmod.o)
                              CMakeFiles/cube.dir/drivers/Src/bme280.c.obj (__aeabi_ldivmod)
/usr/lib/gcc/arm-none-eabi/16.1.0/thumb/v7e-m+fp/hard/libgcc.a(_aeabi_uldivmod.o)
                              cmake/stm32cubemx/CMakeFiles/STM32_Drivers.dir/__/__/Drivers/STM32F4xx_HAL_Driver/Src/stm32f4xx_hal_rcc.c.obj (__aeabi_uldivmod)
/usr/lib/gcc/arm-none-eabi/16.1.0/thumb/v7e-m+fp/hard/libgcc.a(_udivmoddi4.o)
                              /usr/lib/gcc/arm-none-eabi/16.1.0/thumb/v7e-m+fp/hard/libgcc.a(_aeabi_ldivmod.o) (__udivmoddi4)
/usr/lib/gcc/arm-none-eabi/16.1.0/thumb/v7e-m+fp/hard/libgcc.a(_dvmd_tls.o)
                              /usr/lib/gcc/arm-none-eabi/16.1.0/thumb/v7e-m+fp/hard/libgcc.a(_aeabi_ldivmod.o) (__aeabi_ldiv0)
/usr/lib/gcc/arm-none-eabi/16.1.0/../../../../arm-none-eabi/lib/thumb/v7e-m+fp/hard/libg_nano.a(libc_a-atexit.o)
                              /usr/lib/gcc/arm-none-eabi/16.1.0/../../../../arm-none-eabi/lib/thumb/v7e-m+fp/hard/crt0.o (atexit)
/usr/lib/gcc/arm-none-eabi/16.1.0/../../../../arm-none-eabi/lib/thumb/v7e-m+fp/hard/libg_nano.a(libc_a-exit.o)
                              /usr/lib/gcc/arm-none-eabi/16.1.0/../../../../arm-none-eabi/lib/thumb/v7e-m+fp/hard/crt0.o (exit)
/usr/lib/gcc/arm-none-eabi/16.1.0/../../../../arm-none-eabi/lib/thumb/v7e-m+fp/hard/libg_nano.a(libc_a-strtod.o)
                              CMakeFiles/cube.dir/drivers/Src/neo_m8n.c.obj (strtof)
/usr/lib/gcc/arm-none-eabi/16.1.0/../../../../arm-none-eabi/lib/thumb/v7e-m+fp/hard/libg_nano.a(libc_a-strtol.o)
                              CMakeFiles/cube.dir/drivers/Src/neo_m8n.c.obj (strtol)
[...]
Memory Configuration

Name             Origin             Length             Attributes
RAM              0x20000000         0x00020000         xrw
FLASH            0x08000000         0x00080000         xr
*default*        0x00000000         0xffffffff

Linker script and memory map

LOAD /usr/lib/gcc/arm-none-eabi/16.1.0/thumb/v7e-m+fp/hard/crti.o
LOAD /usr/lib/gcc/arm-none-eabi/16.1.0/thumb/v7e-m+fp/hard/crtbegin.o
LOAD /usr/lib/gcc/arm-none-eabi/16.1.0/../../../../arm-none-eabi/lib/thumb/v7e-m+fp/hard/crt0.o
LOAD cmake/stm32cubemx/CMakeFiles/STM32_Drivers.dir/__/__/Core/Src/system_stm32f4xx.c.obj
LOAD cmake/stm32cubemx/CMakeFiles/STM32_Drivers.dir/__/__/Drivers/STM32F4xx_HAL_Driver/Src/stm32f4xx_hal_i2c.c.obj
LOAD cmake/stm32cubemx/CMakeFiles/STM32_Drivers.dir/__/__/Drivers/STM32F4xx_HAL_Driver/Src/stm32f4xx_hal_i2c_ex.c.obj
LOAD cmake/stm32cubemx/CMakeFiles/STM32_Drivers.dir/__/__/Drivers/STM32F4xx_HAL_Driver/Src/stm32f4xx_hal_rcc.c.obj
LOAD cmake/stm32cubemx/CMakeFiles/STM32_Drivers.dir/__/__/Drivers/STM32F4xx_HAL_Driver/Src/stm32f4xx_hal_rcc_ex.c.obj
LOAD cmake/stm32cubemx/CMakeFiles/STM32_Drivers.dir/__/__/Drivers/STM32F4xx_HAL_Driver/Src/stm32f4xx_hal_flash.c.obj
LOAD cmake/stm32cubemx/CMakeFiles/STM32_Drivers.dir/__/__/Drivers/STM32F4xx_HAL_Driver/Src/stm32f4xx_hal_flash_ex.c.obj
LOAD cmake/stm32cubemx/CMakeFiles/STM32_Drivers.dir/__/__/Drivers/STM32F4xx_HAL_Driver/Src/stm32f4xx_hal_flash_ramfunc.c.obj
LOAD cmake/stm32cubemx/CMakeFiles/STM32_Drivers.dir/__/__/Drivers/STM32F4xx_HAL_Driver/Src/stm32f4xx_hal_gpio.c.obj
LOAD cmake/stm32cubemx/CMakeFiles/STM32_Drivers.dir/__/__/Drivers/STM32F4xx_HAL_Driver/Src/stm32f4xx_hal_dma_ex.c.obj
LOAD cmake/stm32cubemx/CMakeFiles/STM32_Drivers.dir/__/__/Drivers/STM32F4xx_HAL_Driver/Src/stm32f4xx_hal_dma.c.obj
LOAD cmake/stm32cubemx/CMakeFiles/STM32_Drivers.dir/__/__/Drivers/STM32F4xx_HAL_Driver/Src/stm32f4xx_hal_pwr.c.obj
LOAD cmake/stm32cubemx/CMakeFiles/STM32_Drivers.dir/__/__/Drivers/STM32F4xx_HAL_Driver/Src/stm32f4xx_hal_pwr_ex.c.obj
LOAD cmake/stm32cubemx/CMakeFiles/STM32_Drivers.dir/__/__/Drivers/STM32F4xx_HAL_Driver/Src/stm32f4xx_hal_cortex.c.obj
LOAD cmake/stm32cubemx/CMakeFiles/STM32_Drivers.dir/__/__/Drivers/STM32F4xx_HAL_Driver/Src/stm32f4xx_hal.c.obj
LOAD cmake/stm32cubemx/CMakeFiles/STM32_Drivers.dir/__/__/Drivers/STM32F4xx_HAL_Driver/Src/stm32f4xx_hal_exti.c.obj
LOAD cmake/stm32cubemx/CMakeFiles/STM32_Drivers.dir/__/__/Drivers/STM32F4xx_HAL_Driver/Src/stm32f4xx_hal_uart.c.obj
LOAD CMakeFiles/cube.dir/Core/Src/main.c.obj
LOAD CMakeFiles/cube.dir/Core/Src/gpio.c.obj
LOAD CMakeFiles/cube.dir/Core/Src/dma.c.obj
LOAD CMakeFiles/cube.dir/Core/Src/i2c.c.obj
LOAD CMakeFiles/cube.dir/Core/Src/usart.c.obj
LOAD CMakeFiles/cube.dir/Core/Src/stm32f4xx_it.c.obj
LOAD CMakeFiles/cube.dir/Core/Src/stm32f4xx_hal_msp.c.obj
LOAD CMakeFiles/cube.dir/Core/Src/sysmem.c.obj
LOAD CMakeFiles/cube.dir/Core/Src/syscalls.c.obj
LOAD CMakeFiles/cube.dir/startup_stm32f411xe.s.obj
LOAD CMakeFiles/cube.dir/app/Src/app.c.obj
LOAD CMakeFiles/cube.dir/app/Src/debug_uart.c.obj
LOAD CMakeFiles/cube.dir/app/Src/flight_sm.c.obj
LOAD CMakeFiles/cube.dir/app/Src/rs232.c.obj
LOAD CMakeFiles/cube.dir/drivers/Src/bme280.c.obj
LOAD CMakeFiles/cube.dir/drivers/Src/e220.c.obj
LOAD CMakeFiles/cube.dir/drivers/Src/mpu6050.c.obj
LOAD CMakeFiles/cube.dir/drivers/Src/neo_m8n.c.obj
LOAD CMakeFiles/cube.dir/drivers/Src/pyro.c.obj
LOAD CMakeFiles/cube.dir/middleware/Src/baro_fusion.c.obj
LOAD CMakeFiles/cube.dir/middleware/Src/filters.c.obj
LOAD /usr/lib/gcc/arm-none-eabi/16.1.0/../../../../arm-none-eabi/lib/thumb/v7e-m+fp/hard/libm.a
START GROUP
LOAD /usr/lib/gcc/arm-none-eabi/16.1.0/thumb/v7e-m+fp/hard/libgcc.a
LOAD /usr/lib/gcc/arm-none-eabi/16.1.0/../../../../arm-none-eabi/lib/thumb/v7e-m+fp/hard/libg_nano.a
LOAD /usr/lib/gcc/arm-none-eabi/16.1.0/../../../../arm-none-eabi/lib/thumb/v7e-m+fp/hard/libc_nano.a
END GROUP
START GROUP
LOAD /usr/lib/gcc/arm-none-eabi/16.1.0/thumb/v7e-m+fp/hard/libgcc.a
LOAD /usr/lib/gcc/arm-none-eabi/16.1.0/../../../../arm-none-eabi/lib/thumb/v7e-m+fp/hard/libc_nano.a
END GROUP
LOAD /usr/lib/gcc/arm-none-eabi/16.1.0/thumb/v7e-m+fp/hard/crtend.o
LOAD /usr/lib/gcc/arm-none-eabi/16.1.0/thumb/v7e-m+fp/hard/crtn.o
                0x20020000                        _estack = (ORIGIN (RAM) + LENGTH (RAM))
                0x2001fc00                        _sstack = (_estack - _Min_Stack_Size)
                0x00000200                        _Min_Heap_Size = 0x200
                0x00000400                        _Min_Stack_Size = 0x400

.isr_vector     0x08000000      0x198
                0x08000000                        . = ALIGN (0x4)
 *(.isr_vector)
 .isr_vector    0x08000000      0x198 CMakeFiles/cube.dir/startup_stm32f411xe.s.obj
                0x08000000                g_pfnVectors
                0x08000198                        . = ALIGN (0x4)

.text           0x080001a0     0xb978
                0x080001a0                        . = ALIGN (0x4)
 *(.text)
 .text          0x080001a0      0x378 /usr/lib/gcc/arm-none-eabi/16.1.0/thumb/v7e-m+fp/hard/libgcc.a(_arm_addsubdf3.o)
                0x080001a0                __aeabi_drsub
                0x080001a8                __aeabi_dsub
                0x080001a8                __subdf3
                0x080001ac                __adddf3
                0x080001ac                __aeabi_dadd
                0x08000424                __aeabi_ui2d
                0x08000424                __floatunsidf
                0x08000444                __floatsidf
                0x08000444                __aeabi_i2d
                0x08000468                __extendsfdf2
                0x08000468                __aeabi_f2d
                0x080004ac                __aeabi_ul2d
                0x080004ac                __floatundidf
                0x080004bc                __floatdidf
                0x080004bc                __aeabi_l2d
 .text          0x08000518      0x21c /usr/lib/gcc/arm-none-eabi/16.1.0/thumb/v7e-m+fp/hard/libgcc.a(_arm_addsubsf3.o)
                0x08000518                __aeabi_frsub
                0x08000520                __subsf3
                0x08000520                __aeabi_fsub
                0x08000524                __aeabi_fadd
                0x08000524                __addsf3
                0x08000684                __aeabi_ui2f
                0x08000684                __floatunsisf
                0x0800068c                __aeabi_i2f
                0x0800068c                __floatsisf
                0x080006a8                __floatundisf
                0x080006a8                __aeabi_ul2f
                0x080006b8                __floatdisf
                0x080006b8                __aeabi_l2f
 .text          0x08000734       0xa0 /usr/lib/gcc/arm-none-eabi/16.1.0/thumb/v7e-m+fp/hard/libgcc.a(_aeabi_ldivmod.o)
                0x08000734                __aeabi_ldivmod
 .text          0x080007d4       0x30 /usr/lib/gcc/arm-none-eabi/16.1.0/thumb/v7e-m+fp/hard/libgcc.a(_aeabi_uldivmod.o)
                0x080007d4                __aeabi_uldivmod
 .text          0x08000804        0x4 /usr/lib/gcc/arm-none-eabi/16.1.0/thumb/v7e-m+fp/hard/libgcc.a(_dvmd_tls.o)
                0x08000804                __aeabi_ldiv0
                0x08000804                __aeabi_idiv0
 *fill*         0x08000808        0x8 
 .text          0x08000810       0xa0 /usr/lib/gcc/arm-none-eabi/16.1.0/../../../../arm-none-eabi/lib/thumb/v7e-m+fp/hard/libg_nano.a(libc_a-memchr.o)
                0x08000810                memchr
 .text          0x080008b0       0x10 /usr/lib/gcc/arm-none-eabi/16.1.0/../../../../arm-none-eabi/lib/thumb/v7e-m+fp/hard/libg_nano.a(libc_a-strlen.o)
                0x080008b0                strlen
 .text          0x080008c0      0x424 /usr/lib/gcc/arm-none-eabi/16.1.0/thumb/v7e-m+fp/hard/libgcc.a(_arm_muldivdf3.o)
                0x080008c0                __aeabi_dmul
                0x080008c0                __muldf3
                0x08000b14                __aeabi_ddiv
                0x08000b14                __divdf3
 .text          0x08000ce4      0x110 /usr/lib/gcc/arm-none-eabi/16.1.0/thumb/v7e-m+fp/hard/libgcc.a(_arm_cmpdf2.o)
                0x08000ce4                __gtdf2
                0x08000ce4                __gedf2
                0x08000cec                __ltdf2
                0x08000cec                __ledf2
                0x08000cf4                __cmpdf2
                0x08000cf4                __eqdf2
                0x08000cf4                __nedf2
                0x08000d70                __aeabi_cdrcmple
                0x08000d80                __aeabi_cdcmple
                0x08000d80                __aeabi_cdcmpeq
                0x08000d90                __aeabi_dcmpeq
                0x08000da4                __aeabi_dcmplt
                0x08000db8                __aeabi_dcmple
                0x08000dcc                __aeabi_dcmpge
                0x08000de0                __aeabi_dcmpgt
 .text          0x08000df4       0x2c /usr/lib/gcc/arm-none-eabi/16.1.0/thumb/v7e-m+fp/hard/libgcc.a(_arm_unorddf2.o)
                0x08000df4                __aeabi_dcmpun
                0x08000df4                __unorddf2
 .text          0x08000e20       0x50 /usr/lib/gcc/arm-none-eabi/16.1.0/thumb/v7e-m+fp/hard/libgcc.a(_arm_fixdfsi.o)
                0x08000e20                __fixdfsi
                0x08000e20                __aeabi_d2iz
 *(.text*)
 .text.__do_global_dtors_aux
                0x08000e70       0x24 /usr/lib/gcc/arm-none-eabi/16.1.0/thumb/v7e-m+fp/hard/crtbegin.o
 .text.frame_dummy
                0x08000e94       0x1c /usr/lib/gcc/arm-none-eabi/16.1.0/thumb/v7e-m+fp/hard/crtbegin.o
 .text.SystemInit
                0x08000eb0       0x20 cmake/stm32cubemx/CMakeFiles/STM32_Drivers.dir/__/__/Core/Src/system_stm32f4xx.c.obj
                0x08000eb0                SystemInit
 .text.HAL_I2C_Init
                0x08000ed0      0x284 cmake/stm32cubemx/CMakeFiles/STM32_Drivers.dir/__/__/Drivers/STM32F4xx_HAL_Driver/Src/stm32f4xx_hal_i2c.c.obj
                0x08000ed0                HAL_I2C_Init
 .text.HAL_I2C_DeInit
                0x08001154       0x5e cmake/stm32cubemx/CMakeFiles/STM32_Drivers.dir/__/__/Drivers/STM32F4xx_HAL_Driver/Src/stm32f4xx_hal_i2c.c.obj
                0x08001154                HAL_I2C_DeInit
 *fill*         0x080011b2        0x2 
 .text.HAL_I2C_Mem_Write
                0x080011b4      0x1ec cmake/stm32cubemx/CMakeFiles/STM32_Drivers.dir/__/__/Drivers/STM32F4xx_HAL_Driver/Src/stm32f4xx_hal_i2c.c.obj
                0x080011b4                HAL_I2C_Mem_Write
 .text.HAL_I2C_Mem_Read
                0x080013a0      0x450 cmake/stm32cubemx/CMakeFiles/STM32_Drivers.dir/__/__/Drivers/STM32F4xx_HAL_Driver/Src/stm32f4xx_hal_i2c.c.obj
                0x080013a0                HAL_I2C_Mem_Read
 .text.HAL_I2C_IsDeviceReady
                0x080017f0      0x244 cmake/stm32cubemx/CMakeFiles/STM32_Drivers.dir/__/__/Drivers/STM32F4xx_HAL_Driver/Src/stm32f4xx_hal_i2c.c.obj
                0x080017f0                HAL_I2C_IsDeviceReady
 .text.I2C_RequestMemoryWrite
                0x08001a34      0x12c cmake/stm32cubemx/CMakeFiles/STM32_Drivers.dir/__/__/Drivers/STM32F4xx_HAL_Driver/Src/stm32f4xx_hal_i2c.c.obj
 .text.I2C_RequestMemoryRead
                0x08001b60      0x1d0 cmake/stm32cubemx/CMakeFiles/STM32_Drivers.dir/__/__/Drivers/STM32F4xx_HAL_Driver/Src/stm32f4xx_hal_i2c.c.obj
 .text.I2C_WaitOnFlagUntilTimeout
                0x08001d30       0xf4 cmake/stm32cubemx/CMakeFiles/STM32_Drivers.dir/__/__/Drivers/STM32F4xx_HAL_Driver/Src/stm32f4xx_hal_i2c.c.obj
 .text.I2C_WaitOnMasterAddressFlagUntilTimeout
                0x08001e24      0x140 cmake/stm32cubemx/CMakeFiles/STM32_Drivers.dir/__/__/Drivers/STM32F4xx_HAL_Driver/Src/stm32f4xx_hal_i2c.c.obj
 .text.I2C_WaitOnTXEFlagUntilTimeout
                0x08001f64       0x90 cmake/stm32cubemx/CMakeFiles/STM32_Drivers.dir/__/__/Drivers/STM32F4xx_HAL_Driver/Src/stm32f4xx_hal_i2c.c.obj
 .text.I2C_WaitOnBTFFlagUntilTimeout
                0x08001ff4       0x90 cmake/stm32cubemx/CMakeFiles/STM32_Drivers.dir/__/__/Drivers/STM32F4xx_HAL_Driver/Src/stm32f4xx_hal_i2c.c.obj
 .text.I2C_WaitOnRXNEFlagUntilTimeout
                0x08002084       0xba cmake/stm32cubemx/CMakeFiles/STM32_Drivers.dir/__/__/Drivers/STM32F4xx_HAL_Driver/Src/stm32f4xx_hal_i2c.c.obj
 .text.I2C_IsAcknowledgeFailed
                0x0800213e       0x5c cmake/stm32cubemx/CMakeFiles/STM32_Drivers.dir/__/__/Drivers/STM32F4xx_HAL_Driver/Src/stm32f4xx_hal_i2c.c.obj
 *fill*         0x0800219a        0x2 
 .text.HAL_RCC_OscConfig
                0x0800219c      0x4f0 cmake/stm32cubemx/CMakeFiles/STM32_Drivers.dir/__/__/Drivers/STM32F4xx_HAL_Driver/Src/stm32f4xx_hal_rcc.c.obj
                0x0800219c                HAL_RCC_OscConfig
 .text.HAL_RCC_ClockConfig
                0x0800268c      0x1cc cmake/stm32cubemx/CMakeFiles/STM32_Drivers.dir/__/__/Drivers/STM32F4xx_HAL_Driver/Src/stm32f4xx_hal_rcc.c.obj
                0x0800268c                HAL_RCC_ClockConfig
 .text.HAL_RCC_GetSysClockFreq
                0x08002858      0x188 cmake/stm32cubemx/CMakeFiles/STM32_Drivers.dir/__/__/Drivers/STM32F4xx_HAL_Driver/Src/stm32f4xx_hal_rcc.c.obj
                0x08002858                HAL_RCC_GetSysClockFreq
 .text.HAL_RCC_GetHCLKFreq
                0x080029e0       0x14 cmake/stm32cubemx/CMakeFiles/STM32_Drivers.dir/__/__/Drivers/STM32F4xx_HAL_Driver/Src/stm32f4xx_hal_rcc.c.obj
                0x080029e0                HAL_RCC_GetHCLKFreq
 .text.HAL_RCC_GetPCLK1Freq
                0x080029f4       0x28 cmake/stm32cubemx/CMakeFiles/STM32_Drivers.dir/__/__/Drivers/STM32F4xx_HAL_Driver/Src/stm32f4xx_hal_rcc.c.obj
                0x080029f4                HAL_RCC_GetPCLK1Freq
 .text.HAL_RCC_GetPCLK2Freq
                0x08002a1c       0x28 cmake/stm32cubemx/CMakeFiles/STM32_Drivers.dir/__/__/Drivers/STM32F4xx_HAL_Driver/Src/stm32f4xx_hal_rcc.c.obj
                0x08002a1c                HAL_RCC_GetPCLK2Freq
 .text.HAL_GPIO_Init
                0x08002a44      0x304 cmake/stm32cubemx/CMakeFiles/STM32_Drivers.dir/__/__/Drivers/STM32F4xx_HAL_Driver/Src/stm32f4xx_hal_gpio.c.obj
                0x08002a44                HAL_GPIO_Init
 .text.HAL_GPIO_DeInit
                0x08002d48      0x1c4 cmake/stm32cubemx/CMakeFiles/STM32_Drivers.dir/__/__/Drivers/STM32F4xx_HAL_Driver/Src/stm32f4xx_hal_gpio.c.obj
                0x08002d48                HAL_GPIO_DeInit
 .text.HAL_GPIO_ReadPin
                0x08002f0c       0x2e cmake/stm32cubemx/CMakeFiles/STM32_Drivers.dir/__/__/Drivers/STM32F4xx_HAL_Driver/Src/stm32f4xx_hal_gpio.c.obj
                0x08002f0c                HAL_GPIO_ReadPin
 .text.HAL_GPIO_WritePin
                0x08002f3a       0x30 cmake/stm32cubemx/CMakeFiles/STM32_Drivers.dir/__/__/Drivers/STM32F4xx_HAL_Driver/Src/stm32f4xx_hal_gpio.c.obj
                0x08002f3a                HAL_GPIO_WritePin
 *fill*         0x08002f6a        0x2 
 .text.HAL_DMA_Init
                0x08002f6c      0x15c cmake/stm32cubemx/CMakeFiles/STM32_Drivers.dir/__/__/Drivers/STM32F4xx_HAL_Driver/Src/stm32f4xx_hal_dma.c.obj
                0x08002f6c                HAL_DMA_Init
 .text.HAL_DMA_Start_IT
                0x080030c8       0xae cmake/stm32cubemx/CMakeFiles/STM32_Drivers.dir/__/__/Drivers/STM32F4xx_HAL_Driver/Src/stm32f4xx_hal_dma.c.obj
                0x080030c8                HAL_DMA_Start_IT
 .text.HAL_DMA_Abort
                0x08003176       0xde cmake/stm32cubemx/CMakeFiles/STM32_Drivers.dir/__/__/Drivers/STM32F4xx_HAL_Driver/Src/stm32f4xx_hal_dma.c.obj
                0x08003176                HAL_DMA_Abort
 .text.HAL_DMA_Abort_IT
                0x08003254       0x40 cmake/stm32cubemx/CMakeFiles/STM32_Drivers.dir/__/__/Drivers/STM32F4xx_HAL_Driver/Src/stm32f4xx_hal_dma.c.obj
                0x08003254                HAL_DMA_Abort_IT
 .text.HAL_DMA_IRQHandler
                0x08003294      0x314 cmake/stm32cubemx/CMakeFiles/STM32_Drivers.dir/__/__/Drivers/STM32F4xx_HAL_Driver/Src/stm32f4xx_hal_dma.c.obj
                0x08003294                HAL_DMA_IRQHandler
 .text.DMA_SetConfig
                0x080035a8       0x5a cmake/stm32cubemx/CMakeFiles/STM32_Drivers.dir/__/__/Drivers/STM32F4xx_HAL_Driver/Src/stm32f4xx_hal_dma.c.obj
 *fill*         0x08003602        0x2 
 .text.DMA_CalcBaseAndBitshift
                0x08003604       0x68 cmake/stm32cubemx/CMakeFiles/STM32_Drivers.dir/__/__/Drivers/STM32F4xx_HAL_Driver/Src/stm32f4xx_hal_dma.c.obj
 .text.DMA_CheckFifoParam
                0x0800366c      0x10a cmake/stm32cubemx/CMakeFiles/STM32_Drivers.dir/__/__/Drivers/STM32F4xx_HAL_Driver/Src/stm32f4xx_hal_dma.c.obj
 *fill*         0x08003776        0x2 
 .text.__NVIC_SetPriorityGrouping
                0x08003778       0x48 cmake/stm32cubemx/CMakeFiles/STM32_Drivers.dir/__/__/Drivers/STM32F4xx_HAL_Driver/Src/stm32f4xx_hal_cortex.c.obj
 .text.__NVIC_GetPriorityGrouping
                0x080037c0       0x1c cmake/stm32cubemx/CMakeFiles/STM32_Drivers.dir/__/__/Drivers/STM32F4xx_HAL_Driver/Src/stm32f4xx_hal_cortex.c.obj
 .text.__NVIC_EnableIRQ
                0x080037dc       0x38 cmake/stm32cubemx/CMakeFiles/STM32_Drivers.dir/__/__/Drivers/STM32F4xx_HAL_Driver/Src/stm32f4xx_hal_cortex.c.obj
 .text.__NVIC_SetPriority
                0x08003814       0x54 cmake/stm32cubemx/CMakeFiles/STM32_Drivers.dir/__/__/Drivers/STM32F4xx_HAL_Driver/Src/stm32f4xx_hal_cortex.c.obj
 .text.NVIC_EncodePriority
                0x08003868       0x6e cmake/stm32cubemx/CMakeFiles/STM32_Drivers.dir/__/__/Drivers/STM32F4xx_HAL_Driver/Src/stm32f4xx_hal_cortex.c.obj
 *fill*         0x080038d6        0x2 
 .text.SysTick_Config
                0x080038d8       0x44 cmake/stm32cubemx/CMakeFiles/STM32_Drivers.dir/__/__/Drivers/STM32F4xx_HAL_Driver/Src/stm32f4xx_hal_cortex.c.obj
 .text.HAL_NVIC_SetPriorityGrouping
                0x0800391c       0x16 cmake/stm32cubemx/CMakeFiles/STM32_Drivers.dir/__/__/Drivers/STM32F4xx_HAL_Driver/Src/stm32f4xx_hal_cortex.c.obj
                0x0800391c                HAL_NVIC_SetPriorityGrouping
 .text.HAL_NVIC_SetPriority
                0x08003932       0x38 cmake/stm32cubemx/CMakeFiles/STM32_Drivers.dir/__/__/Drivers/STM32F4xx_HAL_Driver/Src/stm32f4xx_hal_cortex.c.obj
                0x08003932                HAL_NVIC_SetPriority
 .text.HAL_NVIC_EnableIRQ
                0x0800396a       0x1c cmake/stm32cubemx/CMakeFiles/STM32_Drivers.dir/__/__/Drivers/STM32F4xx_HAL_Driver/Src/stm32f4xx_hal_cortex.c.obj
                0x0800396a                HAL_NVIC_EnableIRQ
 .text.HAL_SYSTICK_Config
                0x08003986       0x18 cmake/stm32cubemx/CMakeFiles/STM32_Drivers.dir/__/__/Drivers/STM32F4xx_HAL_Driver/Src/stm32f4xx_hal_cortex.c.obj
                0x08003986                HAL_SYSTICK_Config
 *fill*         0x0800399e        0x2 
 .text.HAL_Init
                0x080039a0       0x44 cmake/stm32cubemx/CMakeFiles/STM32_Drivers.dir/__/__/Drivers/STM32F4xx_HAL_Driver/Src/stm32f4xx_hal.c.obj
                0x080039a0                HAL_Init
 .text.HAL_InitTick
                0x080039e4       0x60 cmake/stm32cubemx/CMakeFiles/STM32_Drivers.dir/__/__/Drivers/STM32F4xx_HAL_Driver/Src/stm32f4xx_hal.c.obj
                0x080039e4                HAL_InitTick
 .text.HAL_IncTick
                0x08003a44       0x24 cmake/stm32cubemx/CMakeFiles/STM32_Drivers.dir/__/__/Drivers/STM32F4xx_HAL_Driver/Src/stm32f4xx_hal.c.obj
                0x08003a44                HAL_IncTick
 .text.HAL_GetTick
                0x08003a68       0x14 cmake/stm32cubemx/CMakeFiles/STM32_Drivers.dir/__/__/Drivers/STM32F4xx_HAL_Driver/Src/stm32f4xx_hal.c.obj
                0x08003a68                HAL_GetTick
 .text.HAL_Delay
                0x08003a7c       0x48 cmake/stm32cubemx/CMakeFiles/STM32_Drivers.dir/__/__/Drivers/STM32F4xx_HAL_Driver/Src/stm32f4xx_hal.c.obj
                0x08003a7c                HAL_Delay
 .text.HAL_UART_Init
                0x08003ac4       0x9e cmake/stm32cubemx/CMakeFiles/STM32_Drivers.dir/__/__/Drivers/STM32F4xx_HAL_Driver/Src/stm32f4xx_hal_uart.c.obj
                0x08003ac4                HAL_UART_Init
 .text.HAL_UART_Transmit
                0x08003b62      0x110 cmake/stm32cubemx/CMakeFiles/STM32_Drivers.dir/__/__/Drivers/STM32F4xx_HAL_Driver/Src/stm32f4xx_hal_uart.c.obj
                0x08003b62                HAL_UART_Transmit
 .text.HAL_UART_Receive_IT
                0x08003c72       0x48 cmake/stm32cubemx/CMakeFiles/STM32_Drivers.dir/__/__/Drivers/STM32F4xx_HAL_Driver/Src/stm32f4xx_hal_uart.c.obj
                0x08003c72                HAL_UART_Receive_IT
 .text.HAL_UARTEx_ReceiveToIdle_DMA
                0x08003cba       0xb0 cmake/stm32cubemx/CMakeFiles/STM32_Drivers.dir/__/__/Drivers/STM32F4xx_HAL_Driver/Src/stm32f4xx_hal_uart.c.obj
                0x08003cba                HAL_UARTEx_ReceiveToIdle_DMA
 *fill*         0x08003d6a        0x2 
 .text.HAL_UART_IRQHandler
                0x08003d6c      0x54c cmake/stm32cubemx/CMakeFiles/STM32_Drivers.dir/__/__/Drivers/STM32F4xx_HAL_Driver/Src/stm32f4xx_hal_uart.c.obj
                0x08003d6c                HAL_UART_IRQHandler
 .text.HAL_UART_TxCpltCallback
                0x080042b8       0x12 cmake/stm32cubemx/CMakeFiles/STM32_Drivers.dir/__/__/Drivers/STM32F4xx_HAL_Driver/Src/stm32f4xx_hal_uart.c.obj
                0x080042b8                HAL_UART_TxCpltCallback
 .text.HAL_UART_RxHalfCpltCallback
                0x080042ca       0x12 cmake/stm32cubemx/CMakeFiles/STM32_Drivers.dir/__/__/Drivers/STM32F4xx_HAL_Driver/Src/stm32f4xx_hal_uart.c.obj
                0x080042ca                HAL_UART_RxHalfCpltCallback
 .text.HAL_UART_ErrorCallback
                0x080042dc       0x12 cmake/stm32cubemx/CMakeFiles/STM32_Drivers.dir/__/__/Drivers/STM32F4xx_HAL_Driver/Src/stm32f4xx_hal_uart.c.obj
                0x080042dc                HAL_UART_ErrorCallback
 .text.UART_DMAReceiveCplt
                0x080042ee      0x12c cmake/stm32cubemx/CMakeFiles/STM32_Drivers.dir/__/__/Drivers/STM32F4xx_HAL_Driver/Src/stm32f4xx_hal_uart.c.obj
 .text.UART_DMARxHalfCplt
                0x0800441a       0x3c cmake/stm32cubemx/CMakeFiles/STM32_Drivers.dir/__/__/Drivers/STM32F4xx_HAL_Driver/Src/stm32f4xx_hal_uart.c.obj
 .text.UART_DMAError
                0x08004456       0x88 cmake/stm32cubemx/CMakeFiles/STM32_Drivers.dir/__/__/Drivers/STM32F4xx_HAL_Driver/Src/stm32f4xx_hal_uart.c.obj
 .text.UART_WaitOnFlagUntilTimeout
                0x080044de       0xb2 cmake/stm32cubemx/CMakeFiles/STM32_Drivers.dir/__/__/Drivers/STM32F4xx_HAL_Driver/Src/stm32f4xx_hal_uart.c.obj
 .text.UART_Start_Receive_IT
                0x08004590       0x72 cmake/stm32cubemx/CMakeFiles/STM32_Drivers.dir/__/__/Drivers/STM32F4xx_HAL_Driver/Src/stm32f4xx_hal_uart.c.obj
                0x08004590                UART_Start_Receive_IT
 *fill*         0x08004602        0x2 
 .text.UART_Start_Receive_DMA
                0x08004604      0x14c cmake/stm32cubemx/CMakeFiles/STM32_Drivers.dir/__/__/Drivers/STM32F4xx_HAL_Driver/Src/stm32f4xx_hal_uart.c.obj
                0x08004604                UART_Start_Receive_DMA
 .text.UART_EndTxTransfer
                0x08004750       0x4e cmake/stm32cubemx/CMakeFiles/STM32_Drivers.dir/__/__/Drivers/STM32F4xx_HAL_Driver/Src/stm32f4xx_hal_uart.c.obj
 .text.UART_EndRxTransfer
                0x0800479e       0xc4 cmake/stm32cubemx/CMakeFiles/STM32_Drivers.dir/__/__/Drivers/STM32F4xx_HAL_Driver/Src/stm32f4xx_hal_uart.c.obj
 .text.UART_DMAAbortOnError
                0x08004862       0x22 cmake/stm32cubemx/CMakeFiles/STM32_Drivers.dir/__/__/Drivers/STM32F4xx_HAL_Driver/Src/stm32f4xx_hal_uart.c.obj
 .text.UART_Transmit_IT
                0x08004884       0x9a cmake/stm32cubemx/CMakeFiles/STM32_Drivers.dir/__/__/Drivers/STM32F4xx_HAL_Driver/Src/stm32f4xx_hal_uart.c.obj
 .text.UART_EndTransmit_IT
                0x0800491e       0x30 cmake/stm32cubemx/CMakeFiles/STM32_Drivers.dir/__/__/Drivers/STM32F4xx_HAL_Driver/Src/stm32f4xx_hal_uart.c.obj
 .text.UART_Receive_IT
                0x0800494e      0x178 cmake/stm32cubemx/CMakeFiles/STM32_Drivers.dir/__/__/Drivers/STM32F4xx_HAL_Driver/Src/stm32f4xx_hal_uart.c.obj
 *fill*         0x08004ac6        0x2 
 .text.UART_SetConfig
                0x08004ac8      0x4e8 cmake/stm32cubemx/CMakeFiles/STM32_Drivers.dir/__/__/Drivers/STM32F4xx_HAL_Driver/Src/stm32f4xx_hal_uart.c.obj
 .text.main     0x08004fb0       0x54 CMakeFiles/cube.dir/Core/Src/main.c.obj
                0x08004fb0                main
 .text.SystemClock_Config
                0x08005004       0xd0 CMakeFiles/cube.dir/Core/Src/main.c.obj
                0x08005004                SystemClock_Config
 .text.Error_Handler
                0x080050d4        0xc CMakeFiles/cube.dir/Core/Src/main.c.obj
                0x080050d4                Error_Handler
 .text.MX_GPIO_Init
                0x080050e0      0x134 CMakeFiles/cube.dir/Core/Src/gpio.c.obj
                0x080050e0                MX_GPIO_Init
 .text.MX_DMA_Init
                0x08005214       0x8c CMakeFiles/cube.dir/Core/Src/dma.c.obj
                0x08005214                MX_DMA_Init
 .text.MX_I2C1_Init
                0x080052a0       0x5c CMakeFiles/cube.dir/Core/Src/i2c.c.obj
                0x080052a0                MX_I2C1_Init
 .text.MX_I2C2_Init
                0x080052fc       0x5c CMakeFiles/cube.dir/Core/Src/i2c.c.obj
                0x080052fc                MX_I2C2_Init
 .text.HAL_I2C_MspInit
                0x08005358      0x118 CMakeFiles/cube.dir/Core/Src/i2c.c.obj
                0x08005358                HAL_I2C_MspInit
 .text.HAL_I2C_MspDeInit
                0x08005470       0x70 CMakeFiles/cube.dir/Core/Src/i2c.c.obj
                0x08005470                HAL_I2C_MspDeInit
 .text.MX_USART1_UART_Init
                0x080054e0       0x54 CMakeFiles/cube.dir/Core/Src/usart.c.obj
                0x080054e0                MX_USART1_UART_Init
 .text.MX_USART2_UART_Init
                0x08005534       0x54 CMakeFiles/cube.dir/Core/Src/usart.c.obj
                0x08005534                MX_USART2_UART_Init
 .text.MX_USART6_UART_Init
                0x08005588       0x54 CMakeFiles/cube.dir/Core/Src/usart.c.obj
                0x08005588                MX_USART6_UART_Init
 .text.HAL_UART_MspInit
                0x080055dc      0x334 CMakeFiles/cube.dir/Core/Src/usart.c.obj
                0x080055dc                HAL_UART_MspInit
 .text.NMI_Handler
                0x08005910        0x8 CMakeFiles/cube.dir/Core/Src/stm32f4xx_it.c.obj
                0x08005910                NMI_Handler
 .text.HardFault_Handler
                0x08005918        0x8 CMakeFiles/cube.dir/Core/Src/stm32f4xx_it.c.obj
                0x08005918                HardFault_Handler
 .text.MemManage_Handler
                0x08005920        0x8 CMakeFiles/cube.dir/Core/Src/stm32f4xx_it.c.obj
                0x08005920                MemManage_Handler
 .text.BusFault_Handler
                0x08005928        0x8 CMakeFiles/cube.dir/Core/Src/stm32f4xx_it.c.obj
                0x08005928                BusFault_Handler
 .text.UsageFault_Handler
                0x08005930        0x8 CMakeFiles/cube.dir/Core/Src/stm32f4xx_it.c.obj
                0x08005930                UsageFault_Handler
 .text.SVC_Handler
                0x08005938        0xc CMakeFiles/cube.dir/Core/Src/stm32f4xx_it.c.obj
                0x08005938                SVC_Handler
 .text.DebugMon_Handler
                0x08005944        0xc CMakeFiles/cube.dir/Core/Src/stm32f4xx_it.c.obj
                0x08005944                DebugMon_Handler
 .text.PendSV_Handler
                0x08005950        0xc CMakeFiles/cube.dir/Core/Src/stm32f4xx_it.c.obj
                0x08005950                PendSV_Handler
 .text.SysTick_Handler
                0x0800595c        0xc CMakeFiles/cube.dir/Core/Src/stm32f4xx_it.c.obj
                0x0800595c                SysTick_Handler
 .text.DMA1_Stream5_IRQHandler
                0x08005968       0x14 CMakeFiles/cube.dir/Core/Src/stm32f4xx_it.c.obj
                0x08005968                DMA1_Stream5_IRQHandler
 .text.DMA1_Stream6_IRQHandler
                0x0800597c       0x14 CMakeFiles/cube.dir/Core/Src/stm32f4xx_it.c.obj
                0x0800597c                DMA1_Stream6_IRQHandler
 .text.USART1_IRQHandler
                0x08005990       0x14 CMakeFiles/cube.dir/Core/Src/stm32f4xx_it.c.obj
                0x08005990                USART1_IRQHandler
 .text.USART2_IRQHandler
                0x080059a4       0x14 CMakeFiles/cube.dir/Core/Src/stm32f4xx_it.c.obj
                0x080059a4                USART2_IRQHandler
 .text.DMA2_Stream1_IRQHandler
                0x080059b8       0x14 CMakeFiles/cube.dir/Core/Src/stm32f4xx_it.c.obj
                0x080059b8                DMA2_Stream1_IRQHandler
 .text.DMA2_Stream6_IRQHandler
                0x080059cc       0x14 CMakeFiles/cube.dir/Core/Src/stm32f4xx_it.c.obj
                0x080059cc                DMA2_Stream6_IRQHandler
 .text.USART6_IRQHandler
                0x080059e0       0x14 CMakeFiles/cube.dir/Core/Src/stm32f4xx_it.c.obj
                0x080059e0                USART6_IRQHandler
 .text.HAL_MspInit
                0x080059f4       0x4c CMakeFiles/cube.dir/Core/Src/stm32f4xx_hal_msp.c.obj
                0x080059f4                HAL_MspInit
 .text._sbrk    0x08005a40       0x6c CMakeFiles/cube.dir/Core/Src/sysmem.c.obj
                0x08005a40                _sbrk
 .text._getpid  0x08005aac        0xe CMakeFiles/cube.dir/Core/Src/syscalls.c.obj
                0x08005aac                _getpid
 .text._kill    0x08005aba       0x20 CMakeFiles/cube.dir/Core/Src/syscalls.c.obj
                0x08005aba                _kill
 .text._exit    0x08005ada       0x16 CMakeFiles/cube.dir/Core/Src/syscalls.c.obj
                0x08005ada                _exit
 .text._read    0x08005af0       0x3a CMakeFiles/cube.dir/Core/Src/syscalls.c.obj
                0x08005af0                _read
 .text._close   0x08005b2a       0x16 CMakeFiles/cube.dir/Core/Src/syscalls.c.obj
                0x08005b2a                _close
 .text._fstat   0x08005b40       0x1e CMakeFiles/cube.dir/Core/Src/syscalls.c.obj
                0x08005b40                _fstat
 .text._isatty  0x08005b5e       0x14 CMakeFiles/cube.dir/Core/Src/syscalls.c.obj
                0x08005b5e                _isatty
 .text._lseek   0x08005b72       0x18 CMakeFiles/cube.dir/Core/Src/syscalls.c.obj
                0x08005b72                _lseek
 *fill*         0x08005b8a        0x2 
 .text.Reset_Handler
                0x08005b8c       0x50 CMakeFiles/cube.dir/startup_stm32f411xe.s.obj
                0x08005b8c                Reset_Handler
 .text.Default_Handler
                0x08005bdc        0x2 CMakeFiles/cube.dir/startup_stm32f411xe.s.obj
                0x08005bdc                RTC_Alarm_IRQHandler
                0x08005bdc                EXTI2_IRQHandler
                0x08005bdc                SPI4_IRQHandler
                0x08005bdc                TIM1_CC_IRQHandler
                0x08005bdc                DMA2_Stream5_IRQHandler
                0x08005bdc                PVD_IRQHandler
                0x08005bdc                SDIO_IRQHandler
                0x08005bdc                TAMP_STAMP_IRQHandler
                0x08005bdc                EXTI3_IRQHandler
                0x08005bdc                TIM1_UP_TIM10_IRQHandler
                0x08005bdc                I2C3_ER_IRQHandler
                0x08005bdc                EXTI0_IRQHandler
                0x08005bdc                I2C2_EV_IRQHandler
                0x08005bdc                DMA1_Stream2_IRQHandler
                0x08005bdc                FPU_IRQHandler
                0x08005bdc                DMA2_Stream2_IRQHandler
                0x08005bdc                SPI1_IRQHandler
                0x08005bdc                TIM1_BRK_TIM9_IRQHandler
                0x08005bdc                DMA2_Stream3_IRQHandler
                0x08005bdc                DMA2_Stream0_IRQHandler
                0x08005bdc                TIM4_IRQHandler
                0x08005bdc                I2C1_EV_IRQHandler
                0x08005bdc                DMA1_Stream1_IRQHandler
                0x08005bdc                TIM3_IRQHandler
                0x08005bdc                RCC_IRQHandler
                0x08005bdc                Default_Handler
                0x08005bdc                EXTI15_10_IRQHandler
                0x08005bdc                ADC_IRQHandler
                0x08005bdc                DMA1_Stream7_IRQHandler
                0x08005bdc                SPI5_IRQHandler
                0x08005bdc                TIM5_IRQHandler
                0x08005bdc                DMA2_Stream7_IRQHandler
                0x08005bdc                I2C3_EV_IRQHandler
                0x08005bdc                EXTI9_5_IRQHandler
                0x08005bdc                RTC_WKUP_IRQHandler
                0x08005bdc                SPI2_IRQHandler
                0x08005bdc                DMA1_Stream0_IRQHandler
                0x08005bdc                EXTI4_IRQHandler
                0x08005bdc                WWDG_IRQHandler
                0x08005bdc                TIM2_IRQHandler
                0x08005bdc                OTG_FS_WKUP_IRQHandler
                0x08005bdc                TIM1_TRG_COM_TIM11_IRQHandler
                0x08005bdc                EXTI1_IRQHandler
                0x08005bdc                I2C2_ER_IRQHandler
                0x08005bdc                FLASH_IRQHandler
                0x08005bdc                DMA2_Stream4_IRQHandler
                0x08005bdc                OTG_FS_IRQHandler
                0x08005bdc                SPI3_IRQHandler
                0x08005bdc                DMA1_Stream4_IRQHandler
                0x08005bdc                I2C1_ER_IRQHandler
                0x08005bdc                DMA1_Stream3_IRQHandler
 *fill*         0x08005bde        0x2 
 .text.I2C_BusRecover
                0x08005be0      0x110 CMakeFiles/cube.dir/app/Src/app.c.obj
 .text.App_Init
                0x08005cf0      0x2bc CMakeFiles/cube.dir/app/Src/app.c.obj
                0x08005cf0                App_Init
 .text.App_Run  0x08005fac      0x600 CMakeFiles/cube.dir/app/Src/app.c.obj
                0x08005fac                App_Run
 .text.HAL_UART_RxCpltCallback
                0x080065ac       0x1c CMakeFiles/cube.dir/app/Src/app.c.obj
                0x080065ac                HAL_UART_RxCpltCallback
 .text._write   0x080065c8       0x2c CMakeFiles/cube.dir/app/Src/debug_uart.c.obj
                0x080065c8                _write
 .text.FlightSM_Init
                0x080065f4       0x48 CMakeFiles/cube.dir/app/Src/flight_sm.c.obj
                0x080065f4                FlightSM_Init
 .text.FlightSM_Update
                0x0800663c      0x2c8 CMakeFiles/cube.dir/app/Src/flight_sm.c.obj
                0x0800663c                FlightSM_Update
 .text.FlightSM_GetState
                0x08006904       0x70 CMakeFiles/cube.dir/app/Src/flight_sm.c.obj
                0x08006904                FlightSM_GetState
 .text.UKB_RS232_Init
                0x08006974       0x60 CMakeFiles/cube.dir/app/Src/rs232.c.obj
                0x08006974                UKB_RS232_Init
 .text.UKB_RS232_GetMode
                0x080069d4       0x14 CMakeFiles/cube.dir/app/Src/rs232.c.obj
                0x080069d4                UKB_RS232_GetMode
 .text.UKB_RS232_ProcessCommand
                0x080069e8       0xfc CMakeFiles/cube.dir/app/Src/rs232.c.obj
 .text.HAL_UARTEx_RxEventCallback
                0x08006ae4       0xa8 CMakeFiles/cube.dir/app/Src/rs232.c.obj
                0x08006ae4                HAL_UARTEx_RxEventCallback
 .text.BME280_Initialise
                0x08006b8c       0xfa CMakeFiles/cube.dir/drivers/Src/bme280.c.obj
                0x08006b8c                BME280_Initialise
 *fill*         0x08006c86        0x2 
 .text.BME280_ReadAll
                0x08006c88      0x770 CMakeFiles/cube.dir/drivers/Src/bme280.c.obj
                0x08006c88                BME280_ReadAll
 .text.BME280_ReadRegister
                0x080073f8       0x36 CMakeFiles/cube.dir/drivers/Src/bme280.c.obj
                0x080073f8                BME280_ReadRegister
 .text.BME280_ReadRegisters
                0x0800742e       0x3e CMakeFiles/cube.dir/drivers/Src/bme280.c.obj
                0x0800742e                BME280_ReadRegisters
 .text.BME280_WriteRegister
                0x0800746c       0x36 CMakeFiles/cube.dir/drivers/Src/bme280.c.obj
                0x0800746c                BME280_WriteRegister
 .text.BME280_ReadCalibrationData
                0x080074a2      0x1c4 CMakeFiles/cube.dir/drivers/Src/bme280.c.obj
 .text.CalculateCRC16
                0x08007666       0x7e CMakeFiles/cube.dir/drivers/Src/e220.c.obj
 .text.LoRa_Init
                0x080076e4       0x5e CMakeFiles/cube.dir/drivers/Src/e220.c.obj
                0x080076e4                LoRa_Init
 .text.LoRa_TransmitTelemetry_Blocking
                0x08007742       0xdc CMakeFiles/cube.dir/drivers/Src/e220.c.obj
                0x08007742                LoRa_TransmitTelemetry_Blocking
 .text.MPU6050_Initialise
                0x0800781e      0x112 CMakeFiles/cube.dir/drivers/Src/mpu6050.c.obj
                0x0800781e                MPU6050_Initialise
 .text.MPU6050_ReadAll
                0x08007930      0x214 CMakeFiles/cube.dir/drivers/Src/mpu6050.c.obj
                0x08007930                MPU6050_ReadAll
 .text.MPU6050_ReadRegister
                0x08007b44       0x36 CMakeFiles/cube.dir/drivers/Src/mpu6050.c.obj
                0x08007b44                MPU6050_ReadRegister
 .text.MPU6050_ReadRegisters
                0x08007b7a       0x3e CMakeFiles/cube.dir/drivers/Src/mpu6050.c.obj
                0x08007b7a                MPU6050_ReadRegisters
 .text.MPU6050_WriteRegister
                0x08007bb8       0x36 CMakeFiles/cube.dir/drivers/Src/mpu6050.c.obj
                0x08007bb8                MPU6050_WriteRegister
 .text.NEO_M8N_RxCpltCallback
                0x08007bee       0xba CMakeFiles/cube.dir/drivers/Src/neo_m8n.c.obj
                0x08007bee                NEO_M8N_RxCpltCallback
 .text.Pyro_Init
                0x08007ca8       0x98 CMakeFiles/cube.dir/drivers/Src/pyro.c.obj
                0x08007ca8                Pyro_Init
 .text.Pyro1_Fire
                0x08007d40       0x38 CMakeFiles/cube.dir/drivers/Src/pyro.c.obj
                0x08007d40                Pyro1_Fire
 .text.Pyro2_Fire
                0x08007d78       0x38 CMakeFiles/cube.dir/drivers/Src/pyro.c.obj
                0x08007d78                Pyro2_Fire
 .text.Pyro_ProcessTimeouts
                0x08007db0       0x74 CMakeFiles/cube.dir/drivers/Src/pyro.c.obj
                0x08007db0                Pyro_ProcessTimeouts
 .text.Stats_Update
                0x08007e24       0xb0 CMakeFiles/cube.dir/middleware/Src/baro_fusion.c.obj
                0x08007e24                Stats_Update
 .text.Fuse_Weighted
                0x08007ed4       0x72 CMakeFiles/cube.dir/middleware/Src/baro_fusion.c.obj
                0x08007ed4                Fuse_Weighted
 .text.Baro_FusedAltitude
                0x08007f46       0xfe CMakeFiles/cube.dir/middleware/Src/baro_fusion.c.obj
                0x08007f46                Baro_FusedAltitude
 .text.Complementary_Init
                0x08008044       0x38 CMakeFiles/cube.dir/middleware/Src/filters.c.obj
                0x08008044                Complementary_Init
 .text.Complementary_Update
                0x0800807c       0x70 CMakeFiles/cube.dir/middleware/Src/filters.c.obj
                0x0800807c                Complementary_Update
 .text.atan2f   0x080080ec        0x4 /usr/lib/gcc/arm-none-eabi/16.1.0/../../../../arm-none-eabi/lib/thumb/v7e-m+fp/hard/libm.a(libm_a-wf_atan2.o)
                0x080080ec                atan2f
 .text.powf     0x080080f0       0xf0 /usr/lib/gcc/arm-none-eabi/16.1.0/../../../../arm-none-eabi/lib/thumb/v7e-m+fp/hard/libm.a(libm_a-wf_pow.o)
                0x080080f0                powf
 .text.sqrtf    0x080081e0       0x50 /usr/lib/gcc/arm-none-eabi/16.1.0/../../../../arm-none-eabi/lib/thumb/v7e-m+fp/hard/libm.a(libm_a-wf_sqrt.o)
                0x080081e0                sqrtf
 .text.finitef  0x08008230       0x14 /usr/lib/gcc/arm-none-eabi/16.1.0/../../../../arm-none-eabi/lib/thumb/v7e-m+fp/hard/libm.a(libm_a-sf_finite.o)
                0x08008230                finitef
 .text.__ieee754_sqrtf
                0x08008244        0x8 /usr/lib/gcc/arm-none-eabi/16.1.0/../../../../arm-none-eabi/lib/thumb/v7e-m+fp/hard/libm.a(libm_a-ef_sqrt.o)
                0x08008244                __ieee754_sqrtf
 .text.__ieee754_atan2f
                0x0800824c      0x154 /usr/lib/gcc/arm-none-eabi/16.1.0/../../../../arm-none-eabi/lib/thumb/v7e-m+fp/hard/libm.a(libm_a-ef_atan2.o)
                0x0800824c                __ieee754_atan2f
 .text.__ieee754_powf
                0x080083a0      0x6f0 /usr/lib/gcc/arm-none-eabi/16.1.0/../../../../arm-none-eabi/lib/thumb/v7e-m+fp/hard/libm.a(libm_a-ef_pow.o)
                0x080083a0                __ieee754_powf
 .text.atanf    0x08008a90      0x1bc /usr/lib/gcc/arm-none-eabi/16.1.0/../../../../arm-none-eabi/lib/thumb/v7e-m+fp/hard/libm.a(libm_a-sf_atan.o)
                0x08008a90                atanf
 .text.fabsf    0x08008c4c       0x10 /usr/lib/gcc/arm-none-eabi/16.1.0/../../../../arm-none-eabi/lib/thumb/v7e-m+fp/hard/libm.a(libm_a-sf_fabs.o)
                0x08008c4c                fabsf
 .text.scalbnf  0x08008c5c       0xe4 /usr/lib/gcc/arm-none-eabi/16.1.0/../../../../arm-none-eabi/lib/thumb/v7e-m+fp/hard/libm.a(libm_a-sf_scalbn.o)
                0x08008c5c                scalbnf
 .text.with_errnof
                0x08008d40       0x18 /usr/lib/gcc/arm-none-eabi/16.1.0/../../../../arm-none-eabi/lib/thumb/v7e-m+fp/hard/libm.a(libm_a-math_errf.o)
 .text.xflowf   0x08008d58       0x20 /usr/lib/gcc/arm-none-eabi/16.1.0/../../../../arm-none-eabi/lib/thumb/v7e-m+fp/hard/libm.a(libm_a-math_errf.o)
 .text.__math_uflowf
                0x08008d78        0xc /usr/lib/gcc/arm-none-eabi/16.1.0/../../../../arm-none-eabi/lib/thumb/v7e-m+fp/hard/libm.a(libm_a-math_errf.o)
                0x08008d78                __math_uflowf
 .text.__math_oflowf
                0x08008d84        0xc /usr/lib/gcc/arm-none-eabi/16.1.0/../../../../arm-none-eabi/lib/thumb/v7e-m+fp/hard/libm.a(libm_a-math_errf.o)
                0x08008d84                __math_oflowf
 .text.__udivmoddi4
                0x08008d90      0x2b8 /usr/lib/gcc/arm-none-eabi/16.1.0/thumb/v7e-m+fp/hard/libgcc.a(_udivmoddi4.o)
                0x08008d90                __udivmoddi4
 .text.__cvt    0x08009048       0xc8 /usr/lib/gcc/arm-none-eabi/16.1.0/../../../../arm-none-eabi/lib/thumb/v7e-m+fp/hard/libg_nano.a(libc_a-nano-vfprintf_float.o)
                0x08009048                __cvt
 .text.__exponent
                0x08009110       0x76 /usr/lib/gcc/arm-none-eabi/16.1.0/../../../../arm-none-eabi/lib/thumb/v7e-m+fp/hard/libg_nano.a(libc_a-nano-vfprintf_float.o)
                0x08009110                __exponent
 *fill*         0x08009186        0x2 
 .text._printf_float
                0x08009188      0x444 /usr/lib/gcc/arm-none-eabi/16.1.0/../../../../arm-none-eabi/lib/thumb/v7e-m+fp/hard/libg_nano.a(libc_a-nano-vfprintf_float.o)
                0x08009188                _printf_float
 .text._printf_common
                0x080095cc       0xd4 /usr/lib/gcc/arm-none-eabi/16.1.0/../../../../arm-none-eabi/lib/thumb/v7e-m+fp/hard/libg_nano.a(libc_a-nano-vfprintf_i.o)
                0x080095cc                _printf_common
 .text._printf_i
                0x080096a0      0x258 /usr/lib/gcc/arm-none-eabi/16.1.0/../../../../arm-none-eabi/lib/thumb/v7e-m+fp/hard/libg_nano.a(libc_a-nano-vfprintf_i.o)
                0x080096a0                _printf_i
 .text.std      0x080098f8       0x6c /usr/lib/gcc/arm-none-eabi/16.1.0/../../../../arm-none-eabi/lib/thumb/v7e-m+fp/hard/libg_nano.a(libc_a-findfp.o)
 .text.stdio_exit_handler
                0x08009964       0x18 /usr/lib/gcc/arm-none-eabi/16.1.0/../../../../arm-none-eabi/lib/thumb/v7e-m+fp/hard/libg_nano.a(libc_a-findfp.o)
 .text.cleanup_stdio
                0x0800997c       0x40 /usr/lib/gcc/arm-none-eabi/16.1.0/../../../../arm-none-eabi/lib/thumb/v7e-m+fp/hard/libg_nano.a(libc_a-findfp.o)
 .text.global_stdio_init.part.0
                0x080099bc       0x40 /usr/lib/gcc/arm-none-eabi/16.1.0/../../../../arm-none-eabi/lib/thumb/v7e-m+fp/hard/libg_nano.a(libc_a-findfp.o)
 .text.__sfp_lock_acquire
                0x080099fc        0xc /usr/lib/gcc/arm-none-eabi/16.1.0/../../../../arm-none-eabi/lib/thumb/v7e-m+fp/hard/libg_nano.a(libc_a-findfp.o)
                0x080099fc                __sfp_lock_acquire
 .text.__sfp_lock_release
                0x08009a08        0xc /usr/lib/gcc/arm-none-eabi/16.1.0/../../../../arm-none-eabi/lib/thumb/v7e-m+fp/hard/libg_nano.a(libc_a-findfp.o)
                0x08009a08                __sfp_lock_release
 .text.__sinit  0x08009a14       0x30 /usr/lib/gcc/arm-none-eabi/16.1.0/../../../../arm-none-eabi/lib/thumb/v7e-m+fp/hard/libg_nano.a(libc_a-findfp.o)
                0x08009a14                __sinit
 .text._fwalk_sglue
                0x08009a44       0x3a /usr/lib/gcc/arm-none-eabi/16.1.0/../../../../arm-none-eabi/lib/thumb/v7e-m+fp/hard/libg_nano.a(libc_a-fwalk.o)
                0x08009a44                _fwalk_sglue
 *fill*         0x08009a7e        0x2 
 .text.printf   0x08009a80       0x24 /usr/lib/gcc/arm-none-eabi/16.1.0/../../../../arm-none-eabi/lib/thumb/v7e-m+fp/hard/libg_nano.a(libc_a-printf.o)
                0x08009a80                printf
                0x08009a80                iprintf
 .text._puts_r  0x08009aa4       0xb0 /usr/lib/gcc/arm-none-eabi/16.1.0/../../../../arm-none-eabi/lib/thumb/v7e-m+fp/hard/libg_nano.a(libc_a-puts.o)
                0x08009aa4                _puts_r
 .text.puts     0x08009b54       0x10 /usr/lib/gcc/arm-none-eabi/16.1.0/../../../../arm-none-eabi/lib/thumb/v7e-m+fp/hard/libg_nano.a(libc_a-puts.o)
                0x08009b54                puts
 .text.__sread  0x08009b64       0x22 /usr/lib/gcc/arm-none-eabi/16.1.0/../../../../arm-none-eabi/lib/thumb/v7e-m+fp/hard/libg_nano.a(libc_a-stdio.o)
                0x08009b64                __sread
 .text.__swrite
                0x08009b86       0x38 /usr/lib/gcc/arm-none-eabi/16.1.0/../../../../arm-none-eabi/lib/thumb/v7e-m+fp/hard/libg_nano.a(libc_a-stdio.o)
                0x08009b86                __swrite
 .text.__sseek  0x08009bbe       0x26 /usr/lib/gcc/arm-none-eabi/16.1.0/../../../../arm-none-eabi/lib/thumb/v7e-m+fp/hard/libg_nano.a(libc_a-stdio.o)
                0x08009bbe                __sseek
 .text.__sclose
                0x08009be4        0x8 /usr/lib/gcc/arm-none-eabi/16.1.0/../../../../arm-none-eabi/lib/thumb/v7e-m+fp/hard/libg_nano.a(libc_a-stdio.o)
                0x08009be4                __sclose
 .text.__swbuf_r
                0x08009bec       0x7e /usr/lib/gcc/arm-none-eabi/16.1.0/../../../../arm-none-eabi/lib/thumb/v7e-m+fp/hard/libg_nano.a(libc_a-wbuf.o)
                0x08009bec                __swbuf_r
 *fill*         0x08009c6a        0x2 
 .text.__swsetup_r
                0x08009c6c       0xa8 /usr/lib/gcc/arm-none-eabi/16.1.0/../../../../arm-none-eabi/lib/thumb/v7e-m+fp/hard/libg_nano.a(libc_a-wsetup.o)
                0x08009c6c                __swsetup_r
 .text.memcmp   0x08009d14       0x20 /usr/lib/gcc/arm-none-eabi/16.1.0/../../../../arm-none-eabi/lib/thumb/v7e-m+fp/hard/libg_nano.a(libc_a-memcmp.o)
                0x08009d14                memcmp
 .text.memset   0x08009d34       0x10 /usr/lib/gcc/arm-none-eabi/16.1.0/../../../../arm-none-eabi/lib/thumb/v7e-m+fp/hard/libg_nano.a(libc_a-memset.o)
                0x08009d34                memset
 .text._localeconv_r
                0x08009d44        0x8 /usr/lib/gcc/arm-none-eabi/16.1.0/../../../../arm-none-eabi/lib/thumb/v7e-m+fp/hard/libg_nano.a(libc_a-localeconv.o)
                0x08009d44                _localeconv_r
 .text._close_r
                0x08009d4c       0x20 /usr/lib/gcc/arm-none-eabi/16.1.0/../../../../arm-none-eabi/lib/thumb/v7e-m+fp/hard/libg_nano.a(libc_a-closer.o)
                0x08009d4c                _close_r
 .text._lseek_r
                0x08009d6c       0x24 /usr/lib/gcc/arm-none-eabi/16.1.0/../../../../arm-none-eabi/lib/thumb/v7e-m+fp/hard/libg_nano.a(libc_a-lseekr.o)
                0x08009d6c                _lseek_r
 .text._read_r  0x08009d90       0x24 /usr/lib/gcc/arm-none-eabi/16.1.0/../../../../arm-none-eabi/lib/thumb/v7e-m+fp/hard/libg_nano.a(libc_a-readr.o)
                0x08009d90                _read_r
 .text._write_r
                0x08009db4       0x24 /usr/lib/gcc/arm-none-eabi/16.1.0/../../../../arm-none-eabi/lib/thumb/v7e-m+fp/hard/libg_nano.a(libc_a-writer.o)
                0x08009db4                _write_r
 .text.__errno  0x08009dd8        0xc /usr/lib/gcc/arm-none-eabi/16.1.0/../../../../arm-none-eabi/lib/thumb/v7e-m+fp/hard/libg_nano.a(libc_a-errno.o)
                0x08009dd8                __errno
 .text.__libc_init_array
                0x08009de4       0x48 /usr/lib/gcc/arm-none-eabi/16.1.0/../../../../arm-none-eabi/lib/thumb/v7e-m+fp/hard/libg_nano.a(libc_a-init.o)
                0x08009de4                __libc_init_array
 .text.__retarget_lock_init_recursive
                0x08009e2c        0x2 /usr/lib/gcc/arm-none-eabi/16.1.0/../../../../arm-none-eabi/lib/thumb/v7e-m+fp/hard/libg_nano.a(libc_a-lock.o)
                0x08009e2c                __retarget_lock_init_recursive
 .text.__retarget_lock_acquire_recursive
                0x08009e2e        0x2 /usr/lib/gcc/arm-none-eabi/16.1.0/../../../../arm-none-eabi/lib/thumb/v7e-m+fp/hard/libg_nano.a(libc_a-lock.o)
                0x08009e2e                __retarget_lock_acquire_recursive
 .text.__retarget_lock_release_recursive
                0x08009e30        0x2 /usr/lib/gcc/arm-none-eabi/16.1.0/../../../../arm-none-eabi/lib/thumb/v7e-m+fp/hard/libg_nano.a(libc_a-lock.o)
                0x08009e30                __retarget_lock_release_recursive
 .text.memcpy   0x08009e32       0x1c /usr/lib/gcc/arm-none-eabi/16.1.0/../../../../arm-none-eabi/lib/thumb/v7e-m+fp/hard/libg_nano.a(libc_a-memcpy-stub.o)
                0x08009e32                memcpy
 .text.quorem   0x08009e4e      0x110 /usr/lib/gcc/arm-none-eabi/16.1.0/../../../../arm-none-eabi/lib/thumb/v7e-m+fp/hard/libg_nano.a(libc_a-dtoa.o)
 *fill*         0x08009f5e        0x2 
 .text._dtoa_r  0x08009f60      0xbc8 /usr/lib/gcc/arm-none-eabi/16.1.0/../../../../arm-none-eabi/lib/thumb/v7e-m+fp/hard/libg_nano.a(libc_a-dtoa.o)
                0x08009f60                _dtoa_r
 .text._free_r  0x0800ab28       0x98 /usr/lib/gcc/arm-none-eabi/16.1.0/../../../../arm-none-eabi/lib/thumb/v7e-m+fp/hard/libg_nano.a(libc_a-freer.o)
                0x0800ab28                _free_r
 .text.malloc   0x0800abc0       0x10 /usr/lib/gcc/arm-none-eabi/16.1.0/../../../../arm-none-eabi/lib/thumb/v7e-m+fp/hard/libg_nano.a(libc_a-malloc.o)
                0x0800abc0                malloc
 .text.sbrk_aligned
                0x0800abd0       0x44 /usr/lib/gcc/arm-none-eabi/16.1.0/../../../../arm-none-eabi/lib/thumb/v7e-m+fp/hard/libg_nano.a(libc_a-mallocr.o)
 .text._malloc_r
                0x0800ac14      0x100 /usr/lib/gcc/arm-none-eabi/16.1.0/../../../../arm-none-eabi/lib/thumb/v7e-m+fp/hard/libg_nano.a(libc_a-mallocr.o)
                0x0800ac14                _malloc_r
 .text.__ascii_mbtowc
                0x0800ad14       0x24 /usr/lib/gcc/arm-none-eabi/16.1.0/../../../../arm-none-eabi/lib/thumb/v7e-m+fp/hard/libg_nano.a(libc_a-mbtowc_r.o)
                0x0800ad14                __ascii_mbtowc
 .text.__malloc_lock
                0x0800ad38        0xc /usr/lib/gcc/arm-none-eabi/16.1.0/../../../../arm-none-eabi/lib/thumb/v7e-m+fp/hard/libg_nano.a(libc_a-mlock.o)
                0x0800ad38                __malloc_lock
 .text.__malloc_unlock
                0x0800ad44        0xc /usr/lib/gcc/arm-none-eabi/16.1.0/../../../../arm-none-eabi/lib/thumb/v7e-m+fp/hard/libg_nano.a(libc_a-mlock.o)
                0x0800ad44                __malloc_unlock
 .text._Balloc  0x0800ad50       0x7c /usr/lib/gcc/arm-none-eabi/16.1.0/../../../../arm-none-eabi/lib/thumb/v7e-m+fp/hard/libg_nano.a(libc_a-mprec.o)
                0x0800ad50                _Balloc
 .text._Bfree   0x0800adcc       0x44 /usr/lib/gcc/arm-none-eabi/16.1.0/../../../../arm-none-eabi/lib/thumb/v7e-m+fp/hard/libg_nano.a(libc_a-mprec.o)
                0x0800adcc                _Bfree
 .text.__multadd
                0x0800ae10       0x8c /usr/lib/gcc/arm-none-eabi/16.1.0/../../../../arm-none-eabi/lib/thumb/v7e-m+fp/hard/libg_nano.a(libc_a-mprec.o)
                0x0800ae10                __multadd
 .text.__hi0bits
                0x0800ae9c       0x5a /usr/lib/gcc/arm-none-eabi/16.1.0/../../../../arm-none-eabi/lib/thumb/v7e-m+fp/hard/libg_nano.a(libc_a-mprec.o)
                0x0800ae9c                __hi0bits
 .text.__lo0bits
                0x0800aef6       0x82 /usr/lib/gcc/arm-none-eabi/16.1.0/../../../../arm-none-eabi/lib/thumb/v7e-m+fp/hard/libg_nano.a(libc_a-mprec.o)
                0x0800aef6                __lo0bits
 .text.__i2b    0x0800af78       0x2c /usr/lib/gcc/arm-none-eabi/16.1.0/../../../../arm-none-eabi/lib/thumb/v7e-m+fp/hard/libg_nano.a(libc_a-mprec.o)
                0x0800af78                __i2b
 .text.__multiply
                0x0800afa4      0x178 /usr/lib/gcc/arm-none-eabi/16.1.0/../../../../arm-none-eabi/lib/thumb/v7e-m+fp/hard/libg_nano.a(libc_a-mprec.o)
                0x0800afa4                __multiply
 .text.__pow5mult
                0x0800b11c       0xb8 /usr/lib/gcc/arm-none-eabi/16.1.0/../../../../arm-none-eabi/lib/thumb/v7e-m+fp/hard/libg_nano.a(libc_a-mprec.o)
                0x0800b11c                __pow5mult
 .text.__lshift
                0x0800b1d4       0xe0 /usr/lib/gcc/arm-none-eabi/16.1.0/../../../../arm-none-eabi/lib/thumb/v7e-m+fp/hard/libg_nano.a(libc_a-mprec.o)
                0x0800b1d4                __lshift
 .text.__mcmp   0x0800b2b4       0x36 /usr/lib/gcc/arm-none-eabi/16.1.0/../../../../arm-none-eabi/lib/thumb/v7e-m+fp/hard/libg_nano.a(libc_a-mprec.o)
                0x0800b2b4                __mcmp
 *fill*         0x0800b2ea        0x2 
 .text.__mdiff  0x0800b2ec      0x130 /usr/lib/gcc/arm-none-eabi/16.1.0/../../../../arm-none-eabi/lib/thumb/v7e-m+fp/hard/libg_nano.a(libc_a-mprec.o)
                0x0800b2ec                __mdiff
 .text.__d2b    0x0800b41c       0xb0 /usr/lib/gcc/arm-none-eabi/16.1.0/../../../../arm-none-eabi/lib/thumb/v7e-m+fp/hard/libg_nano.a(libc_a-mprec.o)
                0x0800b41c                __d2b
 .text.__ascii_wctomb
                0x0800b4cc       0x1a /usr/lib/gcc/arm-none-eabi/16.1.0/../../../../arm-none-eabi/lib/thumb/v7e-m+fp/hard/libg_nano.a(libc_a-wctomb_r.o)
                0x0800b4cc                __ascii_wctomb
 .text.__sfputc_r
                0x0800b4e6       0x28 /usr/lib/gcc/arm-none-eabi/16.1.0/../../../../arm-none-eabi/lib/thumb/v7e-m+fp/hard/libg_nano.a(libc_a-nano-vfprintf.o)
 .text.__sfputs_r
                0x0800b50e       0x24 /usr/lib/gcc/arm-none-eabi/16.1.0/../../../../arm-none-eabi/lib/thumb/v7e-m+fp/hard/libg_nano.a(libc_a-nano-vfprintf.o)
                0x0800b50e                __sfputs_r
 *fill*         0x0800b532        0x2 
 .text._vfprintf_r
                0x0800b534      0x22c /usr/lib/gcc/arm-none-eabi/16.1.0/../../../../arm-none-eabi/lib/thumb/v7e-m+fp/hard/libg_nano.a(libc_a-nano-vfprintf.o)
                0x0800b534                _vfiprintf_r
                0x0800b534                _vfprintf_r
 .text.__sflush_r
                0x0800b760      0x10c /usr/lib/gcc/arm-none-eabi/16.1.0/../../../../arm-none-eabi/lib/thumb/v7e-m+fp/hard/libg_nano.a(libc_a-fflush.o)
                0x0800b760                __sflush_r
 .text._fflush_r
                0x0800b86c       0x50 /usr/lib/gcc/arm-none-eabi/16.1.0/../../../../arm-none-eabi/lib/thumb/v7e-m+fp/hard/libg_nano.a(libc_a-fflush.o)
                0x0800b86c                _fflush_r
 .text.__swhatbuf_r
                0x0800b8bc       0x4c /usr/lib/gcc/arm-none-eabi/16.1.0/../../../../arm-none-eabi/lib/thumb/v7e-m+fp/hard/libg_nano.a(libc_a-makebuf.o)
                0x0800b8bc                __swhatbuf_r
 .text.__smakebuf_r
                0x0800b908       0x72 /usr/lib/gcc/arm-none-eabi/16.1.0/../../../../arm-none-eabi/lib/thumb/v7e-m+fp/hard/libg_nano.a(libc_a-makebuf.o)
                0x0800b908                __smakebuf_r
 *fill*         0x0800b97a        0x2 
 .text._fstat_r
                0x0800b97c       0x24 /usr/lib/gcc/arm-none-eabi/16.1.0/../../../../arm-none-eabi/lib/thumb/v7e-m+fp/hard/libg_nano.a(libc_a-fstatr.o)
                0x0800b97c                _fstat_r
 .text._isatty_r
                0x0800b9a0       0x20 /usr/lib/gcc/arm-none-eabi/16.1.0/../../../../arm-none-eabi/lib/thumb/v7e-m+fp/hard/libg_nano.a(libc_a-isattyr.o)
                0x0800b9a0                _isatty_r
 .text._sbrk_r  0x0800b9c0       0x20 /usr/lib/gcc/arm-none-eabi/16.1.0/../../../../arm-none-eabi/lib/thumb/v7e-m+fp/hard/libg_nano.a(libc_a-sbrkr.o)
                0x0800b9c0                _sbrk_r
 .text.__assert_func
                0x0800b9e0       0x3c /usr/lib/gcc/arm-none-eabi/16.1.0/../../../../arm-none-eabi/lib/thumb/v7e-m+fp/hard/libg_nano.a(libc_a-assert.o)
                0x0800b9e0                __assert_func
 .text._calloc_r
                0x0800ba1c       0x28 /usr/lib/gcc/arm-none-eabi/16.1.0/../../../../arm-none-eabi/lib/thumb/v7e-m+fp/hard/libg_nano.a(libc_a-callocr.o)
                0x0800ba1c                _calloc_r
 .text.fprintf  0x0800ba44       0x24 /usr/lib/gcc/arm-none-eabi/16.1.0/../../../../arm-none-eabi/lib/thumb/v7e-m+fp/hard/libg_nano.a(libc_a-fprintf.o)
                0x0800ba44                fprintf
                0x0800ba44                fiprintf
 .text.abort    0x0800ba68        0xe /usr/lib/gcc/arm-none-eabi/16.1.0/../../../../arm-none-eabi/lib/thumb/v7e-m+fp/hard/libg_nano.a(libc_a-abort.o)
                0x0800ba68                abort
 .text._raise_r
                0x0800ba76       0x52 /usr/lib/gcc/arm-none-eabi/16.1.0/../../../../arm-none-eabi/lib/thumb/v7e-m+fp/hard/libg_nano.a(libc_a-signal.o)
                0x0800ba76                _raise_r
 .text.raise    0x0800bac8       0x10 /usr/lib/gcc/arm-none-eabi/16.1.0/../../../../arm-none-eabi/lib/thumb/v7e-m+fp/hard/libg_nano.a(libc_a-signal.o)
                0x0800bac8                raise
 .text._kill_r  0x0800bad8       0x24 /usr/lib/gcc/arm-none-eabi/16.1.0/../../../../arm-none-eabi/lib/thumb/v7e-m+fp/hard/libg_nano.a(libc_a-signalr.o)
                0x0800bad8                _kill_r
 .text._getpid_r
                0x0800bafc        0x4 /usr/lib/gcc/arm-none-eabi/16.1.0/../../../../arm-none-eabi/lib/thumb/v7e-m+fp/hard/libg_nano.a(libc_a-signalr.o)
                0x0800bafc                _getpid_r
 *(.glue_7)
 .glue_7        0x0800bb00        0x0 linker stubs
 *(.glue_7t)
 .glue_7t       0x0800bb00        0x0 linker stubs
 *(.eh_frame)
 .eh_frame      0x0800bb00        0x0 /usr/lib/gcc/arm-none-eabi/16.1.0/thumb/v7e-m+fp/hard/crtbegin.o
 *(.init)
 .init          0x0800bb00        0x4 /usr/lib/gcc/arm-none-eabi/16.1.0/thumb/v7e-m+fp/hard/crti.o
                0x0800bb00                _init
 .init          0x0800bb04        0x8 /usr/lib/gcc/arm-none-eabi/16.1.0/thumb/v7e-m+fp/hard/crtn.o
 *(.fini)
 .fini          0x0800bb0c        0x4 /usr/lib/gcc/arm-none-eabi/16.1.0/thumb/v7e-m+fp/hard/crti.o
                0x0800bb0c                _fini
 .fini          0x0800bb10        0x8 /usr/lib/gcc/arm-none-eabi/16.1.0/thumb/v7e-m+fp/hard/crtn.o
                0x0800bb18                        . = ALIGN (0x4)
                0x0800bb18                        _etext = .

.vfp11_veneer   0x0800bb18        0x0
 .vfp11_veneer  0x0800bb18        0x0 linker stubs

.v4_bx          0x0800bb18        0x0
 .v4_bx         0x0800bb18        0x0 linker stubs

.iplt           0x0800bb18        0x0
 .iplt          0x0800bb18        0x0 /usr/lib/gcc/arm-none-eabi/16.1.0/thumb/v7e-m+fp/hard/crtbegin.o

.rodata         0x0800bb18      0x6f0
                0x0800bb18                        . = ALIGN (0x4)
 *(.rodata)
 .rodata        0x0800bb18      0x335 CMakeFiles/cube.dir/app/Src/app.c.obj
 *(.rodata*)
 *fill*         0x0800be4d        0x3 
 .rodata.AHBPrescTable
                0x0800be50       0x10 cmake/stm32cubemx/CMakeFiles/STM32_Drivers.dir/__/__/Core/Src/system_stm32f4xx.c.obj
                0x0800be50                AHBPrescTable
 .rodata.APBPrescTable
                0x0800be60        0x8 cmake/stm32cubemx/CMakeFiles/STM32_Drivers.dir/__/__/Core/Src/system_stm32f4xx.c.obj
                0x0800be60                APBPrescTable
 .rodata.flagBitshiftOffset.0
                0x0800be68        0x8 cmake/stm32cubemx/CMakeFiles/STM32_Drivers.dir/__/__/Drivers/STM32F4xx_HAL_Driver/Src/stm32f4xx_hal_dma.c.obj
 .rodata.FRAME_SIT
                0x0800be70        0x5 CMakeFiles/cube.dir/app/Src/rs232.c.obj
 *fill*         0x0800be75        0x3 
 .rodata.FRAME_SUT
                0x0800be78        0x5 CMakeFiles/cube.dir/app/Src/rs232.c.obj
 *fill*         0x0800be7d        0x3 
 .rodata.FRAME_STP
                0x0800be80        0x5 CMakeFiles/cube.dir/app/Src/rs232.c.obj
 *fill*         0x0800be85        0x3 
 .rodata.CSWTCH.7
                0x0800be88        0xc /usr/lib/gcc/arm-none-eabi/16.1.0/../../../../arm-none-eabi/lib/thumb/v7e-m+fp/hard/libm.a(libm_a-ef_atan2.o)
 .rodata.CSWTCH.6
                0x0800be94        0xc /usr/lib/gcc/arm-none-eabi/16.1.0/../../../../arm-none-eabi/lib/thumb/v7e-m+fp/hard/libm.a(libm_a-ef_atan2.o)
 .rodata.atanlo
                0x0800bea0       0x10 /usr/lib/gcc/arm-none-eabi/16.1.0/../../../../arm-none-eabi/lib/thumb/v7e-m+fp/hard/libm.a(libm_a-sf_atan.o)
 .rodata.atanhi
                0x0800beb0       0x10 /usr/lib/gcc/arm-none-eabi/16.1.0/../../../../arm-none-eabi/lib/thumb/v7e-m+fp/hard/libm.a(libm_a-sf_atan.o)
 .rodata._ctype_
                0x0800bec0      0x101 /usr/lib/gcc/arm-none-eabi/16.1.0/../../../../arm-none-eabi/lib/thumb/v7e-m+fp/hard/libg_nano.a(libc_a-ctype_.o)
                0x0800bec0                _ctype_
 .rodata._printf_float.str1.1
                0x0800bfc1      0x145 /usr/lib/gcc/arm-none-eabi/16.1.0/../../../../arm-none-eabi/lib/thumb/v7e-m+fp/hard/libg_nano.a(libc_a-nano-vfprintf_float.o)
                                 0x12 (size before relaxing)
 .rodata._printf_i.str1.1
                0x0800c106        0x0 /usr/lib/gcc/arm-none-eabi/16.1.0/../../../../arm-none-eabi/lib/thumb/v7e-m+fp/hard/libg_nano.a(libc_a-nano-vfprintf_i.o)
                                 0x22 (size before relaxing)
 .rodata._setlocale_r.str1.1
                0x0800c106        0x0 /usr/lib/gcc/arm-none-eabi/16.1.0/../../../../arm-none-eabi/lib/thumb/v7e-m+fp/hard/libg_nano.a(libc_a-locale.o)
                                  0x9 (size before relaxing)
 .rodata.str1.1
                0x0800c106        0x0 /usr/lib/gcc/arm-none-eabi/16.1.0/../../../../arm-none-eabi/lib/thumb/v7e-m+fp/hard/libg_nano.a(libc_a-locale.o)
                                  0x2 (size before relaxing)
 .rodata._dtoa_r.str1.1
                0x0800c106        0x0 /usr/lib/gcc/arm-none-eabi/16.1.0/../../../../arm-none-eabi/lib/thumb/v7e-m+fp/hard/libg_nano.a(libc_a-dtoa.o)
                                 0x79 (size before relaxing)
 .rodata._Balloc.str1.1
                0x0800c106        0x0 /usr/lib/gcc/arm-none-eabi/16.1.0/../../../../arm-none-eabi/lib/thumb/v7e-m+fp/hard/libg_nano.a(libc_a-mprec.o)
                                 0x5a (size before relaxing)
 .rodata.__multadd.str1.1
                0x0800c106        0x0 /usr/lib/gcc/arm-none-eabi/16.1.0/../../../../arm-none-eabi/lib/thumb/v7e-m+fp/hard/libg_nano.a(libc_a-mprec.o)
                                 0x11 (size before relaxing)
 *fill*         0x0800c106        0x2 
 .rodata.p05.0  0x0800c108        0xc /usr/lib/gcc/arm-none-eabi/16.1.0/../../../../arm-none-eabi/lib/thumb/v7e-m+fp/hard/libg_nano.a(libc_a-mprec.o)
 *fill*         0x0800c114        0x4 
 .rodata.__mprec_bigtens
                0x0800c118       0x28 /usr/lib/gcc/arm-none-eabi/16.1.0/../../../../arm-none-eabi/lib/thumb/v7e-m+fp/hard/libg_nano.a(libc_a-mprec.o)
                0x0800c118                __mprec_bigtens
 .rodata.__mprec_tens
                0x0800c140       0xc8 /usr/lib/gcc/arm-none-eabi/16.1.0/../../../../arm-none-eabi/lib/thumb/v7e-m+fp/hard/libg_nano.a(libc_a-mprec.o)
                0x0800c140                __mprec_tens
 .rodata._vfprintf_r.str1.1
                0x0800c208        0x0 /usr/lib/gcc/arm-none-eabi/16.1.0/../../../../arm-none-eabi/lib/thumb/v7e-m+fp/hard/libg_nano.a(libc_a-nano-vfprintf.o)
                                 0x11 (size before relaxing)
 .rodata.__assert_func.str1.1
                0x0800c208        0x0 /usr/lib/gcc/arm-none-eabi/16.1.0/../../../../arm-none-eabi/lib/thumb/v7e-m+fp/hard/libg_nano.a(libc_a-assert.o)
                                 0x3d (size before relaxing)
                0x0800c208                        . = ALIGN (0x4)

.ARM.extab      0x0800c208        0x0
                0x0800c208                        . = ALIGN (0x4)
 *(.ARM.extab* .gnu.linkonce.armextab.*)
                0x0800c208                        . = ALIGN (0x4)

.ARM            0x0800c208        0x8
                0x0800c208                        . = ALIGN (0x4)
                0x0800c208                        __exidx_start = .
 *(.ARM.exidx*)
 .ARM.exidx     0x0800c208        0x8 /usr/lib/gcc/arm-none-eabi/16.1.0/../../../../arm-none-eabi/lib/thumb/v7e-m+fp/hard/libg_nano.a(libc_a-memchr.o)
 .ARM.exidx     0x0800c210        0x0 /usr/lib/gcc/arm-none-eabi/16.1.0/../../../../arm-none-eabi/lib/thumb/v7e-m+fp/hard/libg_nano.a(libc_a-strlen.o)
                                  0x8 (size before relaxing)
 .ARM.exidx.text.__udivmoddi4
                0x0800c210        0x0 /usr/lib/gcc/arm-none-eabi/16.1.0/thumb/v7e-m+fp/hard/libgcc.a(_udivmoddi4.o)
                                  0x8 (size before relaxing)
                0x0800c210                        __exidx_end = .
                0x0800c210                        . = ALIGN (0x4)

.preinit_array  0x0800c210        0x0
                0x0800c210                        . = ALIGN (0x4)
                0x0800c210                        PROVIDE (__preinit_array_start = .)
 *(.preinit_array*)
                0x0800c210                        PROVIDE (__preinit_array_end = .)
                0x0800c210                        . = ALIGN (0x4)

.init_array     0x0800c210        0x4
                0x0800c210                        . = ALIGN (0x4)
                0x0800c210                        PROVIDE (__init_array_start = .)
 *(SORT_BY_NAME(.init_array.*))
 *(.init_array*)
 .init_array    0x0800c210        0x4 /usr/lib/gcc/arm-none-eabi/16.1.0/thumb/v7e-m+fp/hard/crtbegin.o
                0x0800c214                        PROVIDE (__init_array_end = .)
                0x0800c214                        . = ALIGN (0x4)

.fini_array     0x0800c214        0x4
                0x0800c214                        . = ALIGN (0x4)
                0x0800c214                        PROVIDE (__fini_array_start = .)
 *(SORT_BY_NAME(.fini_array.*))
 *(.fini_array*)
 .fini_array    0x0800c214        0x4 /usr/lib/gcc/arm-none-eabi/16.1.0/thumb/v7e-m+fp/hard/crtbegin.o
                0x0800c218                        PROVIDE (__fini_array_end = .)
                0x0800c218                        . = ALIGN (0x4)
                0x0800c218                        _sidata = LOADADDR (.data)

.rel.dyn        0x0800c218        0x0
 .rel.iplt      0x0800c218        0x0 /usr/lib/gcc/arm-none-eabi/16.1.0/thumb/v7e-m+fp/hard/crtbegin.o

.data           0x20000000      0x208 load address 0x0800c218
                0x20000000                        . = ALIGN (0x4)
                0x20000000                        _sdata = .
 *(.data)
 *(.data*)
 .data.SystemCoreClock
                0x20000000        0x4 cmake/stm32cubemx/CMakeFiles/STM32_Drivers.dir/__/__/Core/Src/system_stm32f4xx.c.obj
                0x20000000                SystemCoreClock
 .data.uwTickPrio
                0x20000004        0x4 cmake/stm32cubemx/CMakeFiles/STM32_Drivers.dir/__/__/Drivers/STM32F4xx_HAL_Driver/Src/stm32f4xx_hal.c.obj
                0x20000004                uwTickPrio
 .data.uwTickFreq
                0x20000008        0x1 cmake/stm32cubemx/CMakeFiles/STM32_Drivers.dir/__/__/Drivers/STM32F4xx_HAL_Driver/Src/stm32f4xx_hal.c.obj
                0x20000008                uwTickFreq
 *fill*         0x20000009        0x3 
 .data.sea_level_pressure
                0x2000000c        0x4 CMakeFiles/cube.dir/app/Src/app.c.obj
                0x2000000c                sea_level_pressure
 .data.rs232_mode_name.0
                0x20000010        0xc CMakeFiles/cube.dir/app/Src/app.c.obj
 .data.ukb_mode
                0x2000001c        0x1 CMakeFiles/cube.dir/app/Src/rs232.c.obj
 *fill*         0x2000001d        0x3 
 .data.pyro_channel1
                0x20000020       0x10 CMakeFiles/cube.dir/drivers/Src/pyro.c.obj
 .data.pyro_channel2
                0x20000030       0x10 CMakeFiles/cube.dir/drivers/Src/pyro.c.obj
 .data.__sglue  0x20000040        0xc /usr/lib/gcc/arm-none-eabi/16.1.0/../../../../arm-none-eabi/lib/thumb/v7e-m+fp/hard/libg_nano.a(libc_a-findfp.o)
                0x20000040                __sglue
 .data.__global_locale
                0x2000004c      0x16c /usr/lib/gcc/arm-none-eabi/16.1.0/../../../../arm-none-eabi/lib/thumb/v7e-m+fp/hard/libg_nano.a(libc_a-locale.o)
                0x2000004c                __global_locale
 .data._impure_ptr
                0x200001b8        0x4 /usr/lib/gcc/arm-none-eabi/16.1.0/../../../../arm-none-eabi/lib/thumb/v7e-m+fp/hard/libg_nano.a(libc_a-impure.o)
                0x200001b8                _impure_ptr
 .data._impure_data
                0x200001bc       0x4c /usr/lib/gcc/arm-none-eabi/16.1.0/../../../../arm-none-eabi/lib/thumb/v7e-m+fp/hard/libg_nano.a(libc_a-impure.o)
                0x200001bc                _impure_data
 *(.RamFunc)
 *(.RamFunc*)
                0x20000208                        . = ALIGN (0x4)

.igot.plt       0x20000208        0x0 load address 0x0800c420
 .igot.plt      0x20000208        0x0 /usr/lib/gcc/arm-none-eabi/16.1.0/thumb/v7e-m+fp/hard/crtbegin.o

.tdata          0x20000208        0x0 load address 0x0800c420
 *(.tdata .tdata.* .gnu.linkonce.td.*)
                0x20000208                        . = ALIGN (0x4)
                0x20000208                        _edata = .
                [!provide]                        PROVIDE (__data_end = .)
                [!provide]                        PROVIDE (__tdata_end = .)
                [!provide]                        PROVIDE (__tdata_start = ADDR (.tdata))
                [!provide]                        PROVIDE (__tdata_size = (__tdata_end - __tdata_start))
                [!provide]                        PROVIDE (__data_start = ADDR (.data))
                [!provide]                        PROVIDE (__data_size = (__data_end - __data_start))
                [!provide]                        PROVIDE (__tdata_source = LOADADDR (.tdata))
                [!provide]                        PROVIDE (__tdata_source_end = (LOADADDR (.tdata) + SIZEOF (.tdata)))
                [!provide]                        PROVIDE (__tdata_source_size = (__tdata_source_end - __tdata_source))
                [!provide]                        PROVIDE (__data_source = LOADADDR (.data))
                [!provide]                        PROVIDE (__data_source_end = __tdata_source_end)
                [!provide]                        PROVIDE (__data_source_size = (__data_source_end - __data_source))

.tbss           0x20000208        0x0 load address 0x0800c420
                0x20000208                        _sbss = .
                0x20000208                        __bss_start__ = _sbss
 *(.tbss .tbss.*)
                0x20000208                        . = ALIGN (0x4)
                [!provide]                        PROVIDE (__tbss_end = .)
                [!provide]                        PROVIDE (__tbss_start = ADDR (.tbss))
                [!provide]                        PROVIDE (__tbss_size = (__tbss_end - __tbss_start))
                [!provide]                        PROVIDE (__tbss_offset = (ADDR (.tbss) - ADDR (.tdata)))
                [!provide]                        PROVIDE (__tls_base = __tdata_start)
                [!provide]                        PROVIDE (__tls_end = __tbss_end)
                [!provide]                        PROVIDE (__tls_size = (__tls_end - __tls_base))
                [!provide]                        PROVIDE (__tls_align = MAX (ALIGNOF (.tdata), ALIGNOF (.tbss)))
                [!provide]                        PROVIDE (__tls_size_align = (((__tls_size + __tls_align) - 0x1) & ~ ((__tls_align - 0x1))))
                [!provide]                        PROVIDE (__arm32_tls_tcb_offset = MAX (0x8, __tls_align))
                [!provide]                        PROVIDE (__arm64_tls_tcb_offset = MAX (0x10, __tls_align))

.bss            0x20000208      0x768 load address 0x0800c420
 *(.bss)
 *(.bss*)
 .bss.completed.1
                0x20000208        0x1 /usr/lib/gcc/arm-none-eabi/16.1.0/thumb/v7e-m+fp/hard/crtbegin.o
 *fill*         0x20000209        0x3 
 .bss.object.0  0x2000020c       0x18 /usr/lib/gcc/arm-none-eabi/16.1.0/thumb/v7e-m+fp/hard/crtbegin.o
 .bss.uwTick    0x20000224        0x4 cmake/stm32cubemx/CMakeFiles/STM32_Drivers.dir/__/__/Drivers/STM32F4xx_HAL_Driver/Src/stm32f4xx_hal.c.obj
                0x20000224                uwTick
 .bss.hi2c1     0x20000228       0x54 CMakeFiles/cube.dir/Core/Src/i2c.c.obj
                0x20000228                hi2c1
 .bss.hi2c2     0x2000027c       0x54 CMakeFiles/cube.dir/Core/Src/i2c.c.obj
                0x2000027c                hi2c2
 .bss.huart1    0x200002d0       0x48 CMakeFiles/cube.dir/Core/Src/usart.c.obj
                0x200002d0                huart1
 .bss.huart2    0x20000318       0x48 CMakeFiles/cube.dir/Core/Src/usart.c.obj
                0x20000318                huart2
 .bss.huart6    0x20000360       0x48 CMakeFiles/cube.dir/Core/Src/usart.c.obj
                0x20000360                huart6
 .bss.hdma_usart2_rx
                0x200003a8       0x60 CMakeFiles/cube.dir/Core/Src/usart.c.obj
                0x200003a8                hdma_usart2_rx
 .bss.hdma_usart2_tx
                0x20000408       0x60 CMakeFiles/cube.dir/Core/Src/usart.c.obj
                0x20000408                hdma_usart2_tx
 .bss.hdma_usart6_rx
                0x20000468       0x60 CMakeFiles/cube.dir/Core/Src/usart.c.obj
                0x20000468                hdma_usart6_rx
 .bss.hdma_usart6_tx
                0x200004c8       0x60 CMakeFiles/cube.dir/Core/Src/usart.c.obj
                0x200004c8                hdma_usart6_tx
 .bss.__sbrk_heap_end
                0x20000528        0x4 CMakeFiles/cube.dir/Core/Src/sysmem.c.obj
 .bss.myMPU6050
                0x2000052c       0x28 CMakeFiles/cube.dir/app/Src/app.c.obj
 .bss.baro1     0x20000554       0x44 CMakeFiles/cube.dir/app/Src/app.c.obj
 .bss.baro2     0x20000598       0x44 CMakeFiles/cube.dir/app/Src/app.c.obj
 .bss.myLora    0x200005dc       0x3c CMakeFiles/cube.dir/app/Src/app.c.obj
 .bss.myGPS     0x20000618       0xd8 CMakeFiles/cube.dir/app/Src/app.c.obj
 .bss.baro1_stats
                0x200006f0       0x10 CMakeFiles/cube.dir/app/Src/app.c.obj
 .bss.baro2_stats
                0x20000700       0x10 CMakeFiles/cube.dir/app/Src/app.c.obj
 .bss.avionics_health
                0x20000710        0x4 CMakeFiles/cube.dir/app/Src/app.c.obj
 .bss.pitch_cf  0x20000714        0xc CMakeFiles/cube.dir/app/Src/app.c.obj
 .bss.roll_cf   0x20000720        0xc CMakeFiles/cube.dir/app/Src/app.c.obj
 .bss.imu_last_tick
                0x2000072c        0x4 CMakeFiles/cube.dir/app/Src/app.c.obj
 .bss.baro_last_tick
                0x20000730        0x4 CMakeFiles/cube.dir/app/Src/app.c.obj
 .bss.lora_last_tick
                0x20000734        0x4 CMakeFiles/cube.dir/app/Src/app.c.obj
 .bss.lorast    0x20000738        0x1 CMakeFiles/cube.dir/app/Src/app.c.obj
 *fill*         0x20000739        0x3 
 .bss.print_last_tick
                0x2000073c        0x4 CMakeFiles/cube.dir/app/Src/app.c.obj
 .bss.rocket_pitch
                0x20000740        0x4 CMakeFiles/cube.dir/app/Src/app.c.obj
                0x20000740                rocket_pitch
 .bss.rocket_roll
                0x20000744        0x4 CMakeFiles/cube.dir/app/Src/app.c.obj
                0x20000744                rocket_roll
 .bss.rocket_altitude
                0x20000748        0x4 CMakeFiles/cube.dir/app/Src/app.c.obj
                0x20000748                rocket_altitude
 .bss.ax        0x2000074c        0x4 CMakeFiles/cube.dir/app/Src/app.c.obj
 .bss.ay        0x20000750        0x4 CMakeFiles/cube.dir/app/Src/app.c.obj
 .bss.az        0x20000754        0x4 CMakeFiles/cube.dir/app/Src/app.c.obj
 .bss.gy        0x20000758        0x4 CMakeFiles/cube.dir/app/Src/app.c.obj
 .bss.alt1.2    0x2000075c        0x4 CMakeFiles/cube.dir/app/Src/app.c.obj
 .bss.alt2.1    0x20000760        0x4 CMakeFiles/cube.dir/app/Src/app.c.obj
 .bss.current_flight_state
                0x20000764        0x1 CMakeFiles/cube.dir/app/Src/flight_sm.c.obj
                0x20000764                current_flight_state
 *fill*         0x20000765        0x3 
 .bss.apogee_tracker
                0x20000768        0x8 CMakeFiles/cube.dir/app/Src/flight_sm.c.obj
 .bss.stability_timer
                0x20000770        0x4 CMakeFiles/cube.dir/app/Src/flight_sm.c.obj
 .bss.last_alt_sample
                0x20000774        0x4 CMakeFiles/cube.dir/app/Src/flight_sm.c.obj
 .bss.main_chute_fired
                0x20000778        0x1 CMakeFiles/cube.dir/app/Src/flight_sm.c.obj
 *fill*         0x20000779        0x3 
 .bss.rx_buf    0x2000077c       0x80 CMakeFiles/cube.dir/app/Src/rs232.c.obj
 .bss.flag_sit_pending
                0x200007fc        0x1 CMakeFiles/cube.dir/app/Src/rs232.c.obj
                0x200007fc                flag_sit_pending
 .bss.flag_sut_pending
                0x200007fd        0x1 CMakeFiles/cube.dir/app/Src/rs232.c.obj
                0x200007fd                flag_sut_pending
 .bss.flag_stop_pending
                0x200007fe        0x1 CMakeFiles/cube.dir/app/Src/rs232.c.obj
                0x200007fe                flag_stop_pending
 .bss.flag_sut_data_ready
                0x200007ff        0x1 CMakeFiles/cube.dir/app/Src/rs232.c.obj
                0x200007ff                flag_sut_data_ready
 .bss.ukb_sut_data
                0x20000800       0x22 CMakeFiles/cube.dir/app/Src/rs232.c.obj
                0x20000800                ukb_sut_data
 .bss.ukb_sut_data_len
                0x20000822        0x2 CMakeFiles/cube.dir/app/Src/rs232.c.obj
                0x20000822                ukb_sut_data_len
 .bss.__sf      0x20000824      0x138 /usr/lib/gcc/arm-none-eabi/16.1.0/../../../../arm-none-eabi/lib/thumb/v7e-m+fp/hard/libg_nano.a(libc_a-findfp.o)
                0x20000824                __sf
 .bss.__stdio_exit_handler
                0x2000095c        0x4 /usr/lib/gcc/arm-none-eabi/16.1.0/../../../../arm-none-eabi/lib/thumb/v7e-m+fp/hard/libg_nano.a(libc_a-findfp.o)
                0x2000095c                __stdio_exit_handler
 .bss.errno     0x20000960        0x4 /usr/lib/gcc/arm-none-eabi/16.1.0/../../../../arm-none-eabi/lib/thumb/v7e-m+fp/hard/libg_nano.a(libc_a-reent.o)
                0x20000960                errno
 .bss.__lock___malloc_recursive_mutex
                0x20000964        0x1 /usr/lib/gcc/arm-none-eabi/16.1.0/../../../../arm-none-eabi/lib/thumb/v7e-m+fp/hard/libg_nano.a(libc_a-lock.o)
                0x20000964                __lock___malloc_recursive_mutex
 .bss.__lock___sfp_recursive_mutex
                0x20000965        0x1 /usr/lib/gcc/arm-none-eabi/16.1.0/../../../../arm-none-eabi/lib/thumb/v7e-m+fp/hard/libg_nano.a(libc_a-lock.o)
                0x20000965                __lock___sfp_recursive_mutex
 *fill*         0x20000966        0x2 
 .bss.__malloc_sbrk_start
                0x20000968        0x4 /usr/lib/gcc/arm-none-eabi/16.1.0/../../../../arm-none-eabi/lib/thumb/v7e-m+fp/hard/libg_nano.a(libc_a-mallocr.o)
                0x20000968                __malloc_sbrk_start
 .bss.__malloc_free_list
                0x2000096c        0x4 /usr/lib/gcc/arm-none-eabi/16.1.0/../../../../arm-none-eabi/lib/thumb/v7e-m+fp/hard/libg_nano.a(libc_a-mallocr.o)
                0x2000096c                __malloc_free_list
 *(COMMON)
                0x20000970                        . = ALIGN (0x4)
                0x20000970                        _ebss = .
                0x20000970                        __bss_end__ = _ebss
                [!provide]                        PROVIDE (__bss_end = .)
                [!provide]                        PROVIDE (__non_tls_bss_start = ADDR (.bss))
                [!provide]                        PROVIDE (__bss_start = __tbss_start)
                [!provide]                        PROVIDE (__bss_size = (__bss_end - __bss_start))

._user_heap_stack
                0x20000970      0x600 load address 0x0800c420
                0x20000970                        . = ALIGN (0x8)
                [!provide]                        PROVIDE (end = .)
                0x20000970                        PROVIDE (_end = .)
                0x20000b70                        . = (. + _Min_Heap_Size)
 *fill*         0x20000970      0x200 
                0x20000f70                        . = (. + _Min_Stack_Size)
 *fill*         0x20000b70      0x400 
                0x20000f70                        . = ALIGN (0x8)

/DISCARD/
 libc.a:*(*)
 libm.a:*(*)
 libgcc.a:*(*)
OUTPUT(cube.elf elf32-littlearm)
LOAD linker stubs

.ARM.attributes
                0x00000000       0x30
 .ARM.attributes
                0x00000000       0x22 /usr/lib/gcc/arm-none-eabi/16.1.0/thumb/v7e-m+fp/hard/crti.o
 .ARM.attributes
                0x00000022       0x34 /usr/lib/gcc/arm-none-eabi/16.1.0/thumb/v7e-m+fp/hard/crtbegin.o
 .ARM.attributes
                0x00000056       0x34 cmake/stm32cubemx/CMakeFiles/STM32_Drivers.dir/__/__/Core/Src/system_stm32f4xx.c.obj
 .ARM.attributes
                0x0000008a       0x34 cmake/stm32cubemx/CMakeFiles/STM32_Drivers.dir/__/__/Drivers/STM32F4xx_HAL_Driver/Src/stm32f4xx_hal_i2c.c.obj
 .ARM.attributes
                0x000000be       0x34 cmake/stm32cubemx/CMakeFiles/STM32_Drivers.dir/__/__/Drivers/STM32F4xx_HAL_Driver/Src/stm32f4xx_hal_rcc.c.obj
 .ARM.attributes
                0x000000f2       0x34 cmake/stm32cubemx/CMakeFiles/STM32_Drivers.dir/__/__/Drivers/STM32F4xx_HAL_Driver/Src/stm32f4xx_hal_gpio.c.obj
 .ARM.attributes
                0x00000126       0x34 cmake/stm32cubemx/CMakeFiles/STM32_Drivers.dir/__/__/Drivers/STM32F4xx_HAL_Driver/Src/stm32f4xx_hal_dma.c.obj
 .ARM.attributes
                0x0000015a       0x34 cmake/stm32cubemx/CMakeFiles/STM32_Drivers.dir/__/__/Drivers/STM32F4xx_HAL_Driver/Src/stm32f4xx_hal_cortex.c.obj
 .ARM.attributes
                0x0000018e       0x34 cmake/stm32cubemx/CMakeFiles/STM32_Drivers.dir/__/__/Drivers/STM32F4xx_HAL_Driver/Src/stm32f4xx_hal.c.obj
 .ARM.attributes
                0x000001c2       0x34 cmake/stm32cubemx/CMakeFiles/STM32_Drivers.dir/__/__/Drivers/STM32F4xx_HAL_Driver/Src/stm32f4xx_hal_uart.c.obj
 .ARM.attributes
                0x000001f6       0x34 CMakeFiles/cube.dir/Core/Src/main.c.obj
 .ARM.attributes
                0x0000022a       0x34 CMakeFiles/cube.dir/Core/Src/gpio.c.obj
 .ARM.attributes
                0x0000025e       0x34 CMakeFiles/cube.dir/Core/Src/dma.c.obj
 .ARM.attributes
                0x00000292       0x34 CMakeFiles/cube.dir/Core/Src/i2c.c.obj
 .ARM.attributes
                0x000002c6       0x34 CMakeFiles/cube.dir/Core/Src/usart.c.obj
 .ARM.attributes
                0x000002fa       0x34 CMakeFiles/cube.dir/Core/Src/stm32f4xx_it.c.obj
 .ARM.attributes
                0x0000032e       0x34 CMakeFiles/cube.dir/Core/Src/stm32f4xx_hal_msp.c.obj
 .ARM.attributes
                0x00000362       0x34 CMakeFiles/cube.dir/Core/Src/sysmem.c.obj
 .ARM.attributes
                0x00000396       0x34 CMakeFiles/cube.dir/Core/Src/syscalls.c.obj
 .ARM.attributes
                0x000003ca       0x21 CMakeFiles/cube.dir/startup_stm32f411xe.s.obj
 .ARM.attributes
                0x000003eb       0x34 CMakeFiles/cube.dir/app/Src/app.c.obj
 .ARM.attributes
                0x0000041f       0x34 CMakeFiles/cube.dir/app/Src/debug_uart.c.obj
 .ARM.attributes
                0x00000453       0x34 CMakeFiles/cube.dir/app/Src/flight_sm.c.obj
 .ARM.attributes
                0x00000487       0x34 CMakeFiles/cube.dir/app/Src/rs232.c.obj
 .ARM.attributes
                0x000004bb       0x34 CMakeFiles/cube.dir/drivers/Src/bme280.c.obj
 .ARM.attributes
                0x000004ef       0x34 CMakeFiles/cube.dir/drivers/Src/e220.c.obj
 .ARM.attributes
                0x00000523       0x34 CMakeFiles/cube.dir/drivers/Src/mpu6050.c.obj
 .ARM.attributes
                0x00000557       0x34 CMakeFiles/cube.dir/drivers/Src/neo_m8n.c.obj
 .ARM.attributes
                0x0000058b       0x34 CMakeFiles/cube.dir/drivers/Src/pyro.c.obj
 .ARM.attributes
                0x000005bf       0x34 CMakeFiles/cube.dir/middleware/Src/baro_fusion.c.obj
 .ARM.attributes
                0x000005f3       0x34 CMakeFiles/cube.dir/middleware/Src/filters.c.obj
 .ARM.attributes
                0x00000627       0x34 /usr/lib/gcc/arm-none-eabi/16.1.0/../../../../arm-none-eabi/lib/thumb/v7e-m+fp/hard/libm.a(libm_a-wf_atan2.o)
 .ARM.attributes
                0x0000065b       0x34 /usr/lib/gcc/arm-none-eabi/16.1.0/../../../../arm-none-eabi/lib/thumb/v7e-m+fp/hard/libm.a(libm_a-wf_pow.o)
 .ARM.attributes
                0x0000068f       0x34 /usr/lib/gcc/arm-none-eabi/16.1.0/../../../../arm-none-eabi/lib/thumb/v7e-m+fp/hard/libm.a(libm_a-wf_sqrt.o)
 .ARM.attributes
                0x000006c3       0x34 /usr/lib/gcc/arm-none-eabi/16.1.0/../../../../arm-none-eabi/lib/thumb/v7e-m+fp/hard/libm.a(libm_a-sf_finite.o)
 .ARM.attributes
                0x000006f7       0x34 /usr/lib/gcc/arm-none-eabi/16.1.0/../../../../arm-none-eabi/lib/thumb/v7e-m+fp/hard/libm.a(libm_a-ef_sqrt.o)
 .ARM.attributes
                0x0000072b       0x34 /usr/lib/gcc/arm-none-eabi/16.1.0/../../../../arm-none-eabi/lib/thumb/v7e-m+fp/hard/libm.a(libm_a-ef_atan2.o)
 .ARM.attributes
                0x0000075f       0x34 /usr/lib/gcc/arm-none-eabi/16.1.0/../../../../arm-none-eabi/lib/thumb/v7e-m+fp/hard/libm.a(libm_a-ef_pow.o)
 .ARM.attributes
                0x00000793       0x34 /usr/lib/gcc/arm-none-eabi/16.1.0/../../../../arm-none-eabi/lib/thumb/v7e-m+fp/hard/libm.a(libm_a-sf_atan.o)
 .ARM.attributes
                0x000007c7       0x34 /usr/lib/gcc/arm-none-eabi/16.1.0/../../../../arm-none-eabi/lib/thumb/v7e-m+fp/hard/libm.a(libm_a-sf_fabs.o)
 .ARM.attributes
                0x000007fb       0x34 /usr/lib/gcc/arm-none-eabi/16.1.0/../../../../arm-none-eabi/lib/thumb/v7e-m+fp/hard/libm.a(libm_a-sf_scalbn.o)
 .ARM.attributes
                0x0000082f       0x34 /usr/lib/gcc/arm-none-eabi/16.1.0/../../../../arm-none-eabi/lib/thumb/v7e-m+fp/hard/libm.a(libm_a-math_errf.o)
 .ARM.attributes
                0x00000863       0x22 /usr/lib/gcc/arm-none-eabi/16.1.0/thumb/v7e-m+fp/hard/libgcc.a(_arm_addsubdf3.o)
 .ARM.attributes
                0x00000885       0x22 /usr/lib/gcc/arm-none-eabi/16.1.0/thumb/v7e-m+fp/hard/libgcc.a(_arm_addsubsf3.o)
 .ARM.attributes
                0x000008a7       0x22 /usr/lib/gcc/arm-none-eabi/16.1.0/thumb/v7e-m+fp/hard/libgcc.a(_aeabi_ldivmod.o)
 .ARM.attributes
                0x000008c9       0x22 /usr/lib/gcc/arm-none-eabi/16.1.0/thumb/v7e-m+fp/hard/libgcc.a(_aeabi_uldivmod.o)
 .ARM.attributes
                0x000008eb       0x34 /usr/lib/gcc/arm-none-eabi/16.1.0/thumb/v7e-m+fp/hard/libgcc.a(_udivmoddi4.o)
 .ARM.attributes
                0x0000091f       0x22 /usr/lib/gcc/arm-none-eabi/16.1.0/thumb/v7e-m+fp/hard/libgcc.a(_dvmd_tls.o)
 .ARM.attributes
                0x00000941       0x34 /usr/lib/gcc/arm-none-eabi/16.1.0/../../../../arm-none-eabi/lib/thumb/v7e-m+fp/hard/libg_nano.a(libc_a-ctype_.o)
 .ARM.attributes
                0x00000975       0x34 /usr/lib/gcc/arm-none-eabi/16.1.0/../../../../arm-none-eabi/lib/thumb/v7e-m+fp/hard/libg_nano.a(libc_a-nano-vfprintf_float.o)
 .ARM.attributes
                0x000009a9       0x34 /usr/lib/gcc/arm-none-eabi/16.1.0/../../../../arm-none-eabi/lib/thumb/v7e-m+fp/hard/libg_nano.a(libc_a-nano-vfprintf_i.o)
 .ARM.attributes
                0x000009dd       0x34 /usr/lib/gcc/arm-none-eabi/16.1.0/../../../../arm-none-eabi/lib/thumb/v7e-m+fp/hard/libg_nano.a(libc_a-findfp.o)
 .ARM.attributes
                0x00000a11       0x34 /usr/lib/gcc/arm-none-eabi/16.1.0/../../../../arm-none-eabi/lib/thumb/v7e-m+fp/hard/libg_nano.a(libc_a-fwalk.o)
 .ARM.attributes
                0x00000a45       0x34 /usr/lib/gcc/arm-none-eabi/16.1.0/../../../../arm-none-eabi/lib/thumb/v7e-m+fp/hard/libg_nano.a(libc_a-printf.o)
 .ARM.attributes
                0x00000a79       0x34 /usr/lib/gcc/arm-none-eabi/16.1.0/../../../../arm-none-eabi/lib/thumb/v7e-m+fp/hard/libg_nano.a(libc_a-puts.o)
 .ARM.attributes
                0x00000aad       0x34 /usr/lib/gcc/arm-none-eabi/16.1.0/../../../../arm-none-eabi/lib/thumb/v7e-m+fp/hard/libg_nano.a(libc_a-stdio.o)
 .ARM.attributes
                0x00000ae1       0x34 /usr/lib/gcc/arm-none-eabi/16.1.0/../../../../arm-none-eabi/lib/thumb/v7e-m+fp/hard/libg_nano.a(libc_a-wbuf.o)
 .ARM.attributes
                0x00000b15       0x34 /usr/lib/gcc/arm-none-eabi/16.1.0/../../../../arm-none-eabi/lib/thumb/v7e-m+fp/hard/libg_nano.a(libc_a-wsetup.o)
 .ARM.attributes
                0x00000b49       0x34 /usr/lib/gcc/arm-none-eabi/16.1.0/../../../../arm-none-eabi/lib/thumb/v7e-m+fp/hard/libg_nano.a(libc_a-memcmp.o)
 .ARM.attributes
                0x00000b7d       0x34 /usr/lib/gcc/arm-none-eabi/16.1.0/../../../../arm-none-eabi/lib/thumb/v7e-m+fp/hard/libg_nano.a(libc_a-memset.o)
 .ARM.attributes
                0x00000bb1       0x34 /usr/lib/gcc/arm-none-eabi/16.1.0/../../../../arm-none-eabi/lib/thumb/v7e-m+fp/hard/libg_nano.a(libc_a-locale.o)
 .ARM.attributes
                0x00000be5       0x34 /usr/lib/gcc/arm-none-eabi/16.1.0/../../../../arm-none-eabi/lib/thumb/v7e-m+fp/hard/libg_nano.a(libc_a-localeconv.o)
 .ARM.attributes
                0x00000c19       0x34 /usr/lib/gcc/arm-none-eabi/16.1.0/../../../../arm-none-eabi/lib/thumb/v7e-m+fp/hard/libg_nano.a(libc_a-closer.o)
 .ARM.attributes
                0x00000c4d       0x34 /usr/lib/gcc/arm-none-eabi/16.1.0/../../../../arm-none-eabi/lib/thumb/v7e-m+fp/hard/libg_nano.a(libc_a-reent.o)
 .ARM.attributes
                0x00000c81       0x34 /usr/lib/gcc/arm-none-eabi/16.1.0/../../../../arm-none-eabi/lib/thumb/v7e-m+fp/hard/libg_nano.a(libc_a-impure.o)
 .ARM.attributes
                0x00000cb5       0x34 /usr/lib/gcc/arm-none-eabi/16.1.0/../../../../arm-none-eabi/lib/thumb/v7e-m+fp/hard/libg_nano.a(libc_a-lseekr.o)
 .ARM.attributes
                0x00000ce9       0x34 /usr/lib/gcc/arm-none-eabi/16.1.0/../../../../arm-none-eabi/lib/thumb/v7e-m+fp/hard/libg_nano.a(libc_a-readr.o)
 .ARM.attributes
                0x00000d1d       0x34 /usr/lib/gcc/arm-none-eabi/16.1.0/../../../../arm-none-eabi/lib/thumb/v7e-m+fp/hard/libg_nano.a(libc_a-writer.o)
 .ARM.attributes
                0x00000d51       0x34 /usr/lib/gcc/arm-none-eabi/16.1.0/../../../../arm-none-eabi/lib/thumb/v7e-m+fp/hard/libg_nano.a(libc_a-errno.o)
 .ARM.attributes
                0x00000d85       0x34 /usr/lib/gcc/arm-none-eabi/16.1.0/../../../../arm-none-eabi/lib/thumb/v7e-m+fp/hard/libg_nano.a(libc_a-init.o)
 .ARM.attributes
                0x00000db9       0x34 /usr/lib/gcc/arm-none-eabi/16.1.0/../../../../arm-none-eabi/lib/thumb/v7e-m+fp/hard/libg_nano.a(libc_a-lock.o)
 .ARM.attributes
                0x00000ded       0x1c /usr/lib/gcc/arm-none-eabi/16.1.0/../../../../arm-none-eabi/lib/thumb/v7e-m+fp/hard/libg_nano.a(libc_a-memchr.o)
 .ARM.attributes
                0x00000e09       0x34 /usr/lib/gcc/arm-none-eabi/16.1.0/../../../../arm-none-eabi/lib/thumb/v7e-m+fp/hard/libg_nano.a(libc_a-memcpy-stub.o)
 .ARM.attributes
                0x00000e3d       0x17 /usr/lib/gcc/arm-none-eabi/16.1.0/../../../../arm-none-eabi/lib/thumb/v7e-m+fp/hard/libg_nano.a(libc_a-strlen.o)
 .ARM.attributes
                0x00000e54       0x34 /usr/lib/gcc/arm-none-eabi/16.1.0/../../../../arm-none-eabi/lib/thumb/v7e-m+fp/hard/libg_nano.a(libc_a-dtoa.o)
 .ARM.attributes
                0x00000e88       0x34 /usr/lib/gcc/arm-none-eabi/16.1.0/../../../../arm-none-eabi/lib/thumb/v7e-m+fp/hard/libg_nano.a(libc_a-freer.o)
 .ARM.attributes
                0x00000ebc       0x34 /usr/lib/gcc/arm-none-eabi/16.1.0/../../../../arm-none-eabi/lib/thumb/v7e-m+fp/hard/libg_nano.a(libc_a-malloc.o)
 .ARM.attributes
                0x00000ef0       0x34 /usr/lib/gcc/arm-none-eabi/16.1.0/../../../../arm-none-eabi/lib/thumb/v7e-m+fp/hard/libg_nano.a(libc_a-mallocr.o)
 .ARM.attributes
                0x00000f24       0x34 /usr/lib/gcc/arm-none-eabi/16.1.0/../../../../arm-none-eabi/lib/thumb/v7e-m+fp/hard/libg_nano.a(libc_a-mbtowc_r.o)
 .ARM.attributes
                0x00000f58       0x34 /usr/lib/gcc/arm-none-eabi/16.1.0/../../../../arm-none-eabi/lib/thumb/v7e-m+fp/hard/libg_nano.a(libc_a-mlock.o)
 .ARM.attributes
                0x00000f8c       0x34 /usr/lib/gcc/arm-none-eabi/16.1.0/../../../../arm-none-eabi/lib/thumb/v7e-m+fp/hard/libg_nano.a(libc_a-mprec.o)
 .ARM.attributes
                0x00000fc0       0x34 /usr/lib/gcc/arm-none-eabi/16.1.0/../../../../arm-none-eabi/lib/thumb/v7e-m+fp/hard/libg_nano.a(libc_a-wctomb_r.o)
 .ARM.attributes
                0x00000ff4       0x34 /usr/lib/gcc/arm-none-eabi/16.1.0/../../../../arm-none-eabi/lib/thumb/v7e-m+fp/hard/libg_nano.a(libc_a-nano-vfprintf.o)
 .ARM.attributes
                0x00001028       0x34 /usr/lib/gcc/arm-none-eabi/16.1.0/../../../../arm-none-eabi/lib/thumb/v7e-m+fp/hard/libg_nano.a(libc_a-fflush.o)
 .ARM.attributes
                0x0000105c       0x34 /usr/lib/gcc/arm-none-eabi/16.1.0/../../../../arm-none-eabi/lib/thumb/v7e-m+fp/hard/libg_nano.a(libc_a-makebuf.o)
 .ARM.attributes
                0x00001090       0x34 /usr/lib/gcc/arm-none-eabi/16.1.0/../../../../arm-none-eabi/lib/thumb/v7e-m+fp/hard/libg_nano.a(libc_a-fstatr.o)