Archive member included to satisfy reference by file (symbol)

/usr/lib/gcc/arm-none-eabi/16.2.0/../../../../arm-none-eabi/lib/thumb/v7e-m+fp/hard/libm.a(libm_a-wf_atan2.o)
                              CMakeFiles/cube.dir/app/Src/app.c.obj (atan2f)
/usr/lib/gcc/arm-none-eabi/16.2.0/../../../../arm-none-eabi/lib/thumb/v7e-m+fp/hard/libm.a(libm_a-wf_pow.o)
                              CMakeFiles/cube.dir/app/Src/app.c.obj (powf)
/usr/lib/gcc/arm-none-eabi/16.2.0/../../../../arm-none-eabi/lib/thumb/v7e-m+fp/hard/libm.a(libm_a-wf_sqrt.o)
                              CMakeFiles/cube.dir/app/Src/app.c.obj (sqrtf)
/usr/lib/gcc/arm-none-eabi/16.2.0/../../../../arm-none-eabi/lib/thumb/v7e-m+fp/hard/libm.a(libm_a-sf_finite.o)
                              /usr/lib/gcc/arm-none-eabi/16.2.0/../../../../arm-none-eabi/lib/thumb/v7e-m+fp/hard/libm.a(libm_a-wf_pow.o) (finitef)
/usr/lib/gcc/arm-none-eabi/16.2.0/../../../../arm-none-eabi/lib/thumb/v7e-m+fp/hard/libm.a(libm_a-ef_sqrt.o)
                              /usr/lib/gcc/arm-none-eabi/16.2.0/../../../../arm-none-eabi/lib/thumb/v7e-m+fp/hard/libm.a(libm_a-wf_sqrt.o) (__ieee754_sqrtf)
/usr/lib/gcc/arm-none-eabi/16.2.0/../../../../arm-none-eabi/lib/thumb/v7e-m+fp/hard/libm.a(libm_a-sf_floor.o)
                              CMakeFiles/cube.dir/app/Src/app.c.obj (floorf)
/usr/lib/gcc/arm-none-eabi/16.2.0/../../../../arm-none-eabi/lib/thumb/v7e-m+fp/hard/libm.a(libm_a-sf_round.o)
                              CMakeFiles/cube.dir/app/Src/rs232.c.obj (roundf)
/usr/lib/gcc/arm-none-eabi/16.2.0/../../../../arm-none-eabi/lib/thumb/v7e-m+fp/hard/libm.a(libm_a-sf_trunc.o)
                              CMakeFiles/cube.dir/drivers/Src/neo_m8n.c.obj (truncf)
/usr/lib/gcc/arm-none-eabi/16.2.0/../../../../arm-none-eabi/lib/thumb/v7e-m+fp/hard/libm.a(libm_a-ef_atan2.o)
                              /usr/lib/gcc/arm-none-eabi/16.2.0/../../../../arm-none-eabi/lib/thumb/v7e-m+fp/hard/libm.a(libm_a-wf_atan2.o) (__ieee754_atan2f)
/usr/lib/gcc/arm-none-eabi/16.2.0/../../../../arm-none-eabi/lib/thumb/v7e-m+fp/hard/libm.a(libm_a-ef_pow.o)
                              /usr/lib/gcc/arm-none-eabi/16.2.0/../../../../arm-none-eabi/lib/thumb/v7e-m+fp/hard/libm.a(libm_a-wf_pow.o) (__ieee754_powf)
/usr/lib/gcc/arm-none-eabi/16.2.0/../../../../arm-none-eabi/lib/thumb/v7e-m+fp/hard/libm.a(libm_a-sf_atan.o)
                              /usr/lib/gcc/arm-none-eabi/16.2.0/../../../../arm-none-eabi/lib/thumb/v7e-m+fp/hard/libm.a(libm_a-ef_atan2.o) (atanf)
/usr/lib/gcc/arm-none-eabi/16.2.0/../../../../arm-none-eabi/lib/thumb/v7e-m+fp/hard/libm.a(libm_a-sf_fabs.o)
                              /usr/lib/gcc/arm-none-eabi/16.2.0/../../../../arm-none-eabi/lib/thumb/v7e-m+fp/hard/libm.a(libm_a-ef_atan2.o) (fabsf)
/usr/lib/gcc/arm-none-eabi/16.2.0/../../../../arm-none-eabi/lib/thumb/v7e-m+fp/hard/libm.a(libm_a-sf_scalbn.o)
                              /usr/lib/gcc/arm-none-eabi/16.2.0/../../../../arm-none-eabi/lib/thumb/v7e-m+fp/hard/libm.a(libm_a-ef_pow.o) (scalbnf)
/usr/lib/gcc/arm-none-eabi/16.2.0/../../../../arm-none-eabi/lib/thumb/v7e-m+fp/hard/libm.a(libm_a-math_errf.o)
                              /usr/lib/gcc/arm-none-eabi/16.2.0/../../../../arm-none-eabi/lib/thumb/v7e-m+fp/hard/libm.a(libm_a-ef_pow.o) (__math_uflowf)
/usr/lib/gcc/arm-none-eabi/16.2.0/thumb/v7e-m+fp/hard/libgcc.a(_arm_addsubsf3.o)
                              CMakeFiles/cube.dir/drivers/Src/bme280.c.obj (__aeabi_l2f)
/usr/lib/gcc/arm-none-eabi/16.2.0/thumb/v7e-m+fp/hard/libgcc.a(_aeabi_ldivmod.o)
                              CMakeFiles/cube.dir/drivers/Src/bme280.c.obj (__aeabi_ldivmod)
/usr/lib/gcc/arm-none-eabi/16.2.0/thumb/v7e-m+fp/hard/libgcc.a(_aeabi_uldivmod.o)
                              cmake/stm32cubemx/CMakeFiles/STM32_Drivers.dir/__/__/Drivers/STM32F4xx_HAL_Driver/Src/stm32f4xx_hal_rcc.c.obj (__aeabi_uldivmod)
/usr/lib/gcc/arm-none-eabi/16.2.0/thumb/v7e-m+fp/hard/libgcc.a(_udivmoddi4.o)
                              /usr/lib/gcc/arm-none-eabi/16.2.0/thumb/v7e-m+fp/hard/libgcc.a(_aeabi_ldivmod.o) (__udivmoddi4)
/usr/lib/gcc/arm-none-eabi/16.2.0/thumb/v7e-m+fp/hard/libgcc.a(_dvmd_tls.o)
                              /usr/lib/gcc/arm-none-eabi/16.2.0/thumb/v7e-m+fp/hard/libgcc.a(_aeabi_ldivmod.o) (__aeabi_ldiv0)
/usr/lib/gcc/arm-none-eabi/16.2.0/../../../../arm-none-eabi/lib/thumb/v7e-m+fp/hard/libg_nano.a(libc_a-atexit.o)
                              /usr/lib/gcc/arm-none-eabi/16.2.0/../../../../arm-none-eabi/lib/thumb/v7e-m+fp/hard/crt0.o (atexit)
/usr/lib/gcc/arm-none-eabi/16.2.0/../../../../arm-none-eabi/lib/thumb/v7e-m+fp/hard/libg_nano.a(libc_a-exit.o)
                              /usr/lib/gcc/arm-none-eabi/16.2.0/../../../../arm-none-eabi/lib/thumb/v7e-m+fp/hard/crt0.o (exit)
/usr/lib/gcc/arm-none-eabi/16.2.0/../../../../arm-none-eabi/lib/thumb/v7e-m+fp/hard/libg_nano.a(libc_a-strtod.o)
                              CMakeFiles/cube.dir/drivers/Src/neo_m8n.c.obj (strtof)
[...]
Memory Configuration

Name             Origin             Length             Attributes
RAM              0x20000000         0x00020000         xrw
FLASH            0x08000000         0x00080000         xr
*default*        0x00000000         0xffffffff

Linker script and memory map

LOAD /usr/lib/gcc/arm-none-eabi/16.2.0/thumb/v7e-m+fp/hard/crti.o
LOAD /usr/lib/gcc/arm-none-eabi/16.2.0/thumb/v7e-m+fp/hard/crtbegin.o
LOAD /usr/lib/gcc/arm-none-eabi/16.2.0/../../../../arm-none-eabi/lib/thumb/v7e-m+fp/hard/crt0.o
LOAD cmake/stm32cubemx/CMakeFiles/STM32_Drivers.dir/__/__/Core/Src/system_stm32f4xx.c.obj
LOAD cmake/stm32cubemx/CMakeFiles/STM32_Drivers.dir/__/__/Drivers/STM32F4xx_HAL_Driver/Src/stm32f4xx_hal_i2c.c.obj
LOAD cmake/stm32cubemx/CMakeFiles/STM32_Drivers.dir/__/__/Drivers/STM32F4xx_HAL_Driver/Src/stm32f4xx_hal_i2c_ex.c.obj
LOAD cmake/stm32cubemx/CMakeFiles/STM32_Drivers.dir/__/__/Drivers/STM32F4xx_HAL_Driver/Src/stm32f4xx_hal_rcc.c.obj
LOAD cmake/stm32cubemx/CMakeFiles/STM32_Drivers.dir/__/__/Drivers/STM32F4xx_HAL_Driver/Src/stm32f4xx_hal_rcc_ex.c.obj
LOAD cmake/stm32cubemx/CMakeFiles/STM32_Drivers.dir/__/__/Drivers/STM32F4xx_HAL_Driver/Src/stm32f4xx_hal_flash.c.obj
LOAD cmake/stm32cubemx/CMakeFiles/STM32_Drivers.dir/__/__/Drivers/STM32F4xx_HAL_Driver/Src/stm32f4xx_hal_flash_ex.c.obj
LOAD cmake/stm32cubemx/CMakeFiles/STM32_Drivers.dir/__/__/Drivers/STM32F4xx_HAL_Driver/Src/stm32f4xx_hal_flash_ramfunc.c.obj
LOAD cmake/stm32cubemx/CMakeFiles/STM32_Drivers.dir/__/__/Drivers/STM32F4xx_HAL_Driver/Src/stm32f4xx_hal_gpio.c.obj
LOAD cmake/stm32cubemx/CMakeFiles/STM32_Drivers.dir/__/__/Drivers/STM32F4xx_HAL_Driver/Src/stm32f4xx_hal_dma_ex.c.obj
LOAD cmake/stm32cubemx/CMakeFiles/STM32_Drivers.dir/__/__/Drivers/STM32F4xx_HAL_Driver/Src/stm32f4xx_hal_dma.c.obj
LOAD cmake/stm32cubemx/CMakeFiles/STM32_Drivers.dir/__/__/Drivers/STM32F4xx_HAL_Driver/Src/stm32f4xx_hal_pwr.c.obj
LOAD cmake/stm32cubemx/CMakeFiles/STM32_Drivers.dir/__/__/Drivers/STM32F4xx_HAL_Driver/Src/stm32f4xx_hal_pwr_ex.c.obj
LOAD cmake/stm32cubemx/CMakeFiles/STM32_Drivers.dir/__/__/Drivers/STM32F4xx_HAL_Driver/Src/stm32f4xx_hal_cortex.c.obj
LOAD cmake/stm32cubemx/CMakeFiles/STM32_Drivers.dir/__/__/Drivers/STM32F4xx_HAL_Driver/Src/stm32f4xx_hal.c.obj
LOAD cmake/stm32cubemx/CMakeFiles/STM32_Drivers.dir/__/__/Drivers/STM32F4xx_HAL_Driver/Src/stm32f4xx_hal_exti.c.obj
LOAD cmake/stm32cubemx/CMakeFiles/STM32_Drivers.dir/__/__/Drivers/STM32F4xx_HAL_Driver/Src/stm32f4xx_hal_uart.c.obj
LOAD CMakeFiles/cube.dir/Core/Src/main.c.obj
LOAD CMakeFiles/cube.dir/Core/Src/gpio.c.obj
LOAD CMakeFiles/cube.dir/Core/Src/dma.c.obj
LOAD CMakeFiles/cube.dir/Core/Src/i2c.c.obj
LOAD CMakeFiles/cube.dir/Core/Src/usart.c.obj
LOAD CMakeFiles/cube.dir/Core/Src/stm32f4xx_it.c.obj
LOAD CMakeFiles/cube.dir/Core/Src/stm32f4xx_hal_msp.c.obj
LOAD CMakeFiles/cube.dir/Core/Src/sysmem.c.obj
LOAD CMakeFiles/cube.dir/Core/Src/syscalls.c.obj
LOAD CMakeFiles/cube.dir/startup_stm32f411xe.s.obj
LOAD CMakeFiles/cube.dir/app/Src/app.c.obj
LOAD CMakeFiles/cube.dir/app/Src/debug_uart.c.obj
LOAD CMakeFiles/cube.dir/app/Src/e220_diag.c.obj
LOAD CMakeFiles/cube.dir/app/Src/flight_sm.c.obj
LOAD CMakeFiles/cube.dir/app/Src/rs232.c.obj
LOAD CMakeFiles/cube.dir/app/Src/rs232_loopback.c.obj
LOAD CMakeFiles/cube.dir/drivers/Src/bme280.c.obj
LOAD CMakeFiles/cube.dir/drivers/Src/e220.c.obj
LOAD CMakeFiles/cube.dir/drivers/Src/mpu6050.c.obj
LOAD CMakeFiles/cube.dir/drivers/Src/neo_m8n.c.obj
LOAD CMakeFiles/cube.dir/drivers/Src/pyro.c.obj
LOAD CMakeFiles/cube.dir/middleware/Src/baro_fusion.c.obj
LOAD CMakeFiles/cube.dir/middleware/Src/filters.c.obj
LOAD /usr/lib/gcc/arm-none-eabi/16.2.0/../../../../arm-none-eabi/lib/thumb/v7e-m+fp/hard/libm.a
START GROUP
LOAD /usr/lib/gcc/arm-none-eabi/16.2.0/thumb/v7e-m+fp/hard/libgcc.a
LOAD /usr/lib/gcc/arm-none-eabi/16.2.0/../../../../arm-none-eabi/lib/thumb/v7e-m+fp/hard/libg_nano.a
LOAD /usr/lib/gcc/arm-none-eabi/16.2.0/../../../../arm-none-eabi/lib/thumb/v7e-m+fp/hard/libc_nano.a
END GROUP
START GROUP
LOAD /usr/lib/gcc/arm-none-eabi/16.2.0/thumb/v7e-m+fp/hard/libgcc.a
LOAD /usr/lib/gcc/arm-none-eabi/16.2.0/../../../../arm-none-eabi/lib/thumb/v7e-m+fp/hard/libc_nano.a
END GROUP
LOAD /usr/lib/gcc/arm-none-eabi/16.2.0/thumb/v7e-m+fp/hard/crtend.o
LOAD /usr/lib/gcc/arm-none-eabi/16.2.0/thumb/v7e-m+fp/hard/crtn.o
                0x20020000                        _estack = (ORIGIN (RAM) + LENGTH (RAM))
                0x2001fc00                        _sstack = (_estack - _Min_Stack_Size)
                0x00000200                        _Min_Heap_Size = 0x200
                0x00000400                        _Min_Stack_Size = 0x400

.isr_vector     0x08000000      0x198
                0x08000000                        . = ALIGN (0x4)
 *(.isr_vector)
 .isr_vector    0x08000000      0x198 CMakeFiles/cube.dir/startup_stm32f411xe.s.obj
                0x08000000                g_pfnVectors
                0x08000198                        . = ALIGN (0x4)

.text           0x080001a0     0xe8bc
                0x080001a0                        . = ALIGN (0x4)
 *(.text)
 .text          0x080001a0      0x21c /usr/lib/gcc/arm-none-eabi/16.2.0/thumb/v7e-m+fp/hard/libgcc.a(_arm_addsubsf3.o)
                0x080001a0                __aeabi_frsub
                0x080001a8                __subsf3
                0x080001a8                __aeabi_fsub
                0x080001ac                __aeabi_fadd
                0x080001ac                __addsf3
                0x0800030c                __aeabi_ui2f
                0x0800030c                __floatunsisf
                0x08000314                __aeabi_i2f
                0x08000314                __floatsisf
                0x08000330                __floatundisf
                0x08000330                __aeabi_ul2f
                0x08000340                __floatdisf
                0x08000340                __aeabi_l2f
 .text          0x080003bc       0xa0 /usr/lib/gcc/arm-none-eabi/16.2.0/thumb/v7e-m+fp/hard/libgcc.a(_aeabi_ldivmod.o)
                0x080003bc                __aeabi_ldivmod
 .text          0x0800045c       0x30 /usr/lib/gcc/arm-none-eabi/16.2.0/thumb/v7e-m+fp/hard/libgcc.a(_aeabi_uldivmod.o)
                0x0800045c                __aeabi_uldivmod
 .text          0x0800048c        0x4 /usr/lib/gcc/arm-none-eabi/16.2.0/thumb/v7e-m+fp/hard/libgcc.a(_dvmd_tls.o)
                0x0800048c                __aeabi_ldiv0
                0x0800048c                __aeabi_idiv0
 .text          0x08000490       0xa0 /usr/lib/gcc/arm-none-eabi/16.2.0/../../../../arm-none-eabi/lib/thumb/v7e-m+fp/hard/libg_nano.a(libc_a-memchr.o)
                0x08000490                memchr
 .text          0x08000530       0x10 /usr/lib/gcc/arm-none-eabi/16.2.0/../../../../arm-none-eabi/lib/thumb/v7e-m+fp/hard/libg_nano.a(libc_a-strlen.o)
                0x08000530                strlen
 .text          0x08000540      0x378 /usr/lib/gcc/arm-none-eabi/16.2.0/thumb/v7e-m+fp/hard/libgcc.a(_arm_addsubdf3.o)
                0x08000540                __aeabi_drsub
                0x08000548                __aeabi_dsub
                0x08000548                __subdf3
                0x0800054c                __adddf3
                0x0800054c                __aeabi_dadd
                0x080007c4                __aeabi_ui2d
                0x080007c4                __floatunsidf
                0x080007e4                __floatsidf
                0x080007e4                __aeabi_i2d
                0x08000808                __extendsfdf2
                0x08000808                __aeabi_f2d
                0x0800084c                __aeabi_ul2d
                0x0800084c                __floatundidf
                0x0800085c                __floatdidf
                0x0800085c                __aeabi_l2d
 .text          0x080008b8      0x424 /usr/lib/gcc/arm-none-eabi/16.2.0/thumb/v7e-m+fp/hard/libgcc.a(_arm_muldivdf3.o)
                0x080008b8                __aeabi_dmul
                0x080008b8                __muldf3
                0x08000b0c                __aeabi_ddiv
                0x08000b0c                __divdf3
 .text          0x08000cdc      0x110 /usr/lib/gcc/arm-none-eabi/16.2.0/thumb/v7e-m+fp/hard/libgcc.a(_arm_cmpdf2.o)
                0x08000cdc                __gtdf2
                0x08000cdc                __gedf2
                0x08000ce4                __ltdf2
                0x08000ce4                __ledf2
                0x08000cec                __cmpdf2
                0x08000cec                __eqdf2
                0x08000cec                __nedf2
                0x08000d68                __aeabi_cdrcmple
                0x08000d78                __aeabi_cdcmple
                0x08000d78                __aeabi_cdcmpeq
                0x08000d88                __aeabi_dcmpeq
                0x08000d9c                __aeabi_dcmplt
                0x08000db0                __aeabi_dcmple
                0x08000dc4                __aeabi_dcmpge
                0x08000dd8                __aeabi_dcmpgt
 .text          0x08000dec       0x2c /usr/lib/gcc/arm-none-eabi/16.2.0/thumb/v7e-m+fp/hard/libgcc.a(_arm_unorddf2.o)
                0x08000dec                __aeabi_dcmpun
                0x08000dec                __unorddf2
 .text          0x08000e18       0x50 /usr/lib/gcc/arm-none-eabi/16.2.0/thumb/v7e-m+fp/hard/libgcc.a(_arm_fixdfsi.o)
                0x08000e18                __fixdfsi
                0x08000e18                __aeabi_d2iz
 .text          0x08000e68       0x40 /usr/lib/gcc/arm-none-eabi/16.2.0/thumb/v7e-m+fp/hard/libgcc.a(_arm_fixunsdfsi.o)
                0x08000e68                __fixunsdfsi
                0x08000e68                __aeabi_d2uiz
 .text          0x08000ea8       0xa0 /usr/lib/gcc/arm-none-eabi/16.2.0/thumb/v7e-m+fp/hard/libgcc.a(_arm_truncdfsf2.o)
                0x08000ea8                __aeabi_d2f
                0x08000ea8                __truncdfsf2
 *(.text*)
 .text.__do_global_dtors_aux
                0x08000f48       0x24 /usr/lib/gcc/arm-none-eabi/16.2.0/thumb/v7e-m+fp/hard/crtbegin.o
 .text.frame_dummy
                0x08000f6c       0x1c /usr/lib/gcc/arm-none-eabi/16.2.0/thumb/v7e-m+fp/hard/crtbegin.o
 .text.SystemInit
                0x08000f88       0x20 cmake/stm32cubemx/CMakeFiles/STM32_Drivers.dir/__/__/Core/Src/system_stm32f4xx.c.obj
                0x08000f88                SystemInit
 .text.HAL_I2C_Init
                0x08000fa8      0x284 cmake/stm32cubemx/CMakeFiles/STM32_Drivers.dir/__/__/Drivers/STM32F4xx_HAL_Driver/Src/stm32f4xx_hal_i2c.c.obj
                0x08000fa8                HAL_I2C_Init
 .text.HAL_I2C_DeInit
                0x0800122c       0x5e cmake/stm32cubemx/CMakeFiles/STM32_Drivers.dir/__/__/Drivers/STM32F4xx_HAL_Driver/Src/stm32f4xx_hal_i2c.c.obj
                0x0800122c                HAL_I2C_DeInit
 *fill*         0x0800128a        0x2 
 .text.HAL_I2C_Mem_Write
                0x0800128c      0x1ec cmake/stm32cubemx/CMakeFiles/STM32_Drivers.dir/__/__/Drivers/STM32F4xx_HAL_Driver/Src/stm32f4xx_hal_i2c.c.obj
                0x0800128c                HAL_I2C_Mem_Write
 .text.HAL_I2C_Mem_Read
                0x08001478      0x450 cmake/stm32cubemx/CMakeFiles/STM32_Drivers.dir/__/__/Drivers/STM32F4xx_HAL_Driver/Src/stm32f4xx_hal_i2c.c.obj
                0x08001478                HAL_I2C_Mem_Read
 .text.HAL_I2C_IsDeviceReady
                0x080018c8      0x244 cmake/stm32cubemx/CMakeFiles/STM32_Drivers.dir/__/__/Drivers/STM32F4xx_HAL_Driver/Src/stm32f4xx_hal_i2c.c.obj
                0x080018c8                HAL_I2C_IsDeviceReady
 .text.I2C_RequestMemoryWrite
                0x08001b0c      0x12c cmake/stm32cubemx/CMakeFiles/STM32_Drivers.dir/__/__/Drivers/STM32F4xx_HAL_Driver/Src/stm32f4xx_hal_i2c.c.obj
 .text.I2C_RequestMemoryRead
                0x08001c38      0x1d0 cmake/stm32cubemx/CMakeFiles/STM32_Drivers.dir/__/__/Drivers/STM32F4xx_HAL_Driver/Src/stm32f4xx_hal_i2c.c.obj
 .text.I2C_WaitOnFlagUntilTimeout
                0x08001e08       0xf4 cmake/stm32cubemx/CMakeFiles/STM32_Drivers.dir/__/__/Drivers/STM32F4xx_HAL_Driver/Src/stm32f4xx_hal_i2c.c.obj
 .text.I2C_WaitOnMasterAddressFlagUntilTimeout
                0x08001efc      0x140 cmake/stm32cubemx/CMakeFiles/STM32_Drivers.dir/__/__/Drivers/STM32F4xx_HAL_Driver/Src/stm32f4xx_hal_i2c.c.obj
 .text.I2C_WaitOnTXEFlagUntilTimeout
                0x0800203c       0x90 cmake/stm32cubemx/CMakeFiles/STM32_Drivers.dir/__/__/Drivers/STM32F4xx_HAL_Driver/Src/stm32f4xx_hal_i2c.c.obj
 .text.I2C_WaitOnBTFFlagUntilTimeout
                0x080020cc       0x90 cmake/stm32cubemx/CMakeFiles/STM32_Drivers.dir/__/__/Drivers/STM32F4xx_HAL_Driver/Src/stm32f4xx_hal_i2c.c.obj
 .text.I2C_WaitOnRXNEFlagUntilTimeout
                0x0800215c       0xba cmake/stm32cubemx/CMakeFiles/STM32_Drivers.dir/__/__/Drivers/STM32F4xx_HAL_Driver/Src/stm32f4xx_hal_i2c.c.obj
 .text.I2C_IsAcknowledgeFailed
                0x08002216       0x5c cmake/stm32cubemx/CMakeFiles/STM32_Drivers.dir/__/__/Drivers/STM32F4xx_HAL_Driver/Src/stm32f4xx_hal_i2c.c.obj
 *fill*         0x08002272        0x2 
 .text.HAL_RCC_OscConfig
                0x08002274      0x4f0 cmake/stm32cubemx/CMakeFiles/STM32_Drivers.dir/__/__/Drivers/STM32F4xx_HAL_Driver/Src/stm32f4xx_hal_rcc.c.obj
                0x08002274                HAL_RCC_OscConfig
 .text.HAL_RCC_ClockConfig
                0x08002764      0x1cc cmake/stm32cubemx/CMakeFiles/STM32_Drivers.dir/__/__/Drivers/STM32F4xx_HAL_Driver/Src/stm32f4xx_hal_rcc.c.obj
                0x08002764                HAL_RCC_ClockConfig
 .text.HAL_RCC_GetSysClockFreq
                0x08002930      0x188 cmake/stm32cubemx/CMakeFiles/STM32_Drivers.dir/__/__/Drivers/STM32F4xx_HAL_Driver/Src/stm32f4xx_hal_rcc.c.obj
                0x08002930                HAL_RCC_GetSysClockFreq
 .text.HAL_RCC_GetHCLKFreq
                0x08002ab8       0x14 cmake/stm32cubemx/CMakeFiles/STM32_Drivers.dir/__/__/Drivers/STM32F4xx_HAL_Driver/Src/stm32f4xx_hal_rcc.c.obj
                0x08002ab8                HAL_RCC_GetHCLKFreq
 .text.HAL_RCC_GetPCLK1Freq
                0x08002acc       0x28 cmake/stm32cubemx/CMakeFiles/STM32_Drivers.dir/__/__/Drivers/STM32F4xx_HAL_Driver/Src/stm32f4xx_hal_rcc.c.obj
                0x08002acc                HAL_RCC_GetPCLK1Freq
 .text.HAL_RCC_GetPCLK2Freq
                0x08002af4       0x28 cmake/stm32cubemx/CMakeFiles/STM32_Drivers.dir/__/__/Drivers/STM32F4xx_HAL_Driver/Src/stm32f4xx_hal_rcc.c.obj
                0x08002af4                HAL_RCC_GetPCLK2Freq
 .text.HAL_GPIO_Init
                0x08002b1c      0x304 cmake/stm32cubemx/CMakeFiles/STM32_Drivers.dir/__/__/Drivers/STM32F4xx_HAL_Driver/Src/stm32f4xx_hal_gpio.c.obj
                0x08002b1c                HAL_GPIO_Init
 .text.HAL_GPIO_DeInit
                0x08002e20      0x1c4 cmake/stm32cubemx/CMakeFiles/STM32_Drivers.dir/__/__/Drivers/STM32F4xx_HAL_Driver/Src/stm32f4xx_hal_gpio.c.obj
                0x08002e20                HAL_GPIO_DeInit
 .text.HAL_GPIO_ReadPin
                0x08002fe4       0x2e cmake/stm32cubemx/CMakeFiles/STM32_Drivers.dir/__/__/Drivers/STM32F4xx_HAL_Driver/Src/stm32f4xx_hal_gpio.c.obj
                0x08002fe4                HAL_GPIO_ReadPin
 .text.HAL_GPIO_WritePin
                0x08003012       0x30 cmake/stm32cubemx/CMakeFiles/STM32_Drivers.dir/__/__/Drivers/STM32F4xx_HAL_Driver/Src/stm32f4xx_hal_gpio.c.obj
                0x08003012                HAL_GPIO_WritePin
 *fill*         0x08003042        0x2 
 .text.HAL_DMA_Init
                0x08003044      0x15c cmake/stm32cubemx/CMakeFiles/STM32_Drivers.dir/__/__/Drivers/STM32F4xx_HAL_Driver/Src/stm32f4xx_hal_dma.c.obj
                0x08003044                HAL_DMA_Init
 .text.HAL_DMA_Start_IT
                0x080031a0       0xae cmake/stm32cubemx/CMakeFiles/STM32_Drivers.dir/__/__/Drivers/STM32F4xx_HAL_Driver/Src/stm32f4xx_hal_dma.c.obj
                0x080031a0                HAL_DMA_Start_IT
 .text.HAL_DMA_Abort
                0x0800324e       0xde cmake/stm32cubemx/CMakeFiles/STM32_Drivers.dir/__/__/Drivers/STM32F4xx_HAL_Driver/Src/stm32f4xx_hal_dma.c.obj
                0x0800324e                HAL_DMA_Abort
 .text.HAL_DMA_Abort_IT
                0x0800332c       0x40 cmake/stm32cubemx/CMakeFiles/STM32_Drivers.dir/__/__/Drivers/STM32F4xx_HAL_Driver/Src/stm32f4xx_hal_dma.c.obj
                0x0800332c                HAL_DMA_Abort_IT
 .text.HAL_DMA_IRQHandler
                0x0800336c      0x314 cmake/stm32cubemx/CMakeFiles/STM32_Drivers.dir/__/__/Drivers/STM32F4xx_HAL_Driver/Src/stm32f4xx_hal_dma.c.obj
                0x0800336c                HAL_DMA_IRQHandler
 .text.DMA_SetConfig
                0x08003680       0x5a cmake/stm32cubemx/CMakeFiles/STM32_Drivers.dir/__/__/Drivers/STM32F4xx_HAL_Driver/Src/stm32f4xx_hal_dma.c.obj
 *fill*         0x080036da        0x2 
 .text.DMA_CalcBaseAndBitshift
                0x080036dc       0x68 cmake/stm32cubemx/CMakeFiles/STM32_Drivers.dir/__/__/Drivers/STM32F4xx_HAL_Driver/Src/stm32f4xx_hal_dma.c.obj
 .text.DMA_CheckFifoParam
                0x08003744      0x10a cmake/stm32cubemx/CMakeFiles/STM32_Drivers.dir/__/__/Drivers/STM32F4xx_HAL_Driver/Src/stm32f4xx_hal_dma.c.obj
 *fill*         0x0800384e        0x2 
 .text.__NVIC_SetPriorityGrouping
                0x08003850       0x48 cmake/stm32cubemx/CMakeFiles/STM32_Drivers.dir/__/__/Drivers/STM32F4xx_HAL_Driver/Src/stm32f4xx_hal_cortex.c.obj
 .text.__NVIC_GetPriorityGrouping
                0x08003898       0x1c cmake/stm32cubemx/CMakeFiles/STM32_Drivers.dir/__/__/Drivers/STM32F4xx_HAL_Driver/Src/stm32f4xx_hal_cortex.c.obj
 .text.__NVIC_EnableIRQ
                0x080038b4       0x38 cmake/stm32cubemx/CMakeFiles/STM32_Drivers.dir/__/__/Drivers/STM32F4xx_HAL_Driver/Src/stm32f4xx_hal_cortex.c.obj
 .text.__NVIC_SetPriority
                0x080038ec       0x54 cmake/stm32cubemx/CMakeFiles/STM32_Drivers.dir/__/__/Drivers/STM32F4xx_HAL_Driver/Src/stm32f4xx_hal_cortex.c.obj
 .text.NVIC_EncodePriority
                0x08003940       0x6e cmake/stm32cubemx/CMakeFiles/STM32_Drivers.dir/__/__/Drivers/STM32F4xx_HAL_Driver/Src/stm32f4xx_hal_cortex.c.obj
 *fill*         0x080039ae        0x2 
 .text.SysTick_Config
                0x080039b0       0x44 cmake/stm32cubemx/CMakeFiles/STM32_Drivers.dir/__/__/Drivers/STM32F4xx_HAL_Driver/Src/stm32f4xx_hal_cortex.c.obj
 .text.HAL_NVIC_SetPriorityGrouping
                0x080039f4       0x16 cmake/stm32cubemx/CMakeFiles/STM32_Drivers.dir/__/__/Drivers/STM32F4xx_HAL_Driver/Src/stm32f4xx_hal_cortex.c.obj
                0x080039f4                HAL_NVIC_SetPriorityGrouping
 .text.HAL_NVIC_SetPriority
                0x08003a0a       0x38 cmake/stm32cubemx/CMakeFiles/STM32_Drivers.dir/__/__/Drivers/STM32F4xx_HAL_Driver/Src/stm32f4xx_hal_cortex.c.obj
                0x08003a0a                HAL_NVIC_SetPriority
 .text.HAL_NVIC_EnableIRQ
                0x08003a42       0x1c cmake/stm32cubemx/CMakeFiles/STM32_Drivers.dir/__/__/Drivers/STM32F4xx_HAL_Driver/Src/stm32f4xx_hal_cortex.c.obj
                0x08003a42                HAL_NVIC_EnableIRQ
 .text.HAL_SYSTICK_Config
                0x08003a5e       0x18 cmake/stm32cubemx/CMakeFiles/STM32_Drivers.dir/__/__/Drivers/STM32F4xx_HAL_Driver/Src/stm32f4xx_hal_cortex.c.obj
                0x08003a5e                HAL_SYSTICK_Config
 *fill*         0x08003a76        0x2 
 .text.HAL_Init
                0x08003a78       0x44 cmake/stm32cubemx/CMakeFiles/STM32_Drivers.dir/__/__/Drivers/STM32F4xx_HAL_Driver/Src/stm32f4xx_hal.c.obj
                0x08003a78                HAL_Init
 .text.HAL_InitTick
                0x08003abc       0x60 cmake/stm32cubemx/CMakeFiles/STM32_Drivers.dir/__/__/Drivers/STM32F4xx_HAL_Driver/Src/stm32f4xx_hal.c.obj
                0x08003abc                HAL_InitTick
 .text.HAL_IncTick
                0x08003b1c       0x24 cmake/stm32cubemx/CMakeFiles/STM32_Drivers.dir/__/__/Drivers/STM32F4xx_HAL_Driver/Src/stm32f4xx_hal.c.obj
                0x08003b1c                HAL_IncTick
 .text.HAL_GetTick
                0x08003b40       0x14 cmake/stm32cubemx/CMakeFiles/STM32_Drivers.dir/__/__/Drivers/STM32F4xx_HAL_Driver/Src/stm32f4xx_hal.c.obj
                0x08003b40                HAL_GetTick
 .text.HAL_Delay
                0x08003b54       0x48 cmake/stm32cubemx/CMakeFiles/STM32_Drivers.dir/__/__/Drivers/STM32F4xx_HAL_Driver/Src/stm32f4xx_hal.c.obj
                0x08003b54                HAL_Delay
 .text.HAL_UART_Init
                0x08003b9c       0x9e cmake/stm32cubemx/CMakeFiles/STM32_Drivers.dir/__/__/Drivers/STM32F4xx_HAL_Driver/Src/stm32f4xx_hal_uart.c.obj
                0x08003b9c                HAL_UART_Init
 .text.HAL_UART_Transmit
                0x08003c3a      0x110 cmake/stm32cubemx/CMakeFiles/STM32_Drivers.dir/__/__/Drivers/STM32F4xx_HAL_Driver/Src/stm32f4xx_hal_uart.c.obj
                0x08003c3a                HAL_UART_Transmit
 .text.HAL_UART_Receive_IT
                0x08003d4a       0x48 cmake/stm32cubemx/CMakeFiles/STM32_Drivers.dir/__/__/Drivers/STM32F4xx_HAL_Driver/Src/stm32f4xx_hal_uart.c.obj
                0x08003d4a                HAL_UART_Receive_IT
 .text.HAL_UARTEx_ReceiveToIdle_DMA
                0x08003d92       0xb0 cmake/stm32cubemx/CMakeFiles/STM32_Drivers.dir/__/__/Drivers/STM32F4xx_HAL_Driver/Src/stm32f4xx_hal_uart.c.obj
                0x08003d92                HAL_UARTEx_ReceiveToIdle_DMA
 *fill*         0x08003e42        0x2 
 .text.HAL_UART_IRQHandler
                0x08003e44      0x54c cmake/stm32cubemx/CMakeFiles/STM32_Drivers.dir/__/__/Drivers/STM32F4xx_HAL_Driver/Src/stm32f4xx_hal_uart.c.obj
                0x08003e44                HAL_UART_IRQHandler
 .text.HAL_UART_TxCpltCallback
                0x08004390       0x12 cmake/stm32cubemx/CMakeFiles/STM32_Drivers.dir/__/__/Drivers/STM32F4xx_HAL_Driver/Src/stm32f4xx_hal_uart.c.obj
                0x08004390                HAL_UART_TxCpltCallback
 .text.HAL_UART_RxHalfCpltCallback
                0x080043a2       0x12 cmake/stm32cubemx/CMakeFiles/STM32_Drivers.dir/__/__/Drivers/STM32F4xx_HAL_Driver/Src/stm32f4xx_hal_uart.c.obj
                0x080043a2                HAL_UART_RxHalfCpltCallback
 .text.UART_DMAReceiveCplt
                0x080043b4      0x12c cmake/stm32cubemx/CMakeFiles/STM32_Drivers.dir/__/__/Drivers/STM32F4xx_HAL_Driver/Src/stm32f4xx_hal_uart.c.obj
 .text.UART_DMARxHalfCplt
                0x080044e0       0x3c cmake/stm32cubemx/CMakeFiles/STM32_Drivers.dir/__/__/Drivers/STM32F4xx_HAL_Driver/Src/stm32f4xx_hal_uart.c.obj
 .text.UART_DMAError
                0x0800451c       0x88 cmake/stm32cubemx/CMakeFiles/STM32_Drivers.dir/__/__/Drivers/STM32F4xx_HAL_Driver/Src/stm32f4xx_hal_uart.c.obj
 .text.UART_WaitOnFlagUntilTimeout
                0x080045a4       0xb2 cmake/stm32cubemx/CMakeFiles/STM32_Drivers.dir/__/__/Drivers/STM32F4xx_HAL_Driver/Src/stm32f4xx_hal_uart.c.obj
 .text.UART_Start_Receive_IT
                0x08004656       0x72 cmake/stm32cubemx/CMakeFiles/STM32_Drivers.dir/__/__/Drivers/STM32F4xx_HAL_Driver/Src/stm32f4xx_hal_uart.c.obj
                0x08004656                UART_Start_Receive_IT
 .text.UART_Start_Receive_DMA
                0x080046c8      0x14c cmake/stm32cubemx/CMakeFiles/STM32_Drivers.dir/__/__/Drivers/STM32F4xx_HAL_Driver/Src/stm32f4xx_hal_uart.c.obj
                0x080046c8                UART_Start_Receive_DMA
 .text.UART_EndTxTransfer
                0x08004814       0x4e cmake/stm32cubemx/CMakeFiles/STM32_Drivers.dir/__/__/Drivers/STM32F4xx_HAL_Driver/Src/stm32f4xx_hal_uart.c.obj
 .text.UART_EndRxTransfer
                0x08004862       0xc4 cmake/stm32cubemx/CMakeFiles/STM32_Drivers.dir/__/__/Drivers/STM32F4xx_HAL_Driver/Src/stm32f4xx_hal_uart.c.obj
 .text.UART_DMAAbortOnError
                0x08004926       0x22 cmake/stm32cubemx/CMakeFiles/STM32_Drivers.dir/__/__/Drivers/STM32F4xx_HAL_Driver/Src/stm32f4xx_hal_uart.c.obj
 .text.UART_Transmit_IT
                0x08004948       0x9a cmake/stm32cubemx/CMakeFiles/STM32_Drivers.dir/__/__/Drivers/STM32F4xx_HAL_Driver/Src/stm32f4xx_hal_uart.c.obj
 .text.UART_EndTransmit_IT
                0x080049e2       0x30 cmake/stm32cubemx/CMakeFiles/STM32_Drivers.dir/__/__/Drivers/STM32F4xx_HAL_Driver/Src/stm32f4xx_hal_uart.c.obj
 .text.UART_Receive_IT
                0x08004a12      0x178 cmake/stm32cubemx/CMakeFiles/STM32_Drivers.dir/__/__/Drivers/STM32F4xx_HAL_Driver/Src/stm32f4xx_hal_uart.c.obj
 *fill*         0x08004b8a        0x2 
 .text.UART_SetConfig
                0x08004b8c      0x4e8 cmake/stm32cubemx/CMakeFiles/STM32_Drivers.dir/__/__/Drivers/STM32F4xx_HAL_Driver/Src/stm32f4xx_hal_uart.c.obj
 .text.main     0x08005074       0x54 CMakeFiles/cube.dir/Core/Src/main.c.obj
                0x08005074                main
 .text.SystemClock_Config
                0x080050c8       0xd0 CMakeFiles/cube.dir/Core/Src/main.c.obj
                0x080050c8                SystemClock_Config
 .text.Error_Handler
                0x08005198        0xc CMakeFiles/cube.dir/Core/Src/main.c.obj
                0x08005198                Error_Handler
 .text.MX_GPIO_Init
                0x080051a4      0x134 CMakeFiles/cube.dir/Core/Src/gpio.c.obj
                0x080051a4                MX_GPIO_Init
 .text.MX_DMA_Init
                0x080052d8       0x8c CMakeFiles/cube.dir/Core/Src/dma.c.obj
                0x080052d8                MX_DMA_Init
 .text.MX_I2C1_Init
                0x08005364       0x5c CMakeFiles/cube.dir/Core/Src/i2c.c.obj
                0x08005364                MX_I2C1_Init
 .text.MX_I2C2_Init
                0x080053c0       0x5c CMakeFiles/cube.dir/Core/Src/i2c.c.obj
                0x080053c0                MX_I2C2_Init
 .text.HAL_I2C_MspInit
                0x0800541c      0x118 CMakeFiles/cube.dir/Core/Src/i2c.c.obj
                0x0800541c                HAL_I2C_MspInit
 .text.HAL_I2C_MspDeInit
                0x08005534       0x70 CMakeFiles/cube.dir/Core/Src/i2c.c.obj
                0x08005534                HAL_I2C_MspDeInit
 .text.MX_USART1_UART_Init
                0x080055a4       0x54 CMakeFiles/cube.dir/Core/Src/usart.c.obj
                0x080055a4                MX_USART1_UART_Init
 .text.MX_USART2_UART_Init
                0x080055f8       0x54 CMakeFiles/cube.dir/Core/Src/usart.c.obj
                0x080055f8                MX_USART2_UART_Init
 .text.MX_USART6_UART_Init
                0x0800564c       0x54 CMakeFiles/cube.dir/Core/Src/usart.c.obj
                0x0800564c                MX_USART6_UART_Init
 .text.HAL_UART_MspInit
                0x080056a0      0x334 CMakeFiles/cube.dir/Core/Src/usart.c.obj
                0x080056a0                HAL_UART_MspInit
 .text.NMI_Handler
                0x080059d4        0x8 CMakeFiles/cube.dir/Core/Src/stm32f4xx_it.c.obj
                0x080059d4                NMI_Handler
 .text.HardFault_Handler
                0x080059dc        0x8 CMakeFiles/cube.dir/Core/Src/stm32f4xx_it.c.obj
                0x080059dc                HardFault_Handler
 .text.MemManage_Handler
                0x080059e4        0x8 CMakeFiles/cube.dir/Core/Src/stm32f4xx_it.c.obj
                0x080059e4                MemManage_Handler
 .text.BusFault_Handler
                0x080059ec        0x8 CMakeFiles/cube.dir/Core/Src/stm32f4xx_it.c.obj
                0x080059ec                BusFault_Handler
 .text.UsageFault_Handler
                0x080059f4        0x8 CMakeFiles/cube.dir/Core/Src/stm32f4xx_it.c.obj
                0x080059f4                UsageFault_Handler
 .text.SVC_Handler
                0x080059fc        0xc CMakeFiles/cube.dir/Core/Src/stm32f4xx_it.c.obj
                0x080059fc                SVC_Handler
 .text.DebugMon_Handler
                0x08005a08        0xc CMakeFiles/cube.dir/Core/Src/stm32f4xx_it.c.obj
                0x08005a08                DebugMon_Handler
 .text.PendSV_Handler
                0x08005a14        0xc CMakeFiles/cube.dir/Core/Src/stm32f4xx_it.c.obj
                0x08005a14                PendSV_Handler
 .text.SysTick_Handler
                0x08005a20        0xc CMakeFiles/cube.dir/Core/Src/stm32f4xx_it.c.obj
                0x08005a20                SysTick_Handler
 .text.DMA1_Stream5_IRQHandler
                0x08005a2c       0x14 CMakeFiles/cube.dir/Core/Src/stm32f4xx_it.c.obj
                0x08005a2c                DMA1_Stream5_IRQHandler
 .text.DMA1_Stream6_IRQHandler
                0x08005a40       0x14 CMakeFiles/cube.dir/Core/Src/stm32f4xx_it.c.obj
                0x08005a40                DMA1_Stream6_IRQHandler
 .text.USART1_IRQHandler
                0x08005a54       0x14 CMakeFiles/cube.dir/Core/Src/stm32f4xx_it.c.obj
                0x08005a54                USART1_IRQHandler
 .text.USART2_IRQHandler
                0x08005a68       0x14 CMakeFiles/cube.dir/Core/Src/stm32f4xx_it.c.obj
                0x08005a68                USART2_IRQHandler
 .text.DMA2_Stream1_IRQHandler
                0x08005a7c       0x14 CMakeFiles/cube.dir/Core/Src/stm32f4xx_it.c.obj
                0x08005a7c                DMA2_Stream1_IRQHandler
 .text.DMA2_Stream6_IRQHandler
                0x08005a90       0x14 CMakeFiles/cube.dir/Core/Src/stm32f4xx_it.c.obj
                0x08005a90                DMA2_Stream6_IRQHandler
 .text.USART6_IRQHandler
                0x08005aa4       0x14 CMakeFiles/cube.dir/Core/Src/stm32f4xx_it.c.obj
                0x08005aa4                USART6_IRQHandler
 .text.HAL_MspInit
                0x08005ab8       0x4c CMakeFiles/cube.dir/Core/Src/stm32f4xx_hal_msp.c.obj
                0x08005ab8                HAL_MspInit
 .text._sbrk    0x08005b04       0x6c CMakeFiles/cube.dir/Core/Src/sysmem.c.obj
                0x08005b04                _sbrk
 .text._getpid  0x08005b70        0xe CMakeFiles/cube.dir/Core/Src/syscalls.c.obj
                0x08005b70                _getpid
 .text._kill    0x08005b7e       0x20 CMakeFiles/cube.dir/Core/Src/syscalls.c.obj
                0x08005b7e                _kill
 .text._exit    0x08005b9e       0x16 CMakeFiles/cube.dir/Core/Src/syscalls.c.obj
                0x08005b9e                _exit
 .text._read    0x08005bb4       0x3a CMakeFiles/cube.dir/Core/Src/syscalls.c.obj
                0x08005bb4                _read
 .text._close   0x08005bee       0x16 CMakeFiles/cube.dir/Core/Src/syscalls.c.obj
                0x08005bee                _close
 .text._fstat   0x08005c04       0x1e CMakeFiles/cube.dir/Core/Src/syscalls.c.obj
                0x08005c04                _fstat
 .text._isatty  0x08005c22       0x14 CMakeFiles/cube.dir/Core/Src/syscalls.c.obj
                0x08005c22                _isatty
 .text._lseek   0x08005c36       0x18 CMakeFiles/cube.dir/Core/Src/syscalls.c.obj
                0x08005c36                _lseek
 *fill*         0x08005c4e        0x2 
 .text.Reset_Handler
                0x08005c50       0x50 CMakeFiles/cube.dir/startup_stm32f411xe.s.obj
                0x08005c50                Reset_Handler
 .text.Default_Handler
                0x08005ca0        0x2 CMakeFiles/cube.dir/startup_stm32f411xe.s.obj
                0x08005ca0                RTC_Alarm_IRQHandler
                0x08005ca0                EXTI2_IRQHandler
                0x08005ca0                SPI4_IRQHandler
                0x08005ca0                TIM1_CC_IRQHandler
                0x08005ca0                DMA2_Stream5_IRQHandler
                0x08005ca0                PVD_IRQHandler
                0x08005ca0                SDIO_IRQHandler
                0x08005ca0                TAMP_STAMP_IRQHandler
                0x08005ca0                EXTI3_IRQHandler
                0x08005ca0                TIM1_UP_TIM10_IRQHandler
                0x08005ca0                I2C3_ER_IRQHandler
                0x08005ca0                EXTI0_IRQHandler
                0x08005ca0                I2C2_EV_IRQHandler
                0x08005ca0                DMA1_Stream2_IRQHandler
                0x08005ca0                FPU_IRQHandler
                0x08005ca0                DMA2_Stream2_IRQHandler
                0x08005ca0                SPI1_IRQHandler
                0x08005ca0                TIM1_BRK_TIM9_IRQHandler
                0x08005ca0                DMA2_Stream3_IRQHandler
                0x08005ca0                DMA2_Stream0_IRQHandler
                0x08005ca0                TIM4_IRQHandler
                0x08005ca0                I2C1_EV_IRQHandler
                0x08005ca0                DMA1_Stream1_IRQHandler
                0x08005ca0                TIM3_IRQHandler
                0x08005ca0                RCC_IRQHandler
                0x08005ca0                Default_Handler
                0x08005ca0                EXTI15_10_IRQHandler
                0x08005ca0                ADC_IRQHandler
                0x08005ca0                DMA1_Stream7_IRQHandler
                0x08005ca0                SPI5_IRQHandler
                0x08005ca0                TIM5_IRQHandler
                0x08005ca0                DMA2_Stream7_IRQHandler
                0x08005ca0                I2C3_EV_IRQHandler
                0x08005ca0                EXTI9_5_IRQHandler
                0x08005ca0                RTC_WKUP_IRQHandler
                0x08005ca0                SPI2_IRQHandler
                0x08005ca0                DMA1_Stream0_IRQHandler
                0x08005ca0                EXTI4_IRQHandler
                0x08005ca0                WWDG_IRQHandler
                0x08005ca0                TIM2_IRQHandler
                0x08005ca0                OTG_FS_WKUP_IRQHandler
                0x08005ca0                TIM1_TRG_COM_TIM11_IRQHandler
                0x08005ca0                EXTI1_IRQHandler
                0x08005ca0                I2C2_ER_IRQHandler
                0x08005ca0                FLASH_IRQHandler
                0x08005ca0                DMA2_Stream4_IRQHandler
                0x08005ca0                OTG_FS_IRQHandler
                0x08005ca0                SPI3_IRQHandler
                0x08005ca0                DMA1_Stream4_IRQHandler
                0x08005ca0                I2C1_ER_IRQHandler
                0x08005ca0                DMA1_Stream3_IRQHandler
 *fill*         0x08005ca2        0x2 
 .text.I2C_BusRecover
                0x08005ca4      0x110 CMakeFiles/cube.dir/app/Src/app.c.obj
 .text.App_Init
                0x08005db4      0x474 CMakeFiles/cube.dir/app/Src/app.c.obj
                0x08005db4                App_Init
 .text.App_Run  0x08006228      0xc74 CMakeFiles/cube.dir/app/Src/app.c.obj
                0x08006228                App_Run
 .text.HAL_UART_RxCpltCallback
                0x08006e9c       0x38 CMakeFiles/cube.dir/app/Src/app.c.obj
                0x08006e9c                HAL_UART_RxCpltCallback
 .text._write   0x08006ed4       0x2c CMakeFiles/cube.dir/app/Src/debug_uart.c.obj
                0x08006ed4                _write
 .text.FlightSM_Init
                0x08006f00       0x5c CMakeFiles/cube.dir/app/Src/flight_sm.c.obj
                0x08006f00                FlightSM_Init
 .text.FlightSM_Update
                0x08006f5c      0x314 CMakeFiles/cube.dir/app/Src/flight_sm.c.obj
                0x08006f5c                FlightSM_Update
 .text.FlightSM_GetStatusBits
                0x08007270       0x9c CMakeFiles/cube.dir/app/Src/flight_sm.c.obj
                0x08007270                FlightSM_GetStatusBits
 .text.FlightSM_GetState
                0x0800730c       0x70 CMakeFiles/cube.dir/app/Src/flight_sm.c.obj
                0x0800730c                FlightSM_GetState
 .text.UKB_RS232_Init
                0x0800737c       0x6c CMakeFiles/cube.dir/app/Src/rs232.c.obj
                0x0800737c                UKB_RS232_Init
 .text.UKB_RS232_GetMode
                0x080073e8       0x14 CMakeFiles/cube.dir/app/Src/rs232.c.obj
                0x080073e8                UKB_RS232_GetMode
 .text.UKB_HandleFrame
                0x080073fc      0x1a0 CMakeFiles/cube.dir/app/Src/rs232.c.obj
 .text.UKB_FeedByte
                0x0800759c       0xb8 CMakeFiles/cube.dir/app/Src/rs232.c.obj
 .text.HAL_UARTEx_RxEventCallback
                0x08007654       0x74 CMakeFiles/cube.dir/app/Src/rs232.c.obj
                0x08007654                HAL_UARTEx_RxEventCallback
 .text.HAL_UART_ErrorCallback
                0x080076c8       0xd8 CMakeFiles/cube.dir/app/Src/rs232.c.obj
                0x080076c8                HAL_UART_ErrorCallback
 .text.UKB_Checksum
                0x080077a0       0x42 CMakeFiles/cube.dir/app/Src/rs232.c.obj
                0x080077a0                UKB_Checksum
 *fill*         0x080077e2        0x2 
 .text.UKB_Round2
                0x080077e4       0x3c CMakeFiles/cube.dir/app/Src/rs232.c.obj
 .text.UKB_PackFloat
                0x08007820       0x44 CMakeFiles/cube.dir/app/Src/rs232.c.obj
 .text.UKB_UnpackFloat
                0x08007864       0x38 CMakeFiles/cube.dir/app/Src/rs232.c.obj
 .text.UKB_ParseSensorPacket
                0x0800789c       0xcc CMakeFiles/cube.dir/app/Src/rs232.c.obj
                0x0800789c                UKB_ParseSensorPacket
 .text.UKB_RS232_SendSensorPacket
                0x08007968      0x190 CMakeFiles/cube.dir/app/Src/rs232.c.obj
                0x08007968                UKB_RS232_SendSensorPacket
 .text.UKB_RS232_SendStatusPacket
                0x08007af8       0x54 CMakeFiles/cube.dir/app/Src/rs232.c.obj
                0x08007af8                UKB_RS232_SendStatusPacket
 .text.BME280_Initialise
                0x08007b4c       0xfa CMakeFiles/cube.dir/drivers/Src/bme280.c.obj
                0x08007b4c                BME280_Initialise
 *fill*         0x08007c46        0x2 
 .text.BME280_ReadAll
                0x08007c48      0x770 CMakeFiles/cube.dir/drivers/Src/bme280.c.obj
                0x08007c48                BME280_ReadAll
 .text.BME280_ReadRegister
                0x080083b8       0x34 CMakeFiles/cube.dir/drivers/Src/bme280.c.obj
                0x080083b8                BME280_ReadRegister
 .text.BME280_ReadRegisters
                0x080083ec       0x3c CMakeFiles/cube.dir/drivers/Src/bme280.c.obj
                0x080083ec                BME280_ReadRegisters
 .text.BME280_WriteRegister
                0x08008428       0x34 CMakeFiles/cube.dir/drivers/Src/bme280.c.obj
                0x08008428                BME280_WriteRegister
 .text.BME280_ReadCalibrationData
                0x0800845c      0x1c4 CMakeFiles/cube.dir/drivers/Src/bme280.c.obj
 .text.CalculateCRC16
                0x08008620       0x7e CMakeFiles/cube.dir/drivers/Src/e220.c.obj
 .text.LoRa_Init
                0x0800869e       0x64 CMakeFiles/cube.dir/drivers/Src/e220.c.obj
                0x0800869e                LoRa_Init
 .text.LoRa_TransmitTelemetry_Blocking
                0x08008702       0xfe CMakeFiles/cube.dir/drivers/Src/e220.c.obj
                0x08008702                LoRa_TransmitTelemetry_Blocking
 .text.MPU6050_Initialise
                0x08008800      0x1cc CMakeFiles/cube.dir/drivers/Src/mpu6050.c.obj
                0x08008800                MPU6050_Initialise
 .text.MPU6050_ReadAll
                0x080089cc      0x214 CMakeFiles/cube.dir/drivers/Src/mpu6050.c.obj
                0x080089cc                MPU6050_ReadAll
 .text.MPU6050_ReadRegister
                0x08008be0       0x34 CMakeFiles/cube.dir/drivers/Src/mpu6050.c.obj
                0x08008be0                MPU6050_ReadRegister
 .text.MPU6050_ReadRegisters
                0x08008c14       0x3c CMakeFiles/cube.dir/drivers/Src/mpu6050.c.obj
                0x08008c14                MPU6050_ReadRegisters
 .text.MPU6050_WriteRegister
                0x08008c50       0x34 CMakeFiles/cube.dir/drivers/Src/mpu6050.c.obj
                0x08008c50                MPU6050_WriteRegister
 .text.UBX_Send
                0x08008c84       0xe8 CMakeFiles/cube.dir/drivers/Src/neo_m8n.c.obj
 .text.UBX_SetNmeaRate
                0x08008d6c       0x3c CMakeFiles/cube.dir/drivers/Src/neo_m8n.c.obj
 .text.UBX_SetRate
                0x08008da8       0x6a CMakeFiles/cube.dir/drivers/Src/neo_m8n.c.obj
 *fill*         0x08008e12        0x2 
 .text.NmeaToDecimalDegrees
                0x08008e14       0x60 CMakeFiles/cube.dir/drivers/Src/neo_m8n.c.obj
 .text.ParseGGA
                0x08008e74      0x1d8 CMakeFiles/cube.dir/drivers/Src/neo_m8n.c.obj
 .text.NEO_M8N_Init
                0x0800904c       0x8e CMakeFiles/cube.dir/drivers/Src/neo_m8n.c.obj
                0x0800904c                NEO_M8N_Init
 .text.NEO_M8N_Process
                0x080090da       0x48 CMakeFiles/cube.dir/drivers/Src/neo_m8n.c.obj
                0x080090da                NEO_M8N_Process
 .text.NEO_M8N_RxCpltCallback
                0x08009122       0xba CMakeFiles/cube.dir/drivers/Src/neo_m8n.c.obj
                0x08009122                NEO_M8N_RxCpltCallback
 .text.Pyro_Init
                0x080091dc       0x98 CMakeFiles/cube.dir/drivers/Src/pyro.c.obj
                0x080091dc                Pyro_Init
 .text.Pyro1_Fire
                0x08009274       0x38 CMakeFiles/cube.dir/drivers/Src/pyro.c.obj
                0x08009274                Pyro1_Fire
 .text.Pyro2_Fire
                0x080092ac       0x38 CMakeFiles/cube.dir/drivers/Src/pyro.c.obj
                0x080092ac                Pyro2_Fire
 .text.Pyro_ProcessTimeouts
                0x080092e4       0x78 CMakeFiles/cube.dir/drivers/Src/pyro.c.obj
                0x080092e4                Pyro_ProcessTimeouts
 .text.Stats_Update
                0x0800935c       0xb0 CMakeFiles/cube.dir/middleware/Src/baro_fusion.c.obj
                0x0800935c                Stats_Update
 .text.Fuse_Weighted
                0x0800940c       0x72 CMakeFiles/cube.dir/middleware/Src/baro_fusion.c.obj
                0x0800940c                Fuse_Weighted
 *fill*         0x0800947e        0x2 
 .text.Baro_EffectiveVariance
                0x08009480       0x70 CMakeFiles/cube.dir/middleware/Src/baro_fusion.c.obj
 .text.Baro_FusedAltitude
                0x080094f0      0x202 CMakeFiles/cube.dir/middleware/Src/baro_fusion.c.obj
                0x080094f0                Baro_FusedAltitude
 .text.LPF_Init
                0x080096f2       0x5e CMakeFiles/cube.dir/middleware/Src/filters.c.obj
                0x080096f2                LPF_Init
 .text.LPF_Update
                0x08009750       0x7a CMakeFiles/cube.dir/middleware/Src/filters.c.obj
                0x08009750                LPF_Update
 .text.Complementary_Init
                0x080097ca       0x38 CMakeFiles/cube.dir/middleware/Src/filters.c.obj
                0x080097ca                Complementary_Init
 .text.Complementary_Update
                0x08009802       0x70 CMakeFiles/cube.dir/middleware/Src/filters.c.obj
                0x08009802                Complementary_Update
 *fill*         0x08009872        0x2 
 .text.atan2f   0x08009874        0x4 /usr/lib/gcc/arm-none-eabi/16.2.0/../../../../arm-none-eabi/lib/thumb/v7e-m+fp/hard/libm.a(libm_a-wf_atan2.o)
                0x08009874                atan2f
 .text.powf     0x08009878       0xf0 /usr/lib/gcc/arm-none-eabi/16.2.0/../../../../arm-none-eabi/lib/thumb/v7e-m+fp/hard/libm.a(libm_a-wf_pow.o)
                0x08009878                powf
 .text.sqrtf    0x08009968       0x50 /usr/lib/gcc/arm-none-eabi/16.2.0/../../../../arm-none-eabi/lib/thumb/v7e-m+fp/hard/libm.a(libm_a-wf_sqrt.o)
                0x08009968                sqrtf
 .text.finitef  0x080099b8       0x14 /usr/lib/gcc/arm-none-eabi/16.2.0/../../../../arm-none-eabi/lib/thumb/v7e-m+fp/hard/libm.a(libm_a-sf_finite.o)
                0x080099b8                finitef
 .text.__ieee754_sqrtf
                0x080099cc        0x8 /usr/lib/gcc/arm-none-eabi/16.2.0/../../../../arm-none-eabi/lib/thumb/v7e-m+fp/hard/libm.a(libm_a-ef_sqrt.o)
                0x080099cc                __ieee754_sqrtf
 .text.floorf   0x080099d4       0x98 /usr/lib/gcc/arm-none-eabi/16.2.0/../../../../arm-none-eabi/lib/thumb/v7e-m+fp/hard/libm.a(libm_a-sf_floor.o)
                0x080099d4                floorf
 .text.roundf   0x08009a6c       0x48 /usr/lib/gcc/arm-none-eabi/16.2.0/../../../../arm-none-eabi/lib/thumb/v7e-m+fp/hard/libm.a(libm_a-sf_round.o)
                0x08009a6c                roundf
 .text.truncf   0x08009ab4       0x3c /usr/lib/gcc/arm-none-eabi/16.2.0/../../../../arm-none-eabi/lib/thumb/v7e-m+fp/hard/libm.a(libm_a-sf_trunc.o)
                0x08009ab4                truncf
 .text.__ieee754_atan2f
                0x08009af0      0x154 /usr/lib/gcc/arm-none-eabi/16.2.0/../../../../arm-none-eabi/lib/thumb/v7e-m+fp/hard/libm.a(libm_a-ef_atan2.o)
                0x08009af0                __ieee754_atan2f
 .text.__ieee754_powf
                0x08009c44      0x6f0 /usr/lib/gcc/arm-none-eabi/16.2.0/../../../../arm-none-eabi/lib/thumb/v7e-m+fp/hard/libm.a(libm_a-ef_pow.o)
                0x08009c44                __ieee754_powf
 .text.atanf    0x0800a334      0x1bc /usr/lib/gcc/arm-none-eabi/16.2.0/../../../../arm-none-eabi/lib/thumb/v7e-m+fp/hard/libm.a(libm_a-sf_atan.o)
                0x0800a334                atanf
 .text.fabsf    0x0800a4f0       0x10 /usr/lib/gcc/arm-none-eabi/16.2.0/../../../../arm-none-eabi/lib/thumb/v7e-m+fp/hard/libm.a(libm_a-sf_fabs.o)
                0x0800a4f0                fabsf
 .text.scalbnf  0x0800a500       0xe4 /usr/lib/gcc/arm-none-eabi/16.2.0/../../../../arm-none-eabi/lib/thumb/v7e-m+fp/hard/libm.a(libm_a-sf_scalbn.o)
                0x0800a500                scalbnf
 .text.with_errnof
                0x0800a5e4       0x18 /usr/lib/gcc/arm-none-eabi/16.2.0/../../../../arm-none-eabi/lib/thumb/v7e-m+fp/hard/libm.a(libm_a-math_errf.o)
 .text.xflowf   0x0800a5fc       0x20 /usr/lib/gcc/arm-none-eabi/16.2.0/../../../../arm-none-eabi/lib/thumb/v7e-m+fp/hard/libm.a(libm_a-math_errf.o)
 .text.__math_uflowf
                0x0800a61c        0xc /usr/lib/gcc/arm-none-eabi/16.2.0/../../../../arm-none-eabi/lib/thumb/v7e-m+fp/hard/libm.a(libm_a-math_errf.o)
                0x0800a61c                __math_uflowf
 .text.__math_oflowf
                0x0800a628        0xc /usr/lib/gcc/arm-none-eabi/16.2.0/../../../../arm-none-eabi/lib/thumb/v7e-m+fp/hard/libm.a(libm_a-math_errf.o)
                0x0800a628                __math_oflowf
 .text.__udivmoddi4
                0x0800a634      0x2b8 /usr/lib/gcc/arm-none-eabi/16.2.0/thumb/v7e-m+fp/hard/libgcc.a(_udivmoddi4.o)
                0x0800a634                __udivmoddi4
 .text.sulp     0x0800a8ec       0x3c /usr/lib/gcc/arm-none-eabi/16.2.0/../../../../arm-none-eabi/lib/thumb/v7e-m+fp/hard/libg_nano.a(libc_a-strtod.o)
 .text._strtod_l
                0x0800a928      0xbec /usr/lib/gcc/arm-none-eabi/16.2.0/../../../../arm-none-eabi/lib/thumb/v7e-m+fp/hard/libg_nano.a(libc_a-strtod.o)
                0x0800a928                _strtod_l
 .text.strtof   0x0800b514       0xc8 /usr/lib/gcc/arm-none-eabi/16.2.0/../../../../arm-none-eabi/lib/thumb/v7e-m+fp/hard/libg_nano.a(libc_a-strtod.o)
                0x0800b514                strtof
 .text._strtol_l.isra.0
                0x0800b5dc       0xf4 /usr/lib/gcc/arm-none-eabi/16.2.0/../../../../arm-none-eabi/lib/thumb/v7e-m+fp/hard/libg_nano.a(libc_a-strtol.o)
 .text.strtol   0x0800b6d0       0x14 /usr/lib/gcc/arm-none-eabi/16.2.0/../../../../arm-none-eabi/lib/thumb/v7e-m+fp/hard/libg_nano.a(libc_a-strtol.o)
                0x0800b6d0                strtol
 .text.__cvt    0x0800b6e4       0xc8 /usr/lib/gcc/arm-none-eabi/16.2.0/../../../../arm-none-eabi/lib/thumb/v7e-m+fp/hard/libg_nano.a(libc_a-nano-vfprintf_float.o)
                0x0800b6e4                __cvt
 .text.__exponent
                0x0800b7ac       0x76 /usr/lib/gcc/arm-none-eabi/16.2.0/../../../../arm-none-eabi/lib/thumb/v7e-m+fp/hard/libg_nano.a(libc_a-nano-vfprintf_float.o)
                0x0800b7ac                __exponent
 *fill*         0x0800b822        0x2 
 .text._printf_float
                0x0800b824      0x444 /usr/lib/gcc/arm-none-eabi/16.2.0/../../../../arm-none-eabi/lib/thumb/v7e-m+fp/hard/libg_nano.a(libc_a-nano-vfprintf_float.o)
                0x0800b824                _printf_float
 .text._printf_common
                0x0800bc68       0xd4 /usr/lib/gcc/arm-none-eabi/16.2.0/../../../../arm-none-eabi/lib/thumb/v7e-m+fp/hard/libg_nano.a(libc_a-nano-vfprintf_i.o)
                0x0800bc68                _printf_common
 .text._printf_i
                0x0800bd3c      0x258 /usr/lib/gcc/arm-none-eabi/16.2.0/../../../../arm-none-eabi/lib/thumb/v7e-m+fp/hard/libg_nano.a(libc_a-nano-vfprintf_i.o)
                0x0800bd3c                _printf_i
 .text.std      0x0800bf94       0x6c /usr/lib/gcc/arm-none-eabi/16.2.0/../../../../arm-none-eabi/lib/thumb/v7e-m+fp/hard/libg_nano.a(libc_a-findfp.o)
 .text.stdio_exit_handler
                0x0800c000       0x18 /usr/lib/gcc/arm-none-eabi/16.2.0/../../../../arm-none-eabi/lib/thumb/v7e-m+fp/hard/libg_nano.a(libc_a-findfp.o)
 .text.cleanup_stdio
                0x0800c018       0x40 /usr/lib/gcc/arm-none-eabi/16.2.0/../../../../arm-none-eabi/lib/thumb/v7e-m+fp/hard/libg_nano.a(libc_a-findfp.o)
 .text.global_stdio_init.part.0
                0x0800c058       0x40 /usr/lib/gcc/arm-none-eabi/16.2.0/../../../../arm-none-eabi/lib/thumb/v7e-m+fp/hard/libg_nano.a(libc_a-findfp.o)
 .text.__sfp_lock_acquire
                0x0800c098        0xc /usr/lib/gcc/arm-none-eabi/16.2.0/../../../../arm-none-eabi/lib/thumb/v7e-m+fp/hard/libg_nano.a(libc_a-findfp.o)
                0x0800c098                __sfp_lock_acquire
 .text.__sfp_lock_release
                0x0800c0a4        0xc /usr/lib/gcc/arm-none-eabi/16.2.0/../../../../arm-none-eabi/lib/thumb/v7e-m+fp/hard/libg_nano.a(libc_a-findfp.o)
                0x0800c0a4                __sfp_lock_release
 .text.__sinit  0x0800c0b0       0x30 /usr/lib/gcc/arm-none-eabi/16.2.0/../../../../arm-none-eabi/lib/thumb/v7e-m+fp/hard/libg_nano.a(libc_a-findfp.o)
                0x0800c0b0                __sinit
 .text._fwalk_sglue
                0x0800c0e0       0x3a /usr/lib/gcc/arm-none-eabi/16.2.0/../../../../arm-none-eabi/lib/thumb/v7e-m+fp/hard/libg_nano.a(libc_a-fwalk.o)
                0x0800c0e0                _fwalk_sglue
 .text.__sread  0x0800c11a       0x22 /usr/lib/gcc/arm-none-eabi/16.2.0/../../../../arm-none-eabi/lib/thumb/v7e-m+fp/hard/libg_nano.a(libc_a-stdio.o)
                0x0800c11a                __sread
 .text.__swrite
                0x0800c13c       0x38 /usr/lib/gcc/arm-none-eabi/16.2.0/../../../../arm-none-eabi/lib/thumb/v7e-m+fp/hard/libg_nano.a(libc_a-stdio.o)
                0x0800c13c                __swrite
 .text.__sseek  0x0800c174       0x26 /usr/lib/gcc/arm-none-eabi/16.2.0/../../../../arm-none-eabi/lib/thumb/v7e-m+fp/hard/libg_nano.a(libc_a-stdio.o)
                0x0800c174                __sseek
 .text.__sclose
                0x0800c19a        0x8 /usr/lib/gcc/arm-none-eabi/16.2.0/../../../../arm-none-eabi/lib/thumb/v7e-m+fp/hard/libg_nano.a(libc_a-stdio.o)
                0x0800c19a                __sclose
 .text.memset   0x0800c1a2       0x10 /usr/lib/gcc/arm-none-eabi/16.2.0/../../../../arm-none-eabi/lib/thumb/v7e-m+fp/hard/libg_nano.a(libc_a-memset.o)
                0x0800c1a2                memset
 .text.strchr   0x0800c1b2       0x1c /usr/lib/gcc/arm-none-eabi/16.2.0/../../../../arm-none-eabi/lib/thumb/v7e-m+fp/hard/libg_nano.a(libc_a-strchr.o)
                0x0800c1b2                strchr
 .text.strncmp  0x0800c1ce       0x24 /usr/lib/gcc/arm-none-eabi/16.2.0/../../../../arm-none-eabi/lib/thumb/v7e-m+fp/hard/libg_nano.a(libc_a-strncmp.o)
                0x0800c1ce                strncmp
 *fill*         0x0800c1f2        0x2 
 .text._localeconv_r
                0x0800c1f4        0x8 /usr/lib/gcc/arm-none-eabi/16.2.0/../../../../arm-none-eabi/lib/thumb/v7e-m+fp/hard/libg_nano.a(libc_a-localeconv.o)
                0x0800c1f4                _localeconv_r
 .text._close_r
                0x0800c1fc       0x20 /usr/lib/gcc/arm-none-eabi/16.2.0/../../../../arm-none-eabi/lib/thumb/v7e-m+fp/hard/libg_nano.a(libc_a-closer.o)
                0x0800c1fc                _close_r
 .text._lseek_r
                0x0800c21c       0x24 /usr/lib/gcc/arm-none-eabi/16.2.0/../../../../arm-none-eabi/lib/thumb/v7e-m+fp/hard/libg_nano.a(libc_a-lseekr.o)
                0x0800c21c                _lseek_r
 .text._read_r  0x0800c240       0x24 /usr/lib/gcc/arm-none-eabi/16.2.0/../../../../arm-none-eabi/lib/thumb/v7e-m+fp/hard/libg_nano.a(libc_a-readr.o)
                0x0800c240                _read_r
 .text._write_r
                0x0800c264       0x24 /usr/lib/gcc/arm-none-eabi/16.2.0/../../../../arm-none-eabi/lib/thumb/v7e-m+fp/hard/libg_nano.a(libc_a-writer.o)
                0x0800c264                _write_r
 .text.__errno  0x0800c288        0xc /usr/lib/gcc/arm-none-eabi/16.2.0/../../../../arm-none-eabi/lib/thumb/v7e-m+fp/hard/libg_nano.a(libc_a-errno.o)
                0x0800c288                __errno
 .text.__libc_init_array
                0x0800c294       0x48 /usr/lib/gcc/arm-none-eabi/16.2.0/../../../../arm-none-eabi/lib/thumb/v7e-m+fp/hard/libg_nano.a(libc_a-init.o)
                0x0800c294                __libc_init_array
 .text.__retarget_lock_init_recursive
                0x0800c2dc        0x2 /usr/lib/gcc/arm-none-eabi/16.2.0/../../../../arm-none-eabi/lib/thumb/v7e-m+fp/hard/libg_nano.a(libc_a-lock.o)
                0x0800c2dc                __retarget_lock_init_recursive
 .text.__retarget_lock_acquire_recursive
                0x0800c2de        0x2 /usr/lib/gcc/arm-none-eabi/16.2.0/../../../../arm-none-eabi/lib/thumb/v7e-m+fp/hard/libg_nano.a(libc_a-lock.o)
                0x0800c2de                __retarget_lock_acquire_recursive
 .text.__retarget_lock_release_recursive
                0x0800c2e0        0x2 /usr/lib/gcc/arm-none-eabi/16.2.0/../../../../arm-none-eabi/lib/thumb/v7e-m+fp/hard/libg_nano.a(libc_a-lock.o)
                0x0800c2e0                __retarget_lock_release_recursive
 .text.strcpy   0x0800c2e2       0x10 /usr/lib/gcc/arm-none-eabi/16.2.0/../../../../arm-none-eabi/lib/thumb/v7e-m+fp/hard/libg_nano.a(libc_a-strcpy.o)
                0x0800c2e2                strcpy
 .text.memcpy   0x0800c2f2       0x1c /usr/lib/gcc/arm-none-eabi/16.2.0/../../../../arm-none-eabi/lib/thumb/v7e-m+fp/hard/libg_nano.a(libc_a-memcpy-stub.o)
                0x0800c2f2                memcpy
 *fill*         0x0800c30e        0x2 
 .text.nan      0x0800c310       0x10 /usr/lib/gcc/arm-none-eabi/16.2.0/../../../../arm-none-eabi/lib/thumb/v7e-m+fp/hard/libg_nano.a(libm_a-s_nan.o)
                0x0800c310                nan
 .text.nanf     0x0800c320        0xc /usr/lib/gcc/arm-none-eabi/16.2.0/../../../../arm-none-eabi/lib/thumb/v7e-m+fp/hard/libg_nano.a(libm_a-sf_nan.o)
                0x0800c320                nanf
 .text.quorem   0x0800c32c      0x110 /usr/lib/gcc/arm-none-eabi/16.2.0/../../../../arm-none-eabi/lib/thumb/v7e-m+fp/hard/libg_nano.a(libc_a-dtoa.o)
 *fill*         0x0800c43c        0x4 
 .text._dtoa_r  0x0800c440      0xbc8 /usr/lib/gcc/arm-none-eabi/16.2.0/../../../../arm-none-eabi/lib/thumb/v7e-m+fp/hard/libg_nano.a(libc_a-dtoa.o)
                0x0800c440                _dtoa_r
 .text._free_r  0x0800d008       0x98 /usr/lib/gcc/arm-none-eabi/16.2.0/../../../../arm-none-eabi/lib/thumb/v7e-m+fp/hard/libg_nano.a(libc_a-freer.o)
                0x0800d008                _free_r
 .text.rshift   0x0800d0a0       0xa0 /usr/lib/gcc/arm-none-eabi/16.2.0/../../../../arm-none-eabi/lib/thumb/v7e-m+fp/hard/libg_nano.a(libc_a-gdtoa-gethex.o)
 .text.__hexdig_fun
                0x0800d140       0x2a /usr/lib/gcc/arm-none-eabi/16.2.0/../../../../arm-none-eabi/lib/thumb/v7e-m+fp/hard/libg_nano.a(libc_a-gdtoa-gethex.o)
                0x0800d140                __hexdig_fun
 *fill*         0x0800d16a        0x2 
 .text.__gethex
                0x0800d16c      0x418 /usr/lib/gcc/arm-none-eabi/16.2.0/../../../../arm-none-eabi/lib/thumb/v7e-m+fp/hard/libg_nano.a(libc_a-gdtoa-gethex.o)
                0x0800d16c                __gethex
 .text.L_shift  0x0800d584       0x24 /usr/lib/gcc/arm-none-eabi/16.2.0/../../../../arm-none-eabi/lib/thumb/v7e-m+fp/hard/libg_nano.a(libc_a-gdtoa-hexnan.o)
 .text.__match  0x0800d5a8       0x2a /usr/lib/gcc/arm-none-eabi/16.2.0/../../../../arm-none-eabi/lib/thumb/v7e-m+fp/hard/libg_nano.a(libc_a-gdtoa-hexnan.o)
                0x0800d5a8                __match
 .text.__hexnan
                0x0800d5d2      0x13a /usr/lib/gcc/arm-none-eabi/16.2.0/../../../../arm-none-eabi/lib/thumb/v7e-m+fp/hard/libg_nano.a(libc_a-gdtoa-hexnan.o)
                0x0800d5d2                __hexnan
 .text.malloc   0x0800d70c       0x10 /usr/lib/gcc/arm-none-eabi/16.2.0/../../../../arm-none-eabi/lib/thumb/v7e-m+fp/hard/libg_nano.a(libc_a-malloc.o)
                0x0800d70c                malloc
 .text.sbrk_aligned
                0x0800d71c       0x44 /usr/lib/gcc/arm-none-eabi/16.2.0/../../../../arm-none-eabi/lib/thumb/v7e-m+fp/hard/libg_nano.a(libc_a-mallocr.o)
 .text._malloc_r
                0x0800d760      0x100 /usr/lib/gcc/arm-none-eabi/16.2.0/../../../../arm-none-eabi/lib/thumb/v7e-m+fp/hard/libg_nano.a(libc_a-mallocr.o)
                0x0800d760                _malloc_r
 .text.__ascii_mbtowc
                0x0800d860       0x24 /usr/lib/gcc/arm-none-eabi/16.2.0/../../../../arm-none-eabi/lib/thumb/v7e-m+fp/hard/libg_nano.a(libc_a-mbtowc_r.o)
                0x0800d860                __ascii_mbtowc
 .text.__malloc_lock
                0x0800d884        0xc /usr/lib/gcc/arm-none-eabi/16.2.0/../../../../arm-none-eabi/lib/thumb/v7e-m+fp/hard/libg_nano.a(libc_a-mlock.o)
                0x0800d884                __malloc_lock
 .text.__malloc_unlock
                0x0800d890        0xc /usr/lib/gcc/arm-none-eabi/16.2.0/../../../../arm-none-eabi/lib/thumb/v7e-m+fp/hard/libg_nano.a(libc_a-mlock.o)
                0x0800d890                __malloc_unlock
 .text._Balloc  0x0800d89c       0x7c /usr/lib/gcc/arm-none-eabi/16.2.0/../../../../arm-none-eabi/lib/thumb/v7e-m+fp/hard/libg_nano.a(libc_a-mprec.o)
                0x0800d89c                _Balloc
 .text._Bfree   0x0800d918       0x44 /usr/lib/gcc/arm-none-eabi/16.2.0/../../../../arm-none-eabi/lib/thumb/v7e-m+fp/hard/libg_nano.a(libc_a-mprec.o)
                0x0800d918                _Bfree
 .text.__multadd
                0x0800d95c       0x8c /usr/lib/gcc/arm-none-eabi/16.2.0/../../../../arm-none-eabi/lib/thumb/v7e-m+fp/hard/libg_nano.a(libc_a-mprec.o)
                0x0800d95c                __multadd
 .text.__s2b    0x0800d9e8       0x94 /usr/lib/gcc/arm-none-eabi/16.2.0/../../../../arm-none-eabi/lib/thumb/v7e-m+fp/hard/libg_nano.a(libc_a-mprec.o)
                0x0800d9e8                __s2b
 .text.__hi0bits
                0x0800da7c       0x5a /usr/lib/gcc/arm-none-eabi/16.2.0/../../../../arm-none-eabi/lib/thumb/v7e-m+fp/hard/libg_nano.a(libc_a-mprec.o)
                0x0800da7c                __hi0bits
 .text.__lo0bits
                0x0800dad6       0x82 /usr/lib/gcc/arm-none-eabi/16.2.0/../../../../arm-none-eabi/lib/thumb/v7e-m+fp/hard/libg_nano.a(libc_a-mprec.o)
                0x0800dad6                __lo0bits
 .text.__i2b    0x0800db58       0x2c /usr/lib/gcc/arm-none-eabi/16.2.0/../../../../arm-none-eabi/lib/thumb/v7e-m+fp/hard/libg_nano.a(libc_a-mprec.o)
                0x0800db58                __i2b
 .text.__multiply
                0x0800db84      0x178 /usr/lib/gcc/arm-none-eabi/16.2.0/../../../../arm-none-eabi/lib/thumb/v7e-m+fp/hard/libg_nano.a(libc_a-mprec.o)
                0x0800db84                __multiply
 .text.__pow5mult
                0x0800dcfc       0xb8 /usr/lib/gcc/arm-none-eabi/16.2.0/../../../../arm-none-eabi/lib/thumb/v7e-m+fp/hard/libg_nano.a(libc_a-mprec.o)
                0x0800dcfc                __pow5mult
 .text.__lshift
                0x0800ddb4       0xe0 /usr/lib/gcc/arm-none-eabi/16.2.0/../../../../arm-none-eabi/lib/thumb/v7e-m+fp/hard/libg_nano.a(libc_a-mprec.o)
                0x0800ddb4                __lshift
 .text.__mcmp   0x0800de94       0x36 /usr/lib/gcc/arm-none-eabi/16.2.0/../../../../arm-none-eabi/lib/thumb/v7e-m+fp/hard/libg_nano.a(libc_a-mprec.o)
                0x0800de94                __mcmp
 *fill*         0x0800deca        0x2 
 .text.__mdiff  0x0800decc      0x130 /usr/lib/gcc/arm-none-eabi/16.2.0/../../../../arm-none-eabi/lib/thumb/v7e-m+fp/hard/libg_nano.a(libc_a-mprec.o)
                0x0800decc                __mdiff
 .text.__ulp    0x0800dffc       0x50 /usr/lib/gcc/arm-none-eabi/16.2.0/../../../../arm-none-eabi/lib/thumb/v7e-m+fp/hard/libg_nano.a(libc_a-mprec.o)
                0x0800dffc                __ulp
 .text.__b2d    0x0800e04c       0x92 /usr/lib/gcc/arm-none-eabi/16.2.0/../../../../arm-none-eabi/lib/thumb/v7e-m+fp/hard/libg_nano.a(libc_a-mprec.o)
                0x0800e04c                __b2d
 *fill*         0x0800e0de        0x2 
 .text.__d2b    0x0800e0e0       0xb0 /usr/lib/gcc/arm-none-eabi/16.2.0/../../../../arm-none-eabi/lib/thumb/v7e-m+fp/hard/libg_nano.a(libc_a-mprec.o)
                0x0800e0e0                __d2b
 .text.__ratio  0x0800e190       0x62 /usr/lib/gcc/arm-none-eabi/16.2.0/../../../../arm-none-eabi/lib/thumb/v7e-m+fp/hard/libg_nano.a(libc_a-mprec.o)
                0x0800e190                __ratio
 .text.__copybits
                0x0800e1f2       0x46 /usr/lib/gcc/arm-none-eabi/16.2.0/../../../../arm-none-eabi/lib/thumb/v7e-m+fp/hard/libg_nano.a(libc_a-mprec.o)
                0x0800e1f2                __copybits
 .text.__any_on
                0x0800e238       0x40 /usr/lib/gcc/arm-none-eabi/16.2.0/../../../../arm-none-eabi/lib/thumb/v7e-m+fp/hard/libg_nano.a(libc_a-mprec.o)
                0x0800e238                __any_on
 .text.__ascii_wctomb
                0x0800e278       0x1a /usr/lib/gcc/arm-none-eabi/16.2.0/../../../../arm-none-eabi/lib/thumb/v7e-m+fp/hard/libg_nano.a(libc_a-wctomb_r.o)
                0x0800e278                __ascii_wctomb
 *fill*         0x0800e292        0x2 
 .text.__sflush_r
                0x0800e294      0x10c /usr/lib/gcc/arm-none-eabi/16.2.0/../../../../arm-none-eabi/lib/thumb/v7e-m+fp/hard/libg_nano.a(libc_a-fflush.o)
                0x0800e294                __sflush_r
 .text._fflush_r
                0x0800e3a0       0x50 /usr/lib/gcc/arm-none-eabi/16.2.0/../../../../arm-none-eabi/lib/thumb/v7e-m+fp/hard/libg_nano.a(libc_a-fflush.o)
                0x0800e3a0                _fflush_r
 .text._sbrk_r  0x0800e3f0       0x20 /usr/lib/gcc/arm-none-eabi/16.2.0/../../../../arm-none-eabi/lib/thumb/v7e-m+fp/hard/libg_nano.a(libc_a-sbrkr.o)
                0x0800e3f0                _sbrk_r
 .text.__assert_func
                0x0800e410       0x3c /usr/lib/gcc/arm-none-eabi/16.2.0/../../../../arm-none-eabi/lib/thumb/v7e-m+fp/hard/libg_nano.a(libc_a-assert.o)
                0x0800e410                __assert_func
 .text._calloc_r
                0x0800e44c       0x28 /usr/lib/gcc/arm-none-eabi/16.2.0/../../../../arm-none-eabi/lib/thumb/v7e-m+fp/hard/libg_nano.a(libc_a-callocr.o)
                0x0800e44c                _calloc_r
 .text.fprintf  0x0800e474       0x24 /usr/lib/gcc/arm-none-eabi/16.2.0/../../../../arm-none-eabi/lib/thumb/v7e-m+fp/hard/libg_nano.a(libc_a-fprintf.o)
                0x0800e474                fprintf
                0x0800e474                fiprintf
 .text.abort    0x0800e498        0xe /usr/lib/gcc/arm-none-eabi/16.2.0/../../../../arm-none-eabi/lib/thumb/v7e-m+fp/hard/libg_nano.a(libc_a-abort.o)
                0x0800e498                abort
 .text.__sfputc_r
                0x0800e4a6       0x28 /usr/lib/gcc/arm-none-eabi/16.2.0/../../../../arm-none-eabi/lib/thumb/v7e-m+fp/hard/libg_nano.a(libc_a-nano-vfprintf.o)
 .text.__sfputs_r
                0x0800e4ce       0x24 /usr/lib/gcc/arm-none-eabi/16.2.0/../../../../arm-none-eabi/lib/thumb/v7e-m+fp/hard/libg_nano.a(libc_a-nano-vfprintf.o)
                0x0800e4ce                __sfputs_r
 *fill*         0x0800e4f2        0x2 
 .text._vfprintf_r
                0x0800e4f4      0x22c /usr/lib/gcc/arm-none-eabi/16.2.0/../../../../arm-none-eabi/lib/thumb/v7e-m+fp/hard/libg_nano.a(libc_a-nano-vfprintf.o)
                0x0800e4f4                _vfiprintf_r
                0x0800e4f4                _vfprintf_r
 .text.__swbuf_r
                0x0800e720       0x7e /usr/lib/gcc/arm-none-eabi/16.2.0/../../../../arm-none-eabi/lib/thumb/v7e-m+fp/hard/libg_nano.a(libc_a-wbuf.o)
                0x0800e720                __swbuf_r
 *fill*         0x0800e79e        0x2 
 .text.__swsetup_r
                0x0800e7a0       0xa8 /usr/lib/gcc/arm-none-eabi/16.2.0/../../../../arm-none-eabi/lib/thumb/v7e-m+fp/hard/libg_nano.a(libc_a-wsetup.o)
                0x0800e7a0                __swsetup_r
 .text._raise_r
                0x0800e848       0x52 /usr/lib/gcc/arm-none-eabi/16.2.0/../../../../arm-none-eabi/lib/thumb/v7e-m+fp/hard/libg_nano.a(libc_a-signal.o)
                0x0800e848                _raise_r
 *fill*         0x0800e89a        0x2 
 .text.raise    0x0800e89c       0x10 /usr/lib/gcc/arm-none-eabi/16.2.0/../../../../arm-none-eabi/lib/thumb/v7e-m+fp/hard/libg_nano.a(libc_a-signal.o)
                0x0800e89c                raise
 .text._kill_r  0x0800e8ac       0x24 /usr/lib/gcc/arm-none-eabi/16.2.0/../../../../arm-none-eabi/lib/thumb/v7e-m+fp/hard/libg_nano.a(libc_a-signalr.o)
                0x0800e8ac                _kill_r
 .text._getpid_r
                0x0800e8d0        0x4 /usr/lib/gcc/arm-none-eabi/16.2.0/../../../../arm-none-eabi/lib/thumb/v7e-m+fp/hard/libg_nano.a(libc_a-signalr.o)
                0x0800e8d0                _getpid_r
 .text.__swhatbuf_r
                0x0800e8d4       0x4c /usr/lib/gcc/arm-none-eabi/16.2.0/../../../../arm-none-eabi/lib/thumb/v7e-m+fp/hard/libg_nano.a(libc_a-makebuf.o)
                0x0800e8d4                __swhatbuf_r
 .text.__smakebuf_r
                0x0800e920       0x72 /usr/lib/gcc/arm-none-eabi/16.2.0/../../../../arm-none-eabi/lib/thumb/v7e-m+fp/hard/libg_nano.a(libc_a-makebuf.o)
                0x0800e920                __smakebuf_r
 *fill*         0x0800e992        0x2 
 .text._fstat_r
                0x0800e994       0x24 /usr/lib/gcc/arm-none-eabi/16.2.0/../../../../arm-none-eabi/lib/thumb/v7e-m+fp/hard/libg_nano.a(libc_a-fstatr.o)
                0x0800e994                _fstat_r
 .text._isatty_r
                0x0800e9b8       0x20 /usr/lib/gcc/arm-none-eabi/16.2.0/../../../../arm-none-eabi/lib/thumb/v7e-m+fp/hard/libg_nano.a(libc_a-isattyr.o)
                0x0800e9b8                _isatty_r
 .text.__fixdfdi
                0x0800e9d8       0x2e /usr/lib/gcc/arm-none-eabi/16.2.0/thumb/v7e-m+fp/hard/libgcc.a(_fixdfdi.o)
                0x0800e9d8                __aeabi_d2lz
                0x0800e9d8                __fixdfdi
 *fill*         0x0800ea06        0x2 
 .text.__fixunsdfdi
                0x0800ea08       0x3c /usr/lib/gcc/arm-none-eabi/16.2.0/thumb/v7e-m+fp/hard/libgcc.a(_fixunsdfdi.o)
                0x0800ea08                __aeabi_d2ulz
                0x0800ea08                __fixunsdfdi
 *(.glue_7)
 .glue_7        0x0800ea44        0x0 linker stubs
 *(.glue_7t)
 .glue_7t       0x0800ea44        0x0 linker stubs
 *(.eh_frame)
 .eh_frame      0x0800ea44        0x0 /usr/lib/gcc/arm-none-eabi/16.2.0/thumb/v7e-m+fp/hard/crtbegin.o
 *(.init)
 .init          0x0800ea44        0x4 /usr/lib/gcc/arm-none-eabi/16.2.0/thumb/v7e-m+fp/hard/crti.o
                0x0800ea44                _init
 .init          0x0800ea48        0x8 /usr/lib/gcc/arm-none-eabi/16.2.0/thumb/v7e-m+fp/hard/crtn.o
 *(.fini)
 .fini          0x0800ea50        0x4 /usr/lib/gcc/arm-none-eabi/16.2.0/thumb/v7e-m+fp/hard/crti.o
                0x0800ea50                _fini
 .fini          0x0800ea54        0x8 /usr/lib/gcc/arm-none-eabi/16.2.0/thumb/v7e-m+fp/hard/crtn.o
                0x0800ea5c                        . = ALIGN (0x4)
                0x0800ea5c                        _etext = .

.vfp11_veneer   0x0800ea5c        0x0
 .vfp11_veneer  0x0800ea5c        0x0 linker stubs

.v4_bx          0x0800ea5c        0x0
 .v4_bx         0x0800ea5c        0x0 linker stubs

.iplt           0x0800ea5c        0x0
 .iplt          0x0800ea5c        0x0 /usr/lib/gcc/arm-none-eabi/16.2.0/thumb/v7e-m+fp/hard/crtbegin.o

.rodata         0x0800ea60      0x458
                0x0800ea60                        . = ALIGN (0x4)
 *(.rodata)
 .rodata        0x0800ea60       0x13 CMakeFiles/cube.dir/app/Src/app.c.obj
 *fill*         0x0800ea73        0x1 
 .rodata        0x0800ea74        0x8 CMakeFiles/cube.dir/drivers/Src/neo_m8n.c.obj
 *(.rodata*)
 .rodata.AHBPrescTable
                0x0800ea7c       0x10 cmake/stm32cubemx/CMakeFiles/STM32_Drivers.dir/__/__/Core/Src/system_stm32f4xx.c.obj
                0x0800ea7c                AHBPrescTable
 .rodata.APBPrescTable
                0x0800ea8c        0x8 cmake/stm32cubemx/CMakeFiles/STM32_Drivers.dir/__/__/Core/Src/system_stm32f4xx.c.obj
                0x0800ea8c                APBPrescTable
 .rodata.flagBitshiftOffset.0
                0x0800ea94        0x8 cmake/stm32cubemx/CMakeFiles/STM32_Drivers.dir/__/__/Drivers/STM32F4xx_HAL_Driver/Src/stm32f4xx_hal_dma.c.obj
 .rodata.CSWTCH.7
                0x0800ea9c        0xc /usr/lib/gcc/arm-none-eabi/16.2.0/../../../../arm-none-eabi/lib/thumb/v7e-m+fp/hard/libm.a(libm_a-ef_atan2.o)
 .rodata.CSWTCH.6
                0x0800eaa8        0xc /usr/lib/gcc/arm-none-eabi/16.2.0/../../../../arm-none-eabi/lib/thumb/v7e-m+fp/hard/libm.a(libm_a-ef_atan2.o)
 .rodata.atanlo
                0x0800eab4       0x10 /usr/lib/gcc/arm-none-eabi/16.2.0/../../../../arm-none-eabi/lib/thumb/v7e-m+fp/hard/libm.a(libm_a-sf_atan.o)
 .rodata.atanhi
                0x0800eac4       0x10 /usr/lib/gcc/arm-none-eabi/16.2.0/../../../../arm-none-eabi/lib/thumb/v7e-m+fp/hard/libm.a(libm_a-sf_atan.o)
 .rodata._strtod_l.str1.1
                0x0800ead4      0x18f /usr/lib/gcc/arm-none-eabi/16.2.0/../../../../arm-none-eabi/lib/thumb/v7e-m+fp/hard/libg_nano.a(libc_a-strtod.o)
                                  0xf (size before relaxing)
 *fill*         0x0800ec63        0x1 
 .rodata.fpinan.0
                0x0800ec64       0x14 /usr/lib/gcc/arm-none-eabi/16.2.0/../../../../arm-none-eabi/lib/thumb/v7e-m+fp/hard/libg_nano.a(libc_a-strtod.o)
 .rodata.fpi.1  0x0800ec78       0x14 /usr/lib/gcc/arm-none-eabi/16.2.0/../../../../arm-none-eabi/lib/thumb/v7e-m+fp/hard/libg_nano.a(libc_a-strtod.o)
 *fill*         0x0800ec8c        0x4 
 .rodata.tinytens
                0x0800ec90       0x28 /usr/lib/gcc/arm-none-eabi/16.2.0/../../../../arm-none-eabi/lib/thumb/v7e-m+fp/hard/libg_nano.a(libc_a-strtod.o)
 .rodata._ctype_
                0x0800ecb8      0x101 /usr/lib/gcc/arm-none-eabi/16.2.0/../../../../arm-none-eabi/lib/thumb/v7e-m+fp/hard/libg_nano.a(libc_a-ctype_.o)
                0x0800ecb8                _ctype_
 .rodata._printf_float.str1.1
                0x0800edb9        0x0 /usr/lib/gcc/arm-none-eabi/16.2.0/../../../../arm-none-eabi/lib/thumb/v7e-m+fp/hard/libg_nano.a(libc_a-nano-vfprintf_float.o)
                                 0x12 (size before relaxing)
 .rodata._printf_i.str1.1
                0x0800edb9        0x0 /usr/lib/gcc/arm-none-eabi/16.2.0/../../../../arm-none-eabi/lib/thumb/v7e-m+fp/hard/libg_nano.a(libc_a-nano-vfprintf_i.o)
                                 0x22 (size before relaxing)
 .rodata._setlocale_r.str1.1
                0x0800edb9        0x0 /usr/lib/gcc/arm-none-eabi/16.2.0/../../../../arm-none-eabi/lib/thumb/v7e-m+fp/hard/libg_nano.a(libc_a-locale.o)
                                  0x9 (size before relaxing)
 .rodata.str1.1
                0x0800edb9        0x0 /usr/lib/gcc/arm-none-eabi/16.2.0/../../../../arm-none-eabi/lib/thumb/v7e-m+fp/hard/libg_nano.a(libc_a-locale.o)
                                  0x2 (size before relaxing)
 .rodata._dtoa_r.str1.1
                0x0800edb9        0x0 /usr/lib/gcc/arm-none-eabi/16.2.0/../../../../arm-none-eabi/lib/thumb/v7e-m+fp/hard/libg_nano.a(libc_a-dtoa.o)
                                 0x79 (size before relaxing)
 .rodata.__gethex.str1.1
                0x0800edb9        0x0 /usr/lib/gcc/arm-none-eabi/16.2.0/../../../../arm-none-eabi/lib/thumb/v7e-m+fp/hard/libg_nano.a(libc_a-gdtoa-gethex.o)
                                 0x5d (size before relaxing)
 .rodata._Balloc.str1.1
                0x0800edb9        0x0 /usr/lib/gcc/arm-none-eabi/16.2.0/../../../../arm-none-eabi/lib/thumb/v7e-m+fp/hard/libg_nano.a(libc_a-mprec.o)
                                 0x5a (size before relaxing)
 .rodata.__multadd.str1.1
                0x0800edb9        0x0 /usr/lib/gcc/arm-none-eabi/16.2.0/../../../../arm-none-eabi/lib/thumb/v7e-m+fp/hard/libg_nano.a(libc_a-mprec.o)
                                 0x11 (size before relaxing)
 *fill*         0x0800edb9        0x3 
 .rodata.p05.0  0x0800edbc        0xc /usr/lib/gcc/arm-none-eabi/16.2.0/../../../../arm-none-eabi/lib/thumb/v7e-m+fp/hard/libg_nano.a(libc_a-mprec.o)
 .rodata.__mprec_bigtens
                0x0800edc8       0x28 /usr/lib/gcc/arm-none-eabi/16.2.0/../../../../arm-none-eabi/lib/thumb/v7e-m+fp/hard/libg_nano.a(libc_a-mprec.o)
                0x0800edc8                __mprec_bigtens
 .rodata.__mprec_tens
                0x0800edf0       0xc8 /usr/lib/gcc/arm-none-eabi/16.2.0/../../../../arm-none-eabi/lib/thumb/v7e-m+fp/hard/libg_nano.a(libc_a-mprec.o)
                0x0800edf0                __mprec_tens
 .rodata.__assert_func.str1.1
                0x0800eeb8        0x0 /usr/lib/gcc/arm-none-eabi/16.2.0/../../../../arm-none-eabi/lib/thumb/v7e-m+fp/hard/libg_nano.a(libc_a-assert.o)
                                 0x3d (size before relaxing)
 .rodata._vfprintf_r.str1.1
                0x0800eeb8        0x0 /usr/lib/gcc/arm-none-eabi/16.2.0/../../../../arm-none-eabi/lib/thumb/v7e-m+fp/hard/libg_nano.a(libc_a-nano-vfprintf.o)
                                 0x11 (size before relaxing)
                0x0800eeb8                        . = ALIGN (0x4)

.ARM.extab      0x0800eeb8        0x0
                0x0800eeb8                        . = ALIGN (0x4)
 *(.ARM.extab* .gnu.linkonce.armextab.*)
                0x0800eeb8                        . = ALIGN (0x4)

.ARM            0x0800eeb8        0x8
                0x0800eeb8                        . = ALIGN (0x4)
                0x0800eeb8                        __exidx_start = .
 *(.ARM.exidx*)
 .ARM.exidx     0x0800eeb8        0x8 /usr/lib/gcc/arm-none-eabi/16.2.0/../../../../arm-none-eabi/lib/thumb/v7e-m+fp/hard/libg_nano.a(libc_a-memchr.o)
 .ARM.exidx     0x0800eec0        0x0 /usr/lib/gcc/arm-none-eabi/16.2.0/../../../../arm-none-eabi/lib/thumb/v7e-m+fp/hard/libg_nano.a(libc_a-strlen.o)
                                  0x8 (size before relaxing)
 .ARM.exidx.text.__udivmoddi4
                0x0800eec0        0x0 /usr/lib/gcc/arm-none-eabi/16.2.0/thumb/v7e-m+fp/hard/libgcc.a(_udivmoddi4.o)
                                  0x8 (size before relaxing)
                0x0800eec0                        __exidx_end = .
                0x0800eec0                        . = ALIGN (0x4)

.preinit_array  0x0800eec0        0x0
                0x0800eec0                        . = ALIGN (0x4)
                0x0800eec0                        PROVIDE (__preinit_array_start = .)
 *(.preinit_array*)
                0x0800eec0                        PROVIDE (__preinit_array_end = .)
                0x0800eec0                        . = ALIGN (0x4)

.init_array     0x0800eec0        0x4
                0x0800eec0                        . = ALIGN (0x4)
                0x0800eec0                        PROVIDE (__init_array_start = .)
 *(SORT_BY_NAME(.init_array.*))
 *(.init_array*)
 .init_array    0x0800eec0        0x4 /usr/lib/gcc/arm-none-eabi/16.2.0/thumb/v7e-m+fp/hard/crtbegin.o
                0x0800eec4                        PROVIDE (__init_array_end = .)
                0x0800eec4                        . = ALIGN (0x4)

.fini_array     0x0800eec4        0x4
                0x0800eec4                        . = ALIGN (0x4)
                0x0800eec4                        PROVIDE (__fini_array_start = .)
 *(SORT_BY_NAME(.fini_array.*))
 *(.fini_array*)
 .fini_array    0x0800eec4        0x4 /usr/lib/gcc/arm-none-eabi/16.2.0/thumb/v7e-m+fp/hard/crtbegin.o
                0x0800eec8                        PROVIDE (__fini_array_end = .)
                0x0800eec8                        . = ALIGN (0x4)
                0x0800eec8                        _sidata = LOADADDR (.data)

.rel.dyn        0x0800eec8        0x0
 .rel.iplt      0x0800eec8        0x0 /usr/lib/gcc/arm-none-eabi/16.2.0/thumb/v7e-m+fp/hard/crtbegin.o

.data           0x20000000      0x200 load address 0x0800eec8
                0x20000000                        . = ALIGN (0x4)
                0x20000000                        _sdata = .
 *(.data)
 *(.data*)
 .data.SystemCoreClock
                0x20000000        0x4 cmake/stm32cubemx/CMakeFiles/STM32_Drivers.dir/__/__/Core/Src/system_stm32f4xx.c.obj
                0x20000000                SystemCoreClock
 .data.uwTickPrio
                0x20000004        0x4 cmake/stm32cubemx/CMakeFiles/STM32_Drivers.dir/__/__/Drivers/STM32F4xx_HAL_Driver/Src/stm32f4xx_hal.c.obj
                0x20000004                uwTickPrio
 .data.uwTickFreq
                0x20000008        0x1 cmake/stm32cubemx/CMakeFiles/STM32_Drivers.dir/__/__/Drivers/STM32F4xx_HAL_Driver/Src/stm32f4xx_hal.c.obj
                0x20000008                uwTickFreq
 *fill*         0x20000009        0x3 
 .data.sea_level_pressure1
                0x2000000c        0x4 CMakeFiles/cube.dir/app/Src/app.c.obj
                0x2000000c                sea_level_pressure1
 .data.sea_level_pressure2
                0x20000010        0x4 CMakeFiles/cube.dir/app/Src/app.c.obj
                0x20000010                sea_level_pressure2
 .data.ukb_mode
                0x20000014        0x1 CMakeFiles/cube.dir/app/Src/rs232.c.obj
 *fill*         0x20000015        0x3 
 .data.pyro_channel1
                0x20000018       0x10 CMakeFiles/cube.dir/drivers/Src/pyro.c.obj
 .data.pyro_channel2
                0x20000028       0x10 CMakeFiles/cube.dir/drivers/Src/pyro.c.obj
 .data.__sglue  0x20000038        0xc /usr/lib/gcc/arm-none-eabi/16.2.0/../../../../arm-none-eabi/lib/thumb/v7e-m+fp/hard/libg_nano.a(libc_a-findfp.o)
                0x20000038                __sglue
 .data.__global_locale
                0x20000044      0x16c /usr/lib/gcc/arm-none-eabi/16.2.0/../../../../arm-none-eabi/lib/thumb/v7e-m+fp/hard/libg_nano.a(libc_a-locale.o)
                0x20000044                __global_locale
 .data._impure_ptr
                0x200001b0        0x4 /usr/lib/gcc/arm-none-eabi/16.2.0/../../../../arm-none-eabi/lib/thumb/v7e-m+fp/hard/libg_nano.a(libc_a-impure.o)
                0x200001b0                _impure_ptr
 .data._impure_data
                0x200001b4       0x4c /usr/lib/gcc/arm-none-eabi/16.2.0/../../../../arm-none-eabi/lib/thumb/v7e-m+fp/hard/libg_nano.a(libc_a-impure.o)
                0x200001b4                _impure_data
 *(.RamFunc)
 *(.RamFunc*)
                0x20000200                        . = ALIGN (0x4)

.igot.plt       0x20000200        0x0 load address 0x0800f0c8
 .igot.plt      0x20000200        0x0 /usr/lib/gcc/arm-none-eabi/16.2.0/thumb/v7e-m+fp/hard/crtbegin.o

.tdata          0x20000200        0x0 load address 0x0800f0c8
 *(.tdata .tdata.* .gnu.linkonce.td.*)
                0x20000200                        . = ALIGN (0x4)
                0x20000200                        _edata = .
                [!provide]                        PROVIDE (__data_end = .)
                [!provide]                        PROVIDE (__tdata_end = .)
                [!provide]                        PROVIDE (__tdata_start = ADDR (.tdata))
                [!provide]                        PROVIDE (__tdata_size = (__tdata_end - __tdata_start))
                [!provide]                        PROVIDE (__data_start = ADDR (.data))
                [!provide]                        PROVIDE (__data_size = (__data_end - __data_start))
                [!provide]                        PROVIDE (__tdata_source = LOADADDR (.tdata))
                [!provide]                        PROVIDE (__tdata_source_end = (LOADADDR (.tdata) + SIZEOF (.tdata)))
                [!provide]                        PROVIDE (__tdata_source_size = (__tdata_source_end - __tdata_source))
                [!provide]                        PROVIDE (__data_source = LOADADDR (.data))
                [!provide]                        PROVIDE (__data_source_end = __tdata_source_end)
                [!provide]                        PROVIDE (__data_source_size = (__data_source_end - __data_source))

.tbss           0x20000200        0x0 load address 0x0800f0c8
                0x20000200                        _sbss = .
                0x20000200                        __bss_start__ = _sbss
 *(.tbss .tbss.*)
                0x20000200                        . = ALIGN (0x4)
                [!provide]                        PROVIDE (__tbss_end = .)
                [!provide]                        PROVIDE (__tbss_start = ADDR (.tbss))
                [!provide]                        PROVIDE (__tbss_size = (__tbss_end - __tbss_start))
                [!provide]                        PROVIDE (__tbss_offset = (ADDR (.tbss) - ADDR (.tdata)))
                [!provide]                        PROVIDE (__tls_base = __tdata_start)
                [!provide]                        PROVIDE (__tls_end = __tbss_end)
                [!provide]                        PROVIDE (__tls_size = (__tls_end - __tls_base))
                [!provide]                        PROVIDE (__tls_align = MAX (ALIGNOF (.tdata), ALIGNOF (.tbss)))
                [!provide]                        PROVIDE (__tls_size_align = (((__tls_size + __tls_align) - 0x1) & ~ ((__tls_align - 0x1))))
                [!provide]                        PROVIDE (__arm32_tls_tcb_offset = MAX (0x8, __tls_align))
                [!provide]                        PROVIDE (__arm64_tls_tcb_offset = MAX (0x10, __tls_align))

.bss            0x20000200      0x8f8 load address 0x0800f0c8
 *(.bss)
 *(.bss*)
 .bss.completed.1
                0x20000200        0x1 /usr/lib/gcc/arm-none-eabi/16.2.0/thumb/v7e-m+fp/hard/crtbegin.o
 *fill*         0x20000201        0x3 
 .bss.object.0  0x20000204       0x18 /usr/lib/gcc/arm-none-eabi/16.2.0/thumb/v7e-m+fp/hard/crtbegin.o
 .bss.uwTick    0x2000021c        0x4 cmake/stm32cubemx/CMakeFiles/STM32_Drivers.dir/__/__/Drivers/STM32F4xx_HAL_Driver/Src/stm32f4xx_hal.c.obj
                0x2000021c                uwTick
 .bss.hi2c1     0x20000220       0x54 CMakeFiles/cube.dir/Core/Src/i2c.c.obj
                0x20000220                hi2c1
 .bss.hi2c2     0x20000274       0x54 CMakeFiles/cube.dir/Core/Src/i2c.c.obj
                0x20000274                hi2c2
 .bss.huart1    0x200002c8       0x48 CMakeFiles/cube.dir/Core/Src/usart.c.obj
                0x200002c8                huart1
 .bss.huart2    0x20000310       0x48 CMakeFiles/cube.dir/Core/Src/usart.c.obj
                0x20000310                huart2
 .bss.huart6    0x20000358       0x48 CMakeFiles/cube.dir/Core/Src/usart.c.obj
                0x20000358                huart6
 .bss.hdma_usart2_rx
                0x200003a0       0x60 CMakeFiles/cube.dir/Core/Src/usart.c.obj
                0x200003a0                hdma_usart2_rx
 .bss.hdma_usart2_tx
                0x20000400       0x60 CMakeFiles/cube.dir/Core/Src/usart.c.obj
                0x20000400                hdma_usart2_tx
 .bss.hdma_usart6_rx
                0x20000460       0x60 CMakeFiles/cube.dir/Core/Src/usart.c.obj
                0x20000460                hdma_usart6_rx
 .bss.hdma_usart6_tx
                0x200004c0       0x60 CMakeFiles/cube.dir/Core/Src/usart.c.obj
                0x200004c0                hdma_usart6_tx
 .bss.__sbrk_heap_end
                0x20000520        0x4 CMakeFiles/cube.dir/Core/Src/sysmem.c.obj
 .bss.myMPU6050
                0x20000524       0x2c CMakeFiles/cube.dir/app/Src/app.c.obj
 .bss.baro1     0x20000550       0x44 CMakeFiles/cube.dir/app/Src/app.c.obj
 .bss.baro2     0x20000594       0x44 CMakeFiles/cube.dir/app/Src/app.c.obj
 .bss.myLora    0x200005d8       0x48 CMakeFiles/cube.dir/app/Src/app.c.obj
 .bss.myGPS     0x20000620       0xd8 CMakeFiles/cube.dir/app/Src/app.c.obj
 .bss.gps_rx_bytes
                0x200006f8        0x4 CMakeFiles/cube.dir/app/Src/app.c.obj
 .bss.gps_lines
                0x200006fc        0x4 CMakeFiles/cube.dir/app/Src/app.c.obj
 .bss.gps_rx_restarts
                0x20000700        0x4 CMakeFiles/cube.dir/app/Src/app.c.obj
 .bss.gps_max_sats
                0x20000704        0x1 CMakeFiles/cube.dir/app/Src/app.c.obj
 *fill*         0x20000705        0x3 
 .bss.gps_last_line
                0x20000708       0x60 CMakeFiles/cube.dir/app/Src/app.c.obj
 .bss.baro1_stats
                0x20000768       0x10 CMakeFiles/cube.dir/app/Src/app.c.obj
 .bss.baro2_stats
                0x20000778       0x10 CMakeFiles/cube.dir/app/Src/app.c.obj
 .bss.avionics_health
                0x20000788       0x10 CMakeFiles/cube.dir/app/Src/app.c.obj
 .bss.mpu_healthy
                0x20000798        0x1 CMakeFiles/cube.dir/app/Src/app.c.obj
 *fill*         0x20000799        0x3 
 .bss.pitch_cf  0x2000079c        0xc CMakeFiles/cube.dir/app/Src/app.c.obj
 .bss.roll_cf   0x200007a8        0xc CMakeFiles/cube.dir/app/Src/app.c.obj
 .bss.imu_last_tick
                0x200007b4        0x4 CMakeFiles/cube.dir/app/Src/app.c.obj
 .bss.baro_last_tick
                0x200007b8        0x4 CMakeFiles/cube.dir/app/Src/app.c.obj
 .bss.lora_last_tick
                0x200007bc        0x4 CMakeFiles/cube.dir/app/Src/app.c.obj
 .bss.lorast    0x200007c0        0x1 CMakeFiles/cube.dir/app/Src/app.c.obj
 *fill*         0x200007c1        0x3 
 .bss.print_last_tick
                0x200007c4        0x4 CMakeFiles/cube.dir/app/Src/app.c.obj
 .bss.sit_arming
                0x200007c8        0x1 CMakeFiles/cube.dir/app/Src/app.c.obj
 .bss.sit_active
                0x200007c9        0x1 CMakeFiles/cube.dir/app/Src/app.c.obj
 *fill*         0x200007ca        0x2 
 .bss.sit_arm_tick
                0x200007cc        0x4 CMakeFiles/cube.dir/app/Src/app.c.obj
 .bss.sit_last_tick
                0x200007d0        0x4 CMakeFiles/cube.dir/app/Src/app.c.obj
 .bss.sitst     0x200007d4        0x1 CMakeFiles/cube.dir/app/Src/app.c.obj
 .bss.sut_arming
                0x200007d5        0x1 CMakeFiles/cube.dir/app/Src/app.c.obj
 .bss.sut_active
                0x200007d6        0x1 CMakeFiles/cube.dir/app/Src/app.c.obj
 *fill*         0x200007d7        0x1 
 .bss.sut_arm_tick
                0x200007d8        0x4 CMakeFiles/cube.dir/app/Src/app.c.obj
 .bss.sut_last_tx_tick
                0x200007dc        0x4 CMakeFiles/cube.dir/app/Src/app.c.obj
 .bss.sut_last_data_tick
                0x200007e0        0x4 CMakeFiles/cube.dir/app/Src/app.c.obj
 .bss.sut_data_stale
                0x200007e4        0x1 CMakeFiles/cube.dir/app/Src/app.c.obj
 *fill*         0x200007e5        0x3 
 .bss.sut_sample_count
                0x200007e8        0x4 CMakeFiles/cube.dir/app/Src/app.c.obj
 .bss.sutst     0x200007ec        0x1 CMakeFiles/cube.dir/app/Src/app.c.obj
 *fill*         0x200007ed        0x3 
 .bss.sut_pressure_mbar
                0x200007f0        0x4 CMakeFiles/cube.dir/app/Src/app.c.obj
 .bss.sut_max_acc_raw
                0x200007f4        0x4 CMakeFiles/cube.dir/app/Src/app.c.obj
 .bss.sut_max_alt_seen
                0x200007f8        0x4 CMakeFiles/cube.dir/app/Src/app.c.obj
 .bss.sut_peak_ax
                0x200007fc        0x4 CMakeFiles/cube.dir/app/Src/app.c.obj
 .bss.sut_peak_ay
                0x20000800        0x4 CMakeFiles/cube.dir/app/Src/app.c.obj
 .bss.sut_peak_az
                0x20000804        0x4 CMakeFiles/cube.dir/app/Src/app.c.obj
 .bss.sut_first_ax
                0x20000808        0x4 CMakeFiles/cube.dir/app/Src/app.c.obj
 .bss.sut_first_ay
                0x2000080c        0x4 CMakeFiles/cube.dir/app/Src/app.c.obj
 .bss.sut_first_az
                0x20000810        0x4 CMakeFiles/cube.dir/app/Src/app.c.obj
 .bss.sut_lpf_alt
                0x20000814        0xc CMakeFiles/cube.dir/app/Src/app.c.obj
 .bss.sut_lpf_ax
                0x20000820        0xc CMakeFiles/cube.dir/app/Src/app.c.obj
 .bss.sut_lpf_ay
                0x2000082c        0xc CMakeFiles/cube.dir/app/Src/app.c.obj
 .bss.sut_lpf_az
                0x20000838        0xc CMakeFiles/cube.dir/app/Src/app.c.obj
 .bss.sut_lpf_angx
                0x20000844        0xc CMakeFiles/cube.dir/app/Src/app.c.obj
 .bss.sut_lpf_angy
                0x20000850        0xc CMakeFiles/cube.dir/app/Src/app.c.obj
 .bss.sut_lpf_angz
                0x2000085c        0xc CMakeFiles/cube.dir/app/Src/app.c.obj
 .bss.rs232_hb_last_tick
                0x20000868        0x4 CMakeFiles/cube.dir/app/Src/app.c.obj
 .bss.hbst      0x2000086c        0x1 CMakeFiles/cube.dir/app/Src/app.c.obj
 *fill*         0x2000086d        0x3 
 .bss.rocket_pitch
                0x20000870        0x4 CMakeFiles/cube.dir/app/Src/app.c.obj
                0x20000870                rocket_pitch
 .bss.rocket_roll
                0x20000874        0x4 CMakeFiles/cube.dir/app/Src/app.c.obj
                0x20000874                rocket_roll
 .bss.rocket_yaw
                0x20000878        0x4 CMakeFiles/cube.dir/app/Src/app.c.obj
                0x20000878                rocket_yaw
 .bss.rocket_altitude
                0x2000087c        0x4 CMakeFiles/cube.dir/app/Src/app.c.obj
                0x2000087c                rocket_altitude
 .bss.ax        0x20000880        0x4 CMakeFiles/cube.dir/app/Src/app.c.obj
 .bss.ay        0x20000884        0x4 CMakeFiles/cube.dir/app/Src/app.c.obj
 .bss.az        0x20000888        0x4 CMakeFiles/cube.dir/app/Src/app.c.obj
 .bss.gx        0x2000088c        0x4 CMakeFiles/cube.dir/app/Src/app.c.obj
 .bss.gy        0x20000890        0x4 CMakeFiles/cube.dir/app/Src/app.c.obj
 .bss.gz        0x20000894        0x4 CMakeFiles/cube.dir/app/Src/app.c.obj
 .bss.alt1.1    0x20000898        0x4 CMakeFiles/cube.dir/app/Src/app.c.obj
 .bss.alt2.0    0x2000089c        0x4 CMakeFiles/cube.dir/app/Src/app.c.obj
 .bss.current_flight_state
                0x200008a0        0x1 CMakeFiles/cube.dir/app/Src/flight_sm.c.obj
                0x200008a0                current_flight_state
 *fill*         0x200008a1        0x3 
 .bss.flight_events
                0x200008a4        0x8 CMakeFiles/cube.dir/app/Src/flight_sm.c.obj
                0x200008a4                flight_events
 .bss.apogee_tracker
                0x200008ac        0x8 CMakeFiles/cube.dir/app/Src/flight_sm.c.obj
 .bss.stability_timer
                0x200008b4        0x4 CMakeFiles/cube.dir/app/Src/flight_sm.c.obj
 .bss.last_alt_sample
                0x200008b8        0x4 CMakeFiles/cube.dir/app/Src/flight_sm.c.obj
 .bss.main_chute_fired
                0x200008bc        0x1 CMakeFiles/cube.dir/app/Src/flight_sm.c.obj
 *fill*         0x200008bd        0x3 
 .bss.rx_buf    0x200008c0       0x80 CMakeFiles/cube.dir/app/Src/rs232.c.obj
 .bss.flag_sit_pending
                0x20000940        0x1 CMakeFiles/cube.dir/app/Src/rs232.c.obj
                0x20000940                flag_sit_pending
 .bss.flag_sut_pending
                0x20000941        0x1 CMakeFiles/cube.dir/app/Src/rs232.c.obj
                0x20000941                flag_sut_pending
 .bss.flag_stop_pending
                0x20000942        0x1 CMakeFiles/cube.dir/app/Src/rs232.c.obj
                0x20000942                flag_stop_pending
 .bss.flag_sut_data_ready
                0x20000943        0x1 CMakeFiles/cube.dir/app/Src/rs232.c.obj
                0x20000943                flag_sut_data_ready
 .bss.ukb_sut_data
                0x20000944       0x24 CMakeFiles/cube.dir/app/Src/rs232.c.obj
                0x20000944                ukb_sut_data
 .bss.ukb_sut_data_len
                0x20000968        0x2 CMakeFiles/cube.dir/app/Src/rs232.c.obj
                0x20000968                ukb_sut_data_len
 *fill*         0x2000096a        0x2 
 .bss.ukb_sut_rx_count
                0x2000096c        0x4 CMakeFiles/cube.dir/app/Src/rs232.c.obj
                0x2000096c                ukb_sut_rx_count
 .bss.ukb_sut_cks_errors
                0x20000970        0x4 CMakeFiles/cube.dir/app/Src/rs232.c.obj
                0x20000970                ukb_sut_cks_errors
 .bss.rx_read_pos
                0x20000974        0x2 CMakeFiles/cube.dir/app/Src/rs232.c.obj
 *fill*         0x20000976        0x2 
 .bss.frame     0x20000978       0x24 CMakeFiles/cube.dir/app/Src/rs232.c.obj
 .bss.frame_len
                0x2000099c        0x2 CMakeFiles/cube.dir/app/Src/rs232.c.obj
 .bss.frame_expect
                0x2000099e        0x2 CMakeFiles/cube.dir/app/Src/rs232.c.obj
 .bss.ukb_rx_errors
                0x200009a0        0x4 CMakeFiles/cube.dir/app/Src/rs232.c.obj
                0x200009a0                ukb_rx_errors
 .bss.ukb_rx_last_error
                0x200009a4        0x4 CMakeFiles/cube.dir/app/Src/rs232.c.obj
                0x200009a4                ukb_rx_last_error
 .bss.ukb_rx_restarts
                0x200009a8        0x4 CMakeFiles/cube.dir/app/Src/rs232.c.obj
                0x200009a8                ukb_rx_restarts
 .bss.__sf      0x200009ac      0x138 /usr/lib/gcc/arm-none-eabi/16.2.0/../../../../arm-none-eabi/lib/thumb/v7e-m+fp/hard/libg_nano.a(libc_a-findfp.o)
                0x200009ac                __sf
 .bss.__stdio_exit_handler
                0x20000ae4        0x4 /usr/lib/gcc/arm-none-eabi/16.2.0/../../../../arm-none-eabi/lib/thumb/v7e-m+fp/hard/libg_nano.a(libc_a-findfp.o)
                0x20000ae4                __stdio_exit_handler
 .bss.errno     0x20000ae8        0x4 /usr/lib/gcc/arm-none-eabi/16.2.0/../../../../arm-none-eabi/lib/thumb/v7e-m+fp/hard/libg_nano.a(libc_a-reent.o)
                0x20000ae8                errno
 .bss.__lock___malloc_recursive_mutex
                0x20000aec        0x1 /usr/lib/gcc/arm-none-eabi/16.2.0/../../../../arm-none-eabi/lib/thumb/v7e-m+fp/hard/libg_nano.a(libc_a-lock.o)
                0x20000aec                __lock___malloc_recursive_mutex
 .bss.__lock___sfp_recursive_mutex
                0x20000aed        0x1 /usr/lib/gcc/arm-none-eabi/16.2.0/../../../../arm-none-eabi/lib/thumb/v7e-m+fp/hard/libg_nano.a(libc_a-lock.o)
                0x20000aed                __lock___sfp_recursive_mutex
 *fill*         0x20000aee        0x2 
 .bss.__malloc_sbrk_start
                0x20000af0        0x4 /usr/lib/gcc/arm-none-eabi/16.2.0/../../../../arm-none-eabi/lib/thumb/v7e-m+fp/hard/libg_nano.a(libc_a-mallocr.o)
                0x20000af0                __malloc_sbrk_start
 .bss.__malloc_free_list