/home/alp/FCC_Drivers/app/Src/rs232_loopback.c:91:13:Usart6_Flush	16	static
/home/alp/FCC_Drivers/app/Src/rs232_loopback.c:105:16:Usart6_ReceiveByte	32	static
/home/alp/FCC_Drivers/app/Src/rs232_loopback.c:122:20:SrErrorText	16	static
/home/alp/FCC_Drivers/app/Src/rs232_loopback.c:131:6:RS232_Loopback_Init	16	static
/home/alp/FCC_Drivers/app/Src/rs232_loopback.c:158:16:LoopByte	24	static
/home/alp/FCC_Drivers/app/Src/rs232_loopback.c:175:13:Printable	16	static
/home/alp/FCC_Drivers/app/Src/rs232_loopback.c:183:17:BinaryPatternCheck	24	static
/home/alp/FCC_Drivers/app/Src/rs232_loopback.c:199:13:RS232_Loopback_SelfTest	816	static
/home/alp/FCC_Drivers/app/Src/rs232_loopback.c:296:13:RS232_Loopback_Echo	16	static
/home/alp/FCC_Drivers/app/Src/rs232_loopback.c:319:6:RS232_Loopback_Run	8	static
