/home/alp/FCC_Drivers/app/Src/rs232.c:86:6:UKB_RS232_Init	8	static
/home/alp/FCC_Drivers/app/Src/rs232.c:99:13:UKB_RS232_GetMode	4	static
/home/alp/FCC_Drivers/app/Src/rs232.c:108:13:UKB_HandleFrame	40	static
/home/alp/FCC_Drivers/app/Src/rs232.c:176:13:UKB_FeedByte	16	static
/home/alp/FCC_Drivers/app/Src/rs232.c:228:6:HAL_UARTEx_RxEventCallback	24	static
/home/alp/FCC_Drivers/app/Src/rs232.c:324:6:HAL_UART_ErrorCallback	24	static
/home/alp/FCC_Drivers/app/Src/rs232.c:369:9:UKB_Checksum	24	static
/home/alp/FCC_Drivers/app/Src/rs232.c:414:14:UKB_Round2	16	static
/home/alp/FCC_Drivers/app/Src/rs232.c:419:17:UKB_PackFloat	24	static
/home/alp/FCC_Drivers/app/Src/rs232.c:438:14:UKB_UnpackFloat	24	static
/home/alp/FCC_Drivers/app/Src/rs232.c:455:6:UKB_ParseSensorPacket	16	static
/home/alp/FCC_Drivers/app/Src/rs232.c:475:19:UKB_RS232_SendSensorPacket	56	static
/home/alp/FCC_Drivers/app/Src/rs232.c:511:19:UKB_RS232_SendStatusPacket	24	static
/home/alp/FCC_Drivers/app/Src/rs232.c:529:19:UKB_RS232_SendText	24	static
